<?xml version="1.0" encoding="ISO-8859-1" ?>
<link_info>
   <banner>TI ARM Linker PC v20.2.1.LTS</banner>
   <copyright>Copyright (c) 1996-2018 Texas Instruments Incorporated</copyright>
   <link_time>0x5fcf1777</link_time>
   <link_errors>0x0</link_errors>
   <output_file>chip8.out</output_file>
   <entry_point>
      <name>_c_int00_noargs</name>
      <address>0x4d55</address>
   </entry_point>
   <input_file_list>
      <input_file id="fl-2">
         <path>.\</path>
         <kind>object</kind>
         <file>HAL_I2C.obj</file>
         <name>HAL_I2C.obj</name>
      </input_file>
      <input_file id="fl-3">
         <path>.\</path>
         <kind>object</kind>
         <file>HAL_TMP006.obj</file>
         <name>HAL_TMP006.obj</name>
      </input_file>
      <input_file id="fl-4">
         <path>.\</path>
         <kind>object</kind>
         <file>chip8.obj</file>
         <name>chip8.obj</name>
      </input_file>
      <input_file id="fl-5">
         <path>.\</path>
         <kind>object</kind>
         <file>play.obj</file>
         <name>play.obj</name>
      </input_file>
      <input_file id="fl-6">
         <path>.\</path>
         <kind>object</kind>
         <file>system_msp432p401r.obj</file>
         <name>system_msp432p401r.obj</name>
      </input_file>
      <input_file id="fl-7">
         <path>.\LcdDriver\</path>
         <kind>object</kind>
         <file>Crystalfontz128x128_ST7735.obj</file>
         <name>Crystalfontz128x128_ST7735.obj</name>
      </input_file>
      <input_file id="fl-8">
         <path>.\LcdDriver\</path>
         <kind>object</kind>
         <file>HAL_MSP_EXP432P401R_Crystalfontz128x128_ST7735.obj</file>
         <name>HAL_MSP_EXP432P401R_Crystalfontz128x128_ST7735.obj</name>
      </input_file>
      <input_file id="fl-9">
         <path>.\ccs\</path>
         <kind>object</kind>
         <file>startup_msp432p401r_ccs.obj</file>
         <name>startup_msp432p401r_ccs.obj</name>
      </input_file>
      <input_file id="fl-14">
         <kind>object</kind>
         <file>&lt;internal&gt;</file>
         <name>&lt;internal&gt;</name>
      </input_file>
      <input_file id="fl-15">
         <path>C:\ti\simplelink_msp432p4_sdk_3_40_01_02\source\ti\grlib\lib\ccs\m4f\</path>
         <kind>archive</kind>
         <file>grlib.a</file>
         <name>context.obj</name>
      </input_file>
      <input_file id="fl-16">
         <path>C:\ti\simplelink_msp432p4_sdk_3_40_01_02\source\ti\grlib\lib\ccs\m4f\</path>
         <kind>archive</kind>
         <file>grlib.a</file>
         <name>display.obj</name>
      </input_file>
      <input_file id="fl-17">
         <path>C:\ti\simplelink_msp432p4_sdk_3_40_01_02\source\ti\grlib\lib\ccs\m4f\</path>
         <kind>archive</kind>
         <file>grlib.a</file>
         <name>fontcm12b.obj</name>
      </input_file>
      <input_file id="fl-18">
         <path>C:\ti\simplelink_msp432p4_sdk_3_40_01_02\source\ti\grlib\lib\ccs\m4f\</path>
         <kind>archive</kind>
         <file>grlib.a</file>
         <name>rectangle.obj</name>
      </input_file>
      <input_file id="fl-19">
         <path>C:\ti\simplelink_msp432p4_sdk_3_40_01_02\source\ti\grlib\lib\ccs\m4f\</path>
         <kind>archive</kind>
         <file>grlib.a</file>
         <name>line.obj</name>
      </input_file>
      <input_file id="fl-1a">
         <path>C:\ti\simplelink_msp432p4_sdk_3_40_01_02\source\ti\devices\msp432p4xx\driverlib\ccs\</path>
         <kind>archive</kind>
         <file>msp432p4xx_driverlib.lib</file>
         <name>adc14.o</name>
      </input_file>
      <input_file id="fl-1b">
         <path>C:\ti\simplelink_msp432p4_sdk_3_40_01_02\source\ti\devices\msp432p4xx\driverlib\ccs\</path>
         <kind>archive</kind>
         <file>msp432p4xx_driverlib.lib</file>
         <name>gpio.o</name>
      </input_file>
      <input_file id="fl-1c">
         <path>C:\ti\simplelink_msp432p4_sdk_3_40_01_02\source\ti\devices\msp432p4xx\driverlib\ccs\</path>
         <kind>archive</kind>
         <file>msp432p4xx_driverlib.lib</file>
         <name>i2c.o</name>
      </input_file>
      <input_file id="fl-1d">
         <path>C:\ti\simplelink_msp432p4_sdk_3_40_01_02\source\ti\devices\msp432p4xx\driverlib\ccs\</path>
         <kind>archive</kind>
         <file>msp432p4xx_driverlib.lib</file>
         <name>interrupt.o</name>
      </input_file>
      <input_file id="fl-1e">
         <path>C:\ti\simplelink_msp432p4_sdk_3_40_01_02\source\ti\devices\msp432p4xx\driverlib\ccs\</path>
         <kind>archive</kind>
         <file>msp432p4xx_driverlib.lib</file>
         <name>spi.o</name>
      </input_file>
      <input_file id="fl-1f">
         <path>C:\ti\simplelink_msp432p4_sdk_3_40_01_02\source\ti\devices\msp432p4xx\driverlib\ccs\</path>
         <kind>archive</kind>
         <file>msp432p4xx_driverlib.lib</file>
         <name>timer32.o</name>
      </input_file>
      <input_file id="fl-20">
         <path>C:\ti\simplelink_msp432p4_sdk_3_40_01_02\source\ti\devices\msp432p4xx\driverlib\ccs\</path>
         <kind>archive</kind>
         <file>msp432p4xx_driverlib.lib</file>
         <name>cpu.o</name>
      </input_file>
      <input_file id="fl-d6">
         <path>C:\ti\ccs1010\ccs\tools\compiler\ti-cgt-arm_20.2.1.LTS\lib\</path>
         <kind>archive</kind>
         <file>rtsv7M4_T_le_v4SPD16_eabi.lib</file>
         <name>e_pow.c.obj</name>
      </input_file>
      <input_file id="fl-d7">
         <path>C:\ti\ccs1010\ccs\tools\compiler\ti-cgt-arm_20.2.1.LTS\lib\</path>
         <kind>archive</kind>
         <file>rtsv7M4_T_le_v4SPD16_eabi.lib</file>
         <name>e_sqrt.c.obj</name>
      </input_file>
      <input_file id="fl-d8">
         <path>C:\ti\ccs1010\ccs\tools\compiler\ti-cgt-arm_20.2.1.LTS\lib\</path>
         <kind>archive</kind>
         <file>rtsv7M4_T_le_v4SPD16_eabi.lib</file>
         <name>s_scalbn.c.obj</name>
      </input_file>
      <input_file id="fl-d9">
         <path>C:\ti\ccs1010\ccs\tools\compiler\ti-cgt-arm_20.2.1.LTS\lib\</path>
         <kind>archive</kind>
         <file>rtsv7M4_T_le_v4SPD16_eabi.lib</file>
         <name>printf.c.obj</name>
      </input_file>
      <input_file id="fl-da">
         <path>C:\ti\ccs1010\ccs\tools\compiler\ti-cgt-arm_20.2.1.LTS\lib\</path>
         <kind>archive</kind>
         <file>rtsv7M4_T_le_v4SPD16_eabi.lib</file>
         <name>_printfi.c.obj</name>
      </input_file>
      <input_file id="fl-db">
         <path>C:\ti\ccs1010\ccs\tools\compiler\ti-cgt-arm_20.2.1.LTS\lib\</path>
         <kind>archive</kind>
         <file>rtsv7M4_T_le_v4SPD16_eabi.lib</file>
         <name>fclose.c.obj</name>
      </input_file>
      <input_file id="fl-dc">
         <path>C:\ti\ccs1010\ccs\tools\compiler\ti-cgt-arm_20.2.1.LTS\lib\</path>
         <kind>archive</kind>
         <file>rtsv7M4_T_le_v4SPD16_eabi.lib</file>
         <name>fflush.c.obj</name>
      </input_file>
      <input_file id="fl-dd">
         <path>C:\ti\ccs1010\ccs\tools\compiler\ti-cgt-arm_20.2.1.LTS\lib\</path>
         <kind>archive</kind>
         <file>rtsv7M4_T_le_v4SPD16_eabi.lib</file>
         <name>fopen.c.obj</name>
      </input_file>
      <input_file id="fl-de">
         <path>C:\ti\ccs1010\ccs\tools\compiler\ti-cgt-arm_20.2.1.LTS\lib\</path>
         <kind>archive</kind>
         <file>rtsv7M4_T_le_v4SPD16_eabi.lib</file>
         <name>fputc.c.obj</name>
      </input_file>
      <input_file id="fl-df">
         <path>C:\ti\ccs1010\ccs\tools\compiler\ti-cgt-arm_20.2.1.LTS\lib\</path>
         <kind>archive</kind>
         <file>rtsv7M4_T_le_v4SPD16_eabi.lib</file>
         <name>fputs.c.obj</name>
      </input_file>
      <input_file id="fl-e0">
         <path>C:\ti\ccs1010\ccs\tools\compiler\ti-cgt-arm_20.2.1.LTS\lib\</path>
         <kind>archive</kind>
         <file>rtsv7M4_T_le_v4SPD16_eabi.lib</file>
         <name>fread.c.obj</name>
      </input_file>
      <input_file id="fl-e1">
         <path>C:\ti\ccs1010\ccs\tools\compiler\ti-cgt-arm_20.2.1.LTS\lib\</path>
         <kind>archive</kind>
         <file>rtsv7M4_T_le_v4SPD16_eabi.lib</file>
         <name>_bufread.c.obj</name>
      </input_file>
      <input_file id="fl-e2">
         <path>C:\ti\ccs1010\ccs\tools\compiler\ti-cgt-arm_20.2.1.LTS\lib\</path>
         <kind>archive</kind>
         <file>rtsv7M4_T_le_v4SPD16_eabi.lib</file>
         <name>_io_perm.c.obj</name>
      </input_file>
      <input_file id="fl-e3">
         <path>C:\ti\ccs1010\ccs\tools\compiler\ti-cgt-arm_20.2.1.LTS\lib\</path>
         <kind>archive</kind>
         <file>rtsv7M4_T_le_v4SPD16_eabi.lib</file>
         <name>setvbuf.c.obj</name>
      </input_file>
      <input_file id="fl-e4">
         <path>C:\ti\ccs1010\ccs\tools\compiler\ti-cgt-arm_20.2.1.LTS\lib\</path>
         <kind>archive</kind>
         <file>rtsv7M4_T_le_v4SPD16_eabi.lib</file>
         <name>memset_t2.asm.obj</name>
      </input_file>
      <input_file id="fl-e5">
         <path>C:\ti\ccs1010\ccs\tools\compiler\ti-cgt-arm_20.2.1.LTS\lib\</path>
         <kind>archive</kind>
         <file>rtsv7M4_T_le_v4SPD16_eabi.lib</file>
         <name>fd_add_t2.asm.obj</name>
      </input_file>
      <input_file id="fl-e6">
         <path>C:\ti\ccs1010\ccs\tools\compiler\ti-cgt-arm_20.2.1.LTS\lib\</path>
         <kind>archive</kind>
         <file>rtsv7M4_T_le_v4SPD16_eabi.lib</file>
         <name>fd_cmp_t2.asm.obj</name>
      </input_file>
      <input_file id="fl-e7">
         <path>C:\ti\ccs1010\ccs\tools\compiler\ti-cgt-arm_20.2.1.LTS\lib\</path>
         <kind>archive</kind>
         <file>rtsv7M4_T_le_v4SPD16_eabi.lib</file>
         <name>fd_div_t2.asm.obj</name>
      </input_file>
      <input_file id="fl-e8">
         <path>C:\ti\ccs1010\ccs\tools\compiler\ti-cgt-arm_20.2.1.LTS\lib\</path>
         <kind>archive</kind>
         <file>rtsv7M4_T_le_v4SPD16_eabi.lib</file>
         <name>fd_mul_t2.asm.obj</name>
      </input_file>
      <input_file id="fl-e9">
         <path>C:\ti\ccs1010\ccs\tools\compiler\ti-cgt-arm_20.2.1.LTS\lib\</path>
         <kind>archive</kind>
         <file>rtsv7M4_T_le_v4SPD16_eabi.lib</file>
         <name>fd_toi_t2.asm.obj</name>
      </input_file>
      <input_file id="fl-ea">
         <path>C:\ti\ccs1010\ccs\tools\compiler\ti-cgt-arm_20.2.1.LTS\lib\</path>
         <kind>archive</kind>
         <file>rtsv7M4_T_le_v4SPD16_eabi.lib</file>
         <name>i_tofd_t2.asm.obj</name>
      </input_file>
      <input_file id="fl-eb">
         <path>C:\ti\ccs1010\ccs\tools\compiler\ti-cgt-arm_20.2.1.LTS\lib\</path>
         <kind>archive</kind>
         <file>rtsv7M4_T_le_v4SPD16_eabi.lib</file>
         <name>memcpy_t2.asm.obj</name>
      </input_file>
      <input_file id="fl-ec">
         <path>C:\ti\ccs1010\ccs\tools\compiler\ti-cgt-arm_20.2.1.LTS\lib\</path>
         <kind>archive</kind>
         <file>rtsv7M4_T_le_v4SPD16_eabi.lib</file>
         <name>ull_div_t2.asm.obj</name>
      </input_file>
      <input_file id="fl-ed">
         <path>C:\ti\ccs1010\ccs\tools\compiler\ti-cgt-arm_20.2.1.LTS\lib\</path>
         <kind>archive</kind>
         <file>rtsv7M4_T_le_v4SPD16_eabi.lib</file>
         <name>copy_zero_init.c.obj</name>
      </input_file>
      <input_file id="fl-ee">
         <path>C:\ti\ccs1010\ccs\tools\compiler\ti-cgt-arm_20.2.1.LTS\lib\</path>
         <kind>archive</kind>
         <file>rtsv7M4_T_le_v4SPD16_eabi.lib</file>
         <name>copy_decompress_none.c.obj</name>
      </input_file>
      <input_file id="fl-ef">
         <path>C:\ti\ccs1010\ccs\tools\compiler\ti-cgt-arm_20.2.1.LTS\lib\</path>
         <kind>archive</kind>
         <file>rtsv7M4_T_le_v4SPD16_eabi.lib</file>
         <name>copy_decompress_lzss.c.obj</name>
      </input_file>
      <input_file id="fl-f0">
         <path>C:\ti\ccs1010\ccs\tools\compiler\ti-cgt-arm_20.2.1.LTS\lib\</path>
         <kind>archive</kind>
         <file>rtsv7M4_T_le_v4SPD16_eabi.lib</file>
         <name>exit.c.obj</name>
      </input_file>
      <input_file id="fl-f1">
         <path>C:\ti\ccs1010\ccs\tools\compiler\ti-cgt-arm_20.2.1.LTS\lib\</path>
         <kind>archive</kind>
         <file>rtsv7M4_T_le_v4SPD16_eabi.lib</file>
         <name>_lock.c.obj</name>
      </input_file>
      <input_file id="fl-f2">
         <path>C:\ti\ccs1010\ccs\tools\compiler\ti-cgt-arm_20.2.1.LTS\lib\</path>
         <kind>archive</kind>
         <file>rtsv7M4_T_le_v4SPD16_eabi.lib</file>
         <name>_ltoa.c.obj</name>
      </input_file>
      <input_file id="fl-f3">
         <path>C:\ti\ccs1010\ccs\tools\compiler\ti-cgt-arm_20.2.1.LTS\lib\</path>
         <kind>archive</kind>
         <file>rtsv7M4_T_le_v4SPD16_eabi.lib</file>
         <name>atoi.c.obj</name>
      </input_file>
      <input_file id="fl-f4">
         <path>C:\ti\ccs1010\ccs\tools\compiler\ti-cgt-arm_20.2.1.LTS\lib\</path>
         <kind>archive</kind>
         <file>rtsv7M4_T_le_v4SPD16_eabi.lib</file>
         <name>ctype.c.obj</name>
      </input_file>
      <input_file id="fl-f5">
         <path>C:\ti\ccs1010\ccs\tools\compiler\ti-cgt-arm_20.2.1.LTS\lib\</path>
         <kind>archive</kind>
         <file>rtsv7M4_T_le_v4SPD16_eabi.lib</file>
         <name>defs.c.obj</name>
      </input_file>
      <input_file id="fl-f6">
         <path>C:\ti\ccs1010\ccs\tools\compiler\ti-cgt-arm_20.2.1.LTS\lib\</path>
         <kind>archive</kind>
         <file>rtsv7M4_T_le_v4SPD16_eabi.lib</file>
         <name>memccpy.c.obj</name>
      </input_file>
      <input_file id="fl-f7">
         <path>C:\ti\ccs1010\ccs\tools\compiler\ti-cgt-arm_20.2.1.LTS\lib\</path>
         <kind>archive</kind>
         <file>rtsv7M4_T_le_v4SPD16_eabi.lib</file>
         <name>memchr.c.obj</name>
      </input_file>
      <input_file id="fl-f8">
         <path>C:\ti\ccs1010\ccs\tools\compiler\ti-cgt-arm_20.2.1.LTS\lib\</path>
         <kind>archive</kind>
         <file>rtsv7M4_T_le_v4SPD16_eabi.lib</file>
         <name>memory.c.obj</name>
      </input_file>
      <input_file id="fl-f9">
         <path>C:\ti\ccs1010\ccs\tools\compiler\ti-cgt-arm_20.2.1.LTS\lib\</path>
         <kind>archive</kind>
         <file>rtsv7M4_T_le_v4SPD16_eabi.lib</file>
         <name>rand.c.obj</name>
      </input_file>
      <input_file id="fl-fa">
         <path>C:\ti\ccs1010\ccs\tools\compiler\ti-cgt-arm_20.2.1.LTS\lib\</path>
         <kind>archive</kind>
         <file>rtsv7M4_T_le_v4SPD16_eabi.lib</file>
         <name>strchr.c.obj</name>
      </input_file>
      <input_file id="fl-fb">
         <path>C:\ti\ccs1010\ccs\tools\compiler\ti-cgt-arm_20.2.1.LTS\lib\</path>
         <kind>archive</kind>
         <file>rtsv7M4_T_le_v4SPD16_eabi.lib</file>
         <name>strlen.c.obj</name>
      </input_file>
      <input_file id="fl-fc">
         <path>C:\ti\ccs1010\ccs\tools\compiler\ti-cgt-arm_20.2.1.LTS\lib\</path>
         <kind>archive</kind>
         <file>rtsv7M4_T_le_v4SPD16_eabi.lib</file>
         <name>write.c.obj</name>
      </input_file>
      <input_file id="fl-fd">
         <path>C:\ti\ccs1010\ccs\tools\compiler\ti-cgt-arm_20.2.1.LTS\lib\</path>
         <kind>archive</kind>
         <file>rtsv7M4_T_le_v4SPD16_eabi.lib</file>
         <name>host_device.c.obj</name>
      </input_file>
      <input_file id="fl-fe">
         <path>C:\ti\ccs1010\ccs\tools\compiler\ti-cgt-arm_20.2.1.LTS\lib\</path>
         <kind>archive</kind>
         <file>rtsv7M4_T_le_v4SPD16_eabi.lib</file>
         <name>time.c.obj</name>
      </input_file>
      <input_file id="fl-ff">
         <path>C:\ti\ccs1010\ccs\tools\compiler\ti-cgt-arm_20.2.1.LTS\lib\</path>
         <kind>archive</kind>
         <file>rtsv7M4_T_le_v4SPD16_eabi.lib</file>
         <name>remove.c.obj</name>
      </input_file>
      <input_file id="fl-100">
         <path>C:\ti\ccs1010\ccs\tools\compiler\ti-cgt-arm_20.2.1.LTS\lib\</path>
         <kind>archive</kind>
         <file>rtsv7M4_T_le_v4SPD16_eabi.lib</file>
         <name>read.c.obj</name>
      </input_file>
      <input_file id="fl-101">
         <path>C:\ti\ccs1010\ccs\tools\compiler\ti-cgt-arm_20.2.1.LTS\lib\</path>
         <kind>archive</kind>
         <file>rtsv7M4_T_le_v4SPD16_eabi.lib</file>
         <name>open.c.obj</name>
      </input_file>
      <input_file id="fl-102">
         <path>C:\ti\ccs1010\ccs\tools\compiler\ti-cgt-arm_20.2.1.LTS\lib\</path>
         <kind>archive</kind>
         <file>rtsv7M4_T_le_v4SPD16_eabi.lib</file>
         <name>close.c.obj</name>
      </input_file>
      <input_file id="fl-103">
         <path>C:\ti\ccs1010\ccs\tools\compiler\ti-cgt-arm_20.2.1.LTS\lib\</path>
         <kind>archive</kind>
         <file>rtsv7M4_T_le_v4SPD16_eabi.lib</file>
         <name>errno.c.obj</name>
      </input_file>
      <input_file id="fl-104">
         <path>C:\ti\ccs1010\ccs\tools\compiler\ti-cgt-arm_20.2.1.LTS\lib\</path>
         <kind>archive</kind>
         <file>rtsv7M4_T_le_v4SPD16_eabi.lib</file>
         <name>boot_cortex_m.c.obj</name>
      </input_file>
      <input_file id="fl-105">
         <path>C:\ti\ccs1010\ccs\tools\compiler\ti-cgt-arm_20.2.1.LTS\lib\</path>
         <kind>archive</kind>
         <file>rtsv7M4_T_le_v4SPD16_eabi.lib</file>
         <name>s_copysign.c.obj</name>
      </input_file>
      <input_file id="fl-106">
         <path>C:\ti\ccs1010\ccs\tools\compiler\ti-cgt-arm_20.2.1.LTS\lib\</path>
         <kind>archive</kind>
         <file>rtsv7M4_T_le_v4SPD16_eabi.lib</file>
         <name>s_frexp.c.obj</name>
      </input_file>
      <input_file id="fl-107">
         <path>C:\ti\ccs1010\ccs\tools\compiler\ti-cgt-arm_20.2.1.LTS\lib\</path>
         <kind>archive</kind>
         <file>rtsv7M4_T_le_v4SPD16_eabi.lib</file>
         <name>wcslen.c.obj</name>
      </input_file>
      <input_file id="fl-108">
         <path>C:\ti\ccs1010\ccs\tools\compiler\ti-cgt-arm_20.2.1.LTS\lib\</path>
         <kind>archive</kind>
         <file>rtsv7M4_T_le_v4SPD16_eabi.lib</file>
         <name>fseek.c.obj</name>
      </input_file>
      <input_file id="fl-109">
         <path>C:\ti\ccs1010\ccs\tools\compiler\ti-cgt-arm_20.2.1.LTS\lib\</path>
         <kind>archive</kind>
         <file>rtsv7M4_T_le_v4SPD16_eabi.lib</file>
         <name>getdevice.c.obj</name>
      </input_file>
      <input_file id="fl-10a">
         <path>C:\ti\ccs1010\ccs\tools\compiler\ti-cgt-arm_20.2.1.LTS\lib\</path>
         <kind>archive</kind>
         <file>rtsv7M4_T_le_v4SPD16_eabi.lib</file>
         <name>div0.asm.obj</name>
      </input_file>
      <input_file id="fl-10b">
         <path>C:\ti\ccs1010\ccs\tools\compiler\ti-cgt-arm_20.2.1.LTS\lib\</path>
         <kind>archive</kind>
         <file>rtsv7M4_T_le_v4SPD16_eabi.lib</file>
         <name>autoinit.c.obj</name>
      </input_file>
      <input_file id="fl-10c">
         <path>C:\ti\ccs1010\ccs\tools\compiler\ti-cgt-arm_20.2.1.LTS\lib\</path>
         <kind>archive</kind>
         <file>rtsv7M4_T_le_v4SPD16_eabi.lib</file>
         <name>pre_init.c.obj</name>
      </input_file>
      <input_file id="fl-10d">
         <path>C:\ti\ccs1010\ccs\tools\compiler\ti-cgt-arm_20.2.1.LTS\lib\</path>
         <kind>archive</kind>
         <file>rtsv7M4_T_le_v4SPD16_eabi.lib</file>
         <name>cpy_tbl.c.obj</name>
      </input_file>
      <input_file id="fl-10e">
         <path>C:\ti\ccs1010\ccs\tools\compiler\ti-cgt-arm_20.2.1.LTS\lib\</path>
         <kind>archive</kind>
         <file>rtsv7M4_T_le_v4SPD16_eabi.lib</file>
         <name>args_main.c.obj</name>
      </input_file>
      <input_file id="fl-10f">
         <path>C:\ti\ccs1010\ccs\tools\compiler\ti-cgt-arm_20.2.1.LTS\lib\</path>
         <kind>archive</kind>
         <file>rtsv7M4_T_le_v4SPD16_eabi.lib</file>
         <name>strcmp.c.obj</name>
      </input_file>
      <input_file id="fl-110">
         <path>C:\ti\ccs1010\ccs\tools\compiler\ti-cgt-arm_20.2.1.LTS\lib\</path>
         <kind>archive</kind>
         <file>rtsv7M4_T_le_v4SPD16_eabi.lib</file>
         <name>strncpy.c.obj</name>
      </input_file>
      <input_file id="fl-111">
         <path>C:\ti\ccs1010\ccs\tools\compiler\ti-cgt-arm_20.2.1.LTS\lib\</path>
         <kind>archive</kind>
         <file>rtsv7M4_T_le_v4SPD16_eabi.lib</file>
         <name>unlink.c.obj</name>
      </input_file>
      <input_file id="fl-112">
         <path>C:\ti\ccs1010\ccs\tools\compiler\ti-cgt-arm_20.2.1.LTS\lib\</path>
         <kind>archive</kind>
         <file>rtsv7M4_T_le_v4SPD16_eabi.lib</file>
         <name>hostclose.c.obj</name>
      </input_file>
      <input_file id="fl-113">
         <path>C:\ti\ccs1010\ccs\tools\compiler\ti-cgt-arm_20.2.1.LTS\lib\</path>
         <kind>archive</kind>
         <file>rtsv7M4_T_le_v4SPD16_eabi.lib</file>
         <name>hostlseek.c.obj</name>
      </input_file>
      <input_file id="fl-114">
         <path>C:\ti\ccs1010\ccs\tools\compiler\ti-cgt-arm_20.2.1.LTS\lib\</path>
         <kind>archive</kind>
         <file>rtsv7M4_T_le_v4SPD16_eabi.lib</file>
         <name>hostopen.c.obj</name>
      </input_file>
      <input_file id="fl-115">
         <path>C:\ti\ccs1010\ccs\tools\compiler\ti-cgt-arm_20.2.1.LTS\lib\</path>
         <kind>archive</kind>
         <file>rtsv7M4_T_le_v4SPD16_eabi.lib</file>
         <name>hostread.c.obj</name>
      </input_file>
      <input_file id="fl-116">
         <path>C:\ti\ccs1010\ccs\tools\compiler\ti-cgt-arm_20.2.1.LTS\lib\</path>
         <kind>archive</kind>
         <file>rtsv7M4_T_le_v4SPD16_eabi.lib</file>
         <name>hostrename.c.obj</name>
      </input_file>
      <input_file id="fl-117">
         <path>C:\ti\ccs1010\ccs\tools\compiler\ti-cgt-arm_20.2.1.LTS\lib\</path>
         <kind>archive</kind>
         <file>rtsv7M4_T_le_v4SPD16_eabi.lib</file>
         <name>hosttime.c.obj</name>
      </input_file>
      <input_file id="fl-118">
         <path>C:\ti\ccs1010\ccs\tools\compiler\ti-cgt-arm_20.2.1.LTS\lib\</path>
         <kind>archive</kind>
         <file>rtsv7M4_T_le_v4SPD16_eabi.lib</file>
         <name>hostunlink.c.obj</name>
      </input_file>
      <input_file id="fl-119">
         <path>C:\ti\ccs1010\ccs\tools\compiler\ti-cgt-arm_20.2.1.LTS\lib\</path>
         <kind>archive</kind>
         <file>rtsv7M4_T_le_v4SPD16_eabi.lib</file>
         <name>hostwrite.c.obj</name>
      </input_file>
      <input_file id="fl-11a">
         <path>C:\ti\ccs1010\ccs\tools\compiler\ti-cgt-arm_20.2.1.LTS\lib\</path>
         <kind>archive</kind>
         <file>rtsv7M4_T_le_v4SPD16_eabi.lib</file>
         <name>trgmsg.c.obj</name>
      </input_file>
      <input_file id="fl-11b">
         <path>C:\ti\ccs1010\ccs\tools\compiler\ti-cgt-arm_20.2.1.LTS\lib\</path>
         <kind>archive</kind>
         <file>rtsv7M4_T_le_v4SPD16_eabi.lib</file>
         <name>lseek.c.obj</name>
      </input_file>
      <input_file id="fl-11c">
         <path>C:\ti\ccs1010\ccs\tools\compiler\ti-cgt-arm_20.2.1.LTS\lib\</path>
         <kind>archive</kind>
         <file>rtsv7M4_T_le_v4SPD16_eabi.lib</file>
         <name>strcpy.c.obj</name>
      </input_file>
   </input_file_list>
   <object_component_list>
      <object_component id="oc-26">
         <name>.intvecs:retain</name>
         <load_address>0x0</load_address>
         <run_address>0x0</run_address>
         <size>0xe4</size>
         <input_file_ref idref="fl-9"/>
      </object_component>
      <object_component id="oc-40a">
         <name>.text:__TI_printfi</name>
         <load_address>0xe4</load_address>
         <run_address>0xe4</run_address>
         <size>0xa4e</size>
         <input_file_ref idref="fl-da"/>
      </object_component>
      <object_component id="oc-70">
         <name>.text:Default_Handler</name>
         <load_address>0xb32</load_address>
         <run_address>0xb32</run_address>
         <size>0x2</size>
         <input_file_ref idref="fl-9"/>
      </object_component>
      <object_component id="oc-1ce">
         <name>.text:chip8_emulatecycle</name>
         <load_address>0xb34</load_address>
         <run_address>0xb34</run_address>
         <size>0x730</size>
         <input_file_ref idref="fl-4"/>
      </object_component>
      <object_component id="oc-a6">
         <name>.text:main</name>
         <load_address>0x1264</load_address>
         <run_address>0x1264</run_address>
         <size>0x2b0</size>
         <input_file_ref idref="fl-5"/>
      </object_component>
      <object_component id="oc-508">
         <name>.text:_pconv_a</name>
         <load_address>0x1514</load_address>
         <run_address>0x1514</run_address>
         <size>0x270</size>
         <input_file_ref idref="fl-da"/>
      </object_component>
      <object_component id="oc-39b">
         <name>.text:Crystalfontz128x128_PixelDrawMultiple</name>
         <load_address>0x1784</load_address>
         <run_address>0x1784</run_address>
         <size>0x1d8</size>
         <input_file_ref idref="fl-7"/>
      </object_component>
      <object_component id="oc-4f6">
         <name>.text:_pconv_g</name>
         <load_address>0x195c</load_address>
         <run_address>0x195c</run_address>
         <size>0x1d0</size>
         <input_file_ref idref="fl-da"/>
      </object_component>
      <object_component id="oc-5e5">
         <name>.text</name>
         <load_address>0x1b2c</load_address>
         <run_address>0x1b2c</run_address>
         <size>0x1b6</size>
         <input_file_ref idref="fl-e5"/>
      </object_component>
      <object_component id="oc-3eb">
         <name>.text:_nop</name>
         <load_address>0x1ce2</load_address>
         <run_address>0x1ce2</run_address>
         <size>0x2</size>
         <input_file_ref idref="fl-f1"/>
      </object_component>
      <object_component id="oc-1a8">
         <name>.text:_getIndexForMemRegister</name>
         <load_address>0x1ce4</load_address>
         <run_address>0x1ce4</run_address>
         <size>0x160</size>
         <input_file_ref idref="fl-1a"/>
      </object_component>
      <object_component id="oc-502">
         <name>.text:_pconv_e</name>
         <load_address>0x1e44</load_address>
         <run_address>0x1e44</run_address>
         <size>0x13c</size>
         <input_file_ref idref="fl-da"/>
      </object_component>
      <object_component id="oc-5cb">
         <name>.text</name>
         <load_address>0x1f80</load_address>
         <run_address>0x1f80</run_address>
         <size>0x136</size>
         <input_file_ref idref="fl-e7"/>
      </object_component>
      <object_component id="oc-6bd">
         <name>.text</name>
         <load_address>0x20b6</load_address>
         <run_address>0x20b6</run_address>
         <size>0x2</size>
         <input_file_ref idref="fl-10a"/>
      </object_component>
      <object_component id="oc-272">
         <name>.text:Crystalfontz128x128_SetDrawFrame</name>
         <load_address>0x20b8</load_address>
         <run_address>0x20b8</run_address>
         <size>0x134</size>
         <input_file_ref idref="fl-7"/>
      </object_component>
      <object_component id="oc-11c">
         <name>.text:Crystalfontz128x128_Init</name>
         <load_address>0x21ec</load_address>
         <run_address>0x21ec</run_address>
         <size>0x12c</size>
         <input_file_ref idref="fl-7"/>
      </object_component>
      <object_component id="oc-5f7">
         <name>.text:fcvt</name>
         <load_address>0x2318</load_address>
         <run_address>0x2318</run_address>
         <size>0x124</size>
         <input_file_ref idref="fl-da"/>
      </object_component>
      <object_component id="oc-52c">
         <name>.text:fputs</name>
         <load_address>0x243c</load_address>
         <run_address>0x243c</run_address>
         <size>0x114</size>
         <input_file_ref idref="fl-df"/>
      </object_component>
      <object_component id="oc-431">
         <name>.text:Graphics_fillRectangle</name>
         <load_address>0x2550</load_address>
         <run_address>0x2550</run_address>
         <size>0x112</size>
         <input_file_ref idref="fl-18"/>
      </object_component>
      <object_component id="oc-60b">
         <name>.text:scalbn</name>
         <load_address>0x2664</load_address>
         <run_address>0x2664</run_address>
         <size>0x110</size>
         <input_file_ref idref="fl-d8"/>
      </object_component>
      <object_component id="oc-336">
         <name>.text:_openfile</name>
         <load_address>0x2774</load_address>
         <run_address>0x2774</run_address>
         <size>0x10c</size>
         <input_file_ref idref="fl-dd"/>
      </object_component>
      <object_component id="oc-66d">
         <name>.text:aligned_alloc</name>
         <load_address>0x2880</load_address>
         <run_address>0x2880</run_address>
         <size>0x108</size>
         <input_file_ref idref="fl-f8"/>
      </object_component>
      <object_component id="oc-1d4">
         <name>.text:draw</name>
         <load_address>0x2988</load_address>
         <run_address>0x2988</run_address>
         <size>0x104</size>
         <input_file_ref idref="fl-5"/>
      </object_component>
      <object_component id="oc-5c6">
         <name>.text</name>
         <load_address>0x2a8c</load_address>
         <run_address>0x2a8c</run_address>
         <size>0xfc</size>
         <input_file_ref idref="fl-e8"/>
      </object_component>
      <object_component id="oc-241">
         <name>.text:fread</name>
         <load_address>0x2b88</load_address>
         <run_address>0x2b88</run_address>
         <size>0xf8</size>
         <input_file_ref idref="fl-e0"/>
      </object_component>
      <object_component id="oc-490">
         <name>.text:free</name>
         <load_address>0x2c80</load_address>
         <run_address>0x2c80</run_address>
         <size>0xe4</size>
         <input_file_ref idref="fl-f8"/>
      </object_component>
      <object_component id="oc-479">
         <name>.text:setvbuf</name>
         <load_address>0x2d64</load_address>
         <run_address>0x2d64</run_address>
         <size>0xdc</size>
         <input_file_ref idref="fl-e3"/>
      </object_component>
      <object_component id="oc-302">
         <name>.text:draw_sprite</name>
         <load_address>0x2e40</load_address>
         <run_address>0x2e40</run_address>
         <size>0xd0</size>
         <input_file_ref idref="fl-4"/>
      </object_component>
      <object_component id="oc-110">
         <name>.text:chip8_initialize</name>
         <load_address>0x2f10</load_address>
         <run_address>0x2f10</run_address>
         <size>0xc8</size>
         <input_file_ref idref="fl-4"/>
      </object_component>
      <object_component id="oc-45f">
         <name>.text:open</name>
         <load_address>0x2fd8</load_address>
         <run_address>0x2fd8</run_address>
         <size>0xbc</size>
         <input_file_ref idref="fl-101"/>
      </object_component>
      <object_component id="oc-134">
         <name>.text:ADC14_configureConversionMemory</name>
         <load_address>0x3094</load_address>
         <run_address>0x3094</run_address>
         <size>0xb4</size>
         <input_file_ref idref="fl-1a"/>
      </object_component>
      <object_component id="oc-12e">
         <name>.text:ADC14_configureMultiSequenceMode</name>
         <load_address>0x3148</load_address>
         <run_address>0x3148</run_address>
         <size>0xb4</size>
         <input_file_ref idref="fl-1a"/>
      </object_component>
      <object_component id="oc-4eb">
         <name>.text:_ltostr</name>
         <load_address>0x31fc</load_address>
         <run_address>0x31fc</run_address>
         <size>0xb1</size>
         <input_file_ref idref="fl-da"/>
      </object_component>
      <object_component id="oc-36e">
         <name>.text:SPI_initMaster</name>
         <load_address>0x32ae</load_address>
         <run_address>0x32ae</run_address>
         <size>0xb0</size>
         <input_file_ref idref="fl-1e"/>
      </object_component>
      <object_component id="oc-c6">
         <name>.text:getDir</name>
         <load_address>0x3360</load_address>
         <run_address>0x3360</run_address>
         <size>0xa8</size>
         <input_file_ref idref="fl-5"/>
      </object_component>
      <object_component id="oc-1c4">
         <name>.text:keymap</name>
         <load_address>0x3408</load_address>
         <run_address>0x3408</run_address>
         <size>0xa8</size>
         <input_file_ref idref="fl-5"/>
      </object_component>
      <object_component id="oc-42b">
         <name>.text:Graphics_drawRectangle</name>
         <load_address>0x34b0</load_address>
         <run_address>0x34b0</run_address>
         <size>0xa2</size>
         <input_file_ref idref="fl-18"/>
      </object_component>
      <object_component id="oc-3ad">
         <name>.text:Crystalfontz128x128_RectFill</name>
         <load_address>0x3552</load_address>
         <run_address>0x3552</run_address>
         <size>0x9c</size>
         <input_file_ref idref="fl-7"/>
      </object_component>
      <object_component id="oc-53d">
         <name>.text:Graphics_drawLineH</name>
         <load_address>0x35ee</load_address>
         <run_address>0x35ee</run_address>
         <size>0x9c</size>
         <input_file_ref idref="fl-19"/>
      </object_component>
      <object_component id="oc-543">
         <name>.text:Graphics_drawLineV</name>
         <load_address>0x368a</load_address>
         <run_address>0x368a</run_address>
         <size>0x9c</size>
         <input_file_ref idref="fl-19"/>
      </object_component>
      <object_component id="oc-34b">
         <name>.text:__TI_buff_read</name>
         <load_address>0x3728</load_address>
         <run_address>0x3728</run_address>
         <size>0x9c</size>
         <input_file_ref idref="fl-e1"/>
      </object_component>
      <object_component id="oc-23b">
         <name>.text:fopen</name>
         <load_address>0x37c4</load_address>
         <run_address>0x37c4</run_address>
         <size>0x9c</size>
         <input_file_ref idref="fl-dd"/>
      </object_component>
      <object_component id="oc-3a">
         <name>.text</name>
         <load_address>0x3860</load_address>
         <run_address>0x3860</run_address>
         <size>0x9c</size>
         <input_file_ref idref="fl-eb"/>
      </object_component>
      <object_component id="oc-5bf">
         <name>.text</name>
         <load_address>0x38fc</load_address>
         <run_address>0x38fc</run_address>
         <size>0x96</size>
         <input_file_ref idref="fl-ec"/>
      </object_component>
      <object_component id="oc-533">
         <name>.text:fputc</name>
         <load_address>0x3994</load_address>
         <run_address>0x3994</run_address>
         <size>0x8c</size>
         <input_file_ref idref="fl-de"/>
      </object_component>
      <object_component id="oc-361">
         <name>.text:GPIO_setAsPeripheralModuleFunctionOutputPin</name>
         <load_address>0x3a20</load_address>
         <run_address>0x3a20</run_address>
         <size>0x88</size>
         <input_file_ref idref="fl-1b"/>
      </object_component>
      <object_component id="oc-4f1">
         <name>.text:__aeabi_cdcmple</name>
         <load_address>0x3aa8</load_address>
         <run_address>0x3aa8</run_address>
         <size>0x86</size>
         <input_file_ref idref="fl-e6"/>
      </object_component>
      <object_component id="oc-5d0">
         <name>.text:__aeabi_cdrcmple</name>
         <load_address>0x3b2e</load_address>
         <run_address>0x3b2e</run_address>
         <size>0x86</size>
         <input_file_ref idref="fl-e6"/>
      </object_component>
      <object_component id="oc-309">
         <name>.text:paint_cell</name>
         <load_address>0x3bb4</load_address>
         <run_address>0x3bb4</run_address>
         <size>0x80</size>
         <input_file_ref idref="fl-5"/>
      </object_component>
      <object_component id="oc-9a">
         <name>.text</name>
         <load_address>0x3c34</load_address>
         <run_address>0x3c34</run_address>
         <size>0x7a</size>
         <input_file_ref idref="fl-e4"/>
      </object_component>
      <object_component id="oc-b8">
         <name>.text:SystemInit</name>
         <load_address>0x3cb0</load_address>
         <run_address>0x3cb0</run_address>
         <size>0x78</size>
         <input_file_ref idref="fl-6"/>
      </object_component>
      <object_component id="oc-359">
         <name>.text:__TI_closefile</name>
         <load_address>0x3d28</load_address>
         <run_address>0x3d28</run_address>
         <size>0x74</size>
         <input_file_ref idref="fl-db"/>
      </object_component>
      <object_component id="oc-70e">
         <name>.text:split</name>
         <load_address>0x3d9c</load_address>
         <run_address>0x3d9c</run_address>
         <size>0x70</size>
         <input_file_ref idref="fl-f8"/>
      </object_component>
      <object_component id="oc-5f0">
         <name>.text:_mcpy</name>
         <load_address>0x3e0c</load_address>
         <run_address>0x3e0c</run_address>
         <size>0x6e</size>
         <input_file_ref idref="fl-da"/>
      </object_component>
      <object_component id="oc-76">
         <name>.text:ADC14_IRQHandler</name>
         <load_address>0x3e7c</load_address>
         <run_address>0x3e7c</run_address>
         <size>0x6c</size>
         <input_file_ref idref="fl-5"/>
      </object_component>
      <object_component id="oc-69e">
         <name>.text:HOSTrename</name>
         <load_address>0x3ee8</load_address>
         <run_address>0x3ee8</run_address>
         <size>0x6c</size>
         <input_file_ref idref="fl-116"/>
      </object_component>
      <object_component id="oc-692">
         <name>.text:HOSTlseek</name>
         <load_address>0x3f54</load_address>
         <run_address>0x3f54</run_address>
         <size>0x68</size>
         <input_file_ref idref="fl-113"/>
      </object_component>
      <object_component id="oc-29a">
         <name>.text:Timer32_initModule</name>
         <load_address>0x3fbc</load_address>
         <run_address>0x3fbc</run_address>
         <size>0x68</size>
         <input_file_ref idref="fl-1f"/>
      </object_component>
      <object_component id="oc-17">
         <name>.text:decompress:lzss:__TI_decompress_lzss</name>
         <load_address>0x4024</load_address>
         <run_address>0x4024</run_address>
         <size>0x68</size>
         <input_file_ref idref="fl-ef"/>
      </object_component>
      <object_component id="oc-2f6">
         <name>.text:printf</name>
         <load_address>0x408c</load_address>
         <run_address>0x408c</run_address>
         <size>0x68</size>
         <input_file_ref idref="fl-d9"/>
      </object_component>
      <object_component id="oc-605">
         <name>.text:frexp</name>
         <load_address>0x40f4</load_address>
         <run_address>0x40f4</run_address>
         <size>0x64</size>
         <input_file_ref idref="fl-106"/>
      </object_component>
      <object_component id="oc-6f2">
         <name>.text:fseek</name>
         <load_address>0x4158</load_address>
         <run_address>0x4158</run_address>
         <size>0x64</size>
         <input_file_ref idref="fl-108"/>
      </object_component>
      <object_component id="oc-637">
         <name>.text:__TI_wrt_ok</name>
         <load_address>0x41bc</load_address>
         <run_address>0x41bc</run_address>
         <size>0x62</size>
         <input_file_ref idref="fl-e2"/>
      </object_component>
      <object_component id="oc-3a1">
         <name>.text:Crystalfontz128x128_LineDrawH</name>
         <load_address>0x421e</load_address>
         <run_address>0x421e</run_address>
         <size>0x60</size>
         <input_file_ref idref="fl-7"/>
      </object_component>
      <object_component id="oc-3a7">
         <name>.text:Crystalfontz128x128_LineDrawV</name>
         <load_address>0x427e</load_address>
         <run_address>0x427e</run_address>
         <size>0x60</size>
         <input_file_ref idref="fl-7"/>
      </object_component>
      <object_component id="oc-67a">
         <name>.text:HOSTopen</name>
         <load_address>0x42e0</load_address>
         <run_address>0x42e0</run_address>
         <size>0x60</size>
         <input_file_ref idref="fl-114"/>
      </object_component>
      <object_component id="oc-496">
         <name>.text:close</name>
         <load_address>0x4340</load_address>
         <run_address>0x4340</run_address>
         <size>0x5c</size>
         <input_file_ref idref="fl-102"/>
      </object_component>
      <object_component id="oc-686">
         <name>.text:HOSTread</name>
         <load_address>0x439c</load_address>
         <run_address>0x439c</run_address>
         <size>0x58</size>
         <input_file_ref idref="fl-115"/>
      </object_component>
      <object_component id="oc-68c">
         <name>.text:HOSTwrite</name>
         <load_address>0x43f4</load_address>
         <run_address>0x43f4</run_address>
         <size>0x58</size>
         <input_file_ref idref="fl-119"/>
      </object_component>
      <object_component id="oc-128">
         <name>.text:Init_Graph</name>
         <load_address>0x444c</load_address>
         <run_address>0x444c</run_address>
         <size>0x58</size>
         <input_file_ref idref="fl-5"/>
      </object_component>
      <object_component id="oc-158">
         <name>.text:gfx_setup</name>
         <load_address>0x44a4</load_address>
         <run_address>0x44a4</run_address>
         <size>0x58</size>
         <input_file_ref idref="fl-5"/>
      </object_component>
      <object_component id="oc-4fc">
         <name>.text:_pconv_f</name>
         <load_address>0x44fc</load_address>
         <run_address>0x44fc</run_address>
         <size>0x56</size>
         <input_file_ref idref="fl-da"/>
      </object_component>
      <object_component id="oc-122">
         <name>.text:Crystalfontz128x128_SetOrientation</name>
         <load_address>0x4554</load_address>
         <run_address>0x4554</run_address>
         <size>0x54</size>
         <input_file_ref idref="fl-7"/>
      </object_component>
      <object_component id="oc-5da">
         <name>.text:__TI_ltoa</name>
         <load_address>0x45a8</load_address>
         <run_address>0x45a8</run_address>
         <size>0x54</size>
         <input_file_ref idref="fl-f2"/>
      </object_component>
      <object_component id="oc-283">
         <name>.text:Graphics_initContext</name>
         <load_address>0x45fc</load_address>
         <run_address>0x45fc</run_address>
         <size>0x52</size>
         <input_file_ref idref="fl-15"/>
      </object_component>
      <object_component id="oc-5ea">
         <name>.text:_ecpy</name>
         <load_address>0x464e</load_address>
         <run_address>0x464e</run_address>
         <size>0x52</size>
         <input_file_ref idref="fl-da"/>
      </object_component>
      <object_component id="oc-481">
         <name>.text:__TI_doflush</name>
         <load_address>0x46a0</load_address>
         <run_address>0x46a0</run_address>
         <size>0x4c</size>
         <input_file_ref idref="fl-dc"/>
      </object_component>
      <object_component id="oc-4e5">
         <name>.text:atoi</name>
         <load_address>0x46ec</load_address>
         <run_address>0x46ec</run_address>
         <size>0x4c</size>
         <input_file_ref idref="fl-f3"/>
      </object_component>
      <object_component id="oc-345">
         <name>.text:__TI_rd_ok</name>
         <load_address>0x4738</load_address>
         <run_address>0x4738</run_address>
         <size>0x4a</size>
         <input_file_ref idref="fl-e2"/>
      </object_component>
      <object_component id="oc-322">
         <name>.text:HOSTtime</name>
         <load_address>0x4784</load_address>
         <run_address>0x4784</run_address>
         <size>0x48</size>
         <input_file_ref idref="fl-117"/>
      </object_component>
      <object_component id="oc-16f">
         <name>.text:exit</name>
         <load_address>0x47cc</load_address>
         <run_address>0x47cc</run_address>
         <size>0x48</size>
         <input_file_ref idref="fl-f0"/>
      </object_component>
      <object_component id="oc-d2">
         <name>.text:loop</name>
         <load_address>0x4814</load_address>
         <run_address>0x4814</run_address>
         <size>0x48</size>
         <input_file_ref idref="fl-5"/>
      </object_component>
      <object_component id="oc-5d5">
         <name>.text</name>
         <load_address>0x485c</load_address>
         <run_address>0x485c</run_address>
         <size>0x48</size>
         <input_file_ref idref="fl-e9"/>
      </object_component>
      <object_component id="oc-680">
         <name>.text:HOSTclose</name>
         <load_address>0x48a4</load_address>
         <run_address>0x48a4</run_address>
         <size>0x44</size>
         <input_file_ref idref="fl-112"/>
      </object_component>
      <object_component id="oc-698">
         <name>.text:HOSTunlink</name>
         <load_address>0x48e8</load_address>
         <run_address>0x48e8</run_address>
         <size>0x44</size>
         <input_file_ref idref="fl-118"/>
      </object_component>
      <object_component id="oc-175">
         <name>.text:__TI_auto_init_nobinit_nopinit:__TI_auto_init_nobinit_nopinit</name>
         <load_address>0x492c</load_address>
         <run_address>0x492c</run_address>
         <size>0x44</size>
         <input_file_ref idref="fl-10b"/>
      </object_component>
      <object_component id="oc-560">
         <name>.text:getdevice</name>
         <load_address>0x4970</load_address>
         <run_address>0x4970</run_address>
         <size>0x44</size>
         <input_file_ref idref="fl-109"/>
      </object_component>
      <object_component id="oc-395">
         <name>.text:Crystalfontz128x128_PixelDraw</name>
         <load_address>0x49b4</load_address>
         <run_address>0x49b4</run_address>
         <size>0x40</size>
         <input_file_ref idref="fl-7"/>
      </object_component>
      <object_component id="oc-367">
         <name>.text:GPIO_setAsOutputPin</name>
         <load_address>0x49f4</load_address>
         <run_address>0x49f4</run_address>
         <size>0x40</size>
         <input_file_ref idref="fl-1b"/>
      </object_component>
      <object_component id="oc-254">
         <name>.text:HAL_LCD_SpiInit</name>
         <load_address>0x4a34</load_address>
         <run_address>0x4a34</run_address>
         <size>0x40</size>
         <input_file_ref idref="fl-8"/>
      </object_component>
      <object_component id="oc-1e0">
         <name>.text:chip8_tick</name>
         <load_address>0x4a74</load_address>
         <run_address>0x4a74</run_address>
         <size>0x40</size>
         <input_file_ref idref="fl-4"/>
      </object_component>
      <object_component id="oc-4a8">
         <name>.text:is_A_Module</name>
         <load_address>0x4ab4</load_address>
         <run_address>0x4ab4</run_address>
         <size>0x40</size>
         <input_file_ref idref="fl-1e"/>
      </object_component>
      <object_component id="oc-5fd">
         <name>.text:_fcpy</name>
         <load_address>0x4af4</load_address>
         <run_address>0x4af4</run_address>
         <size>0x3e</size>
         <input_file_ref idref="fl-da"/>
      </object_component>
      <object_component id="oc-266">
         <name>.text:HAL_LCD_writeCommand</name>
         <load_address>0x4b34</load_address>
         <run_address>0x4b34</run_address>
         <size>0x38</size>
         <input_file_ref idref="fl-8"/>
      </object_component>
      <object_component id="oc-1f2">
         <name>.text:Timer32_startTimer</name>
         <load_address>0x4b6c</load_address>
         <run_address>0x4b6c</run_address>
         <size>0x38</size>
         <input_file_ref idref="fl-1f"/>
      </object_component>
      <object_component id="oc-43f">
         <name>.text:__TI_writemsg</name>
         <load_address>0x4ba4</load_address>
         <run_address>0x4ba4</run_address>
         <size>0x38</size>
         <input_file_ref idref="fl-11a"/>
      </object_component>
      <object_component id="oc-116">
         <name>.text:chip8_loadgame</name>
         <load_address>0x4bdc</load_address>
         <run_address>0x4bdc</run_address>
         <size>0x38</size>
         <input_file_ref idref="fl-4"/>
      </object_component>
      <object_component id="oc-647">
         <name>.text:Graphics_drawHorizontalLineOnDisplay</name>
         <load_address>0x4c14</load_address>
         <run_address>0x4c14</run_address>
         <size>0x36</size>
         <input_file_ref idref="fl-16"/>
      </object_component>
      <object_component id="oc-64f">
         <name>.text:Graphics_drawVerticalLineOnDisplay</name>
         <load_address>0x4c4a</load_address>
         <run_address>0x4c4a</run_address>
         <size>0x36</size>
         <input_file_ref idref="fl-16"/>
      </object_component>
      <object_component id="oc-65d">
         <name>.text:strncpy</name>
         <load_address>0x4c80</load_address>
         <run_address>0x4c80</run_address>
         <size>0x36</size>
         <input_file_ref idref="fl-110"/>
      </object_component>
      <object_component id="oc-1ec">
         <name>.text:Timer32_setCount</name>
         <load_address>0x4cb8</load_address>
         <run_address>0x4cb8</run_address>
         <size>0x34</size>
         <input_file_ref idref="fl-1f"/>
      </object_component>
      <object_component id="oc-465">
         <name>.text:__TI_cleanup</name>
         <load_address>0x4cec</load_address>
         <run_address>0x4cec</run_address>
         <size>0x34</size>
         <input_file_ref idref="fl-dd"/>
      </object_component>
      <object_component id="oc-445">
         <name>.text:__TI_readmsg</name>
         <load_address>0x4d20</load_address>
         <run_address>0x4d20</run_address>
         <size>0x34</size>
         <input_file_ref idref="fl-11a"/>
      </object_component>
      <object_component id="oc-58">
         <name>.text:_c_int00_noargs:_c_int00_noargs</name>
         <load_address>0x4d54</load_address>
         <run_address>0x4d54</run_address>
         <size>0x34</size>
         <input_file_ref idref="fl-104"/>
      </object_component>
      <object_component id="oc-423">
         <name>.text:rand</name>
         <load_address>0x4d88</load_address>
         <run_address>0x4d88</run_address>
         <size>0x34</size>
         <input_file_ref idref="fl-f9"/>
      </object_component>
      <object_component id="oc-24e">
         <name>.text:HAL_LCD_PortInit</name>
         <load_address>0x4dbc</load_address>
         <run_address>0x4dbc</run_address>
         <size>0x30</size>
         <input_file_ref idref="fl-8"/>
      </object_component>
      <object_component id="oc-15e">
         <name>.text:delay</name>
         <load_address>0x4dec</load_address>
         <run_address>0x4dec</run_address>
         <size>0x30</size>
         <input_file_ref idref="fl-5"/>
      </object_component>
      <object_component id="oc-663">
         <name>.text:finddevice</name>
         <load_address>0x4e1c</load_address>
         <run_address>0x4e1c</run_address>
         <size>0x30</size>
         <input_file_ref idref="fl-109"/>
      </object_component>
      <object_component id="oc-5e0">
         <name>.text</name>
         <load_address>0x4e4c</load_address>
         <run_address>0x4e4c</run_address>
         <size>0x2e</size>
         <input_file_ref idref="fl-ea"/>
      </object_component>
      <object_component id="oc-3bf">
         <name>.text:Crystalfontz128x128_ClearScreen</name>
         <load_address>0x4e7c</load_address>
         <run_address>0x4e7c</run_address>
         <size>0x2c</size>
         <input_file_ref idref="fl-7"/>
      </object_component>
      <object_component id="oc-26c">
         <name>.text:HAL_LCD_writeData</name>
         <load_address>0x4ea8</load_address>
         <run_address>0x4ea8</run_address>
         <size>0x2c</size>
         <input_file_ref idref="fl-8"/>
      </object_component>
      <object_component id="oc-247">
         <name>.text:fclose</name>
         <load_address>0x4ed4</load_address>
         <run_address>0x4ed4</run_address>
         <size>0x2c</size>
         <input_file_ref idref="fl-db"/>
      </object_component>
      <object_component id="oc-49c">
         <name>.text:unlink</name>
         <load_address>0x4f00</load_address>
         <run_address>0x4f00</run_address>
         <size>0x2c</size>
         <input_file_ref idref="fl-111"/>
      </object_component>
      <object_component id="oc-1bc">
         <name>.text:map</name>
         <load_address>0x4f2c</load_address>
         <run_address>0x4f2c</run_address>
         <size>0x2a</size>
         <input_file_ref idref="fl-5"/>
      </object_component>
      <object_component id="oc-c0">
         <name>.text:ADC14_getResult</name>
         <load_address>0x4f58</load_address>
         <run_address>0x4f58</run_address>
         <size>0x28</size>
         <input_file_ref idref="fl-1a"/>
      </object_component>
      <object_component id="oc-3b3">
         <name>.text:Crystalfontz128x128_ColorTranslate</name>
         <load_address>0x4f80</load_address>
         <run_address>0x4f80</run_address>
         <size>0x28</size>
         <input_file_ref idref="fl-7"/>
      </object_component>
      <object_component id="oc-260">
         <name>.text:GPIO_setOutputHighOnPin</name>
         <load_address>0x4fa8</load_address>
         <run_address>0x4fa8</run_address>
         <size>0x28</size>
         <input_file_ref idref="fl-1b"/>
      </object_component>
      <object_component id="oc-25a">
         <name>.text:GPIO_setOutputLowOnPin</name>
         <load_address>0x4fd0</load_address>
         <run_address>0x4fd0</run_address>
         <size>0x28</size>
         <input_file_ref idref="fl-1b"/>
      </object_component>
      <object_component id="oc-59d">
         <name>.text:free_list_insert</name>
         <load_address>0x4ff8</load_address>
         <run_address>0x4ff8</run_address>
         <size>0x28</size>
         <input_file_ref idref="fl-f8"/>
      </object_component>
      <object_component id="oc-73d">
         <name>.text:lseek</name>
         <load_address>0x5020</load_address>
         <run_address>0x5020</run_address>
         <size>0x28</size>
         <input_file_ref idref="fl-11b"/>
      </object_component>
      <object_component id="oc-351">
         <name>.text:read</name>
         <load_address>0x5048</load_address>
         <run_address>0x5048</run_address>
         <size>0x28</size>
         <input_file_ref idref="fl-100"/>
      </object_component>
      <object_component id="oc-57b">
         <name>.text:write</name>
         <load_address>0x5070</load_address>
         <run_address>0x5070</run_address>
         <size>0x28</size>
         <input_file_ref idref="fl-fc"/>
      </object_component>
      <object_component id="oc-cc">
         <name>.text:keypress</name>
         <load_address>0x5098</load_address>
         <run_address>0x5098</run_address>
         <size>0x24</size>
         <input_file_ref idref="fl-5"/>
      </object_component>
      <object_component id="oc-d8">
         <name>.text:keyrelease</name>
         <load_address>0x50bc</load_address>
         <run_address>0x50bc</run_address>
         <size>0x24</size>
         <input_file_ref idref="fl-5"/>
      </object_component>
      <object_component id="oc-227">
         <name>.text:srand</name>
         <load_address>0x50e0</load_address>
         <run_address>0x50e0</run_address>
         <size>0x24</size>
         <input_file_ref idref="fl-f9"/>
      </object_component>
      <object_component id="oc-63d">
         <name>.text:memchr</name>
         <load_address>0x5104</load_address>
         <run_address>0x5104</run_address>
         <size>0x20</size>
         <input_file_ref idref="fl-f7"/>
      </object_component>
      <object_component id="oc-54b">
         <name>.text:Graphics_fillRectangleOnDisplay</name>
         <load_address>0x5124</load_address>
         <run_address>0x5124</run_address>
         <size>0x1e</size>
         <input_file_ref idref="fl-16"/>
      </object_component>
      <object_component id="oc-374">
         <name>.text:SPI_enableModule</name>
         <load_address>0x5142</load_address>
         <run_address>0x5142</run_address>
         <size>0x1c</size>
         <input_file_ref idref="fl-1e"/>
      </object_component>
      <object_component id="oc-13a">
         <name>.text:delay_init</name>
         <load_address>0x5160</load_address>
         <run_address>0x5160</run_address>
         <size>0x1c</size>
         <input_file_ref idref="fl-5"/>
      </object_component>
      <object_component id="oc-597">
         <name>.text:free_list_remove</name>
         <load_address>0x517c</load_address>
         <run_address>0x517c</run_address>
         <size>0x1c</size>
         <input_file_ref idref="fl-f8"/>
      </object_component>
      <object_component id="oc-50e">
         <name>.text:memccpy</name>
         <load_address>0x5198</load_address>
         <run_address>0x5198</run_address>
         <size>0x1c</size>
         <input_file_ref idref="fl-f6"/>
      </object_component>
      <object_component id="oc-2b1">
         <name>.text:Graphics_clearDisplayOnDisplay</name>
         <load_address>0x51b4</load_address>
         <run_address>0x51b4</run_address>
         <size>0x1a</size>
         <input_file_ref idref="fl-16"/>
      </object_component>
      <object_component id="oc-146">
         <name>.text:Graphics_setBackgroundColor</name>
         <load_address>0x51ce</load_address>
         <run_address>0x51ce</run_address>
         <size>0x1a</size>
         <input_file_ref idref="fl-15"/>
      </object_component>
      <object_component id="oc-14c">
         <name>.text:Graphics_setFont</name>
         <load_address>0x51e8</load_address>
         <run_address>0x51e8</run_address>
         <size>0x1a</size>
         <input_file_ref idref="fl-15"/>
      </object_component>
      <object_component id="oc-6d6">
         <name>.text:copysign</name>
         <load_address>0x5202</load_address>
         <run_address>0x5202</run_address>
         <size>0x1a</size>
         <input_file_ref idref="fl-105"/>
      </object_component>
      <object_component id="oc-705">
         <name>.text:strcmp</name>
         <load_address>0x521c</load_address>
         <run_address>0x521c</run_address>
         <size>0x18</size>
         <input_file_ref idref="fl-10f"/>
      </object_component>
      <object_component id="oc-4b0">
         <name>.text:EUSCI_A_SPI_enable</name>
         <load_address>0x5234</load_address>
         <run_address>0x5234</run_address>
         <size>0x16</size>
         <input_file_ref idref="fl-1e"/>
      </object_component>
      <object_component id="oc-4b6">
         <name>.text:EUSCI_B_SPI_enable</name>
         <load_address>0x524a</load_address>
         <run_address>0x524a</run_address>
         <size>0x16</size>
         <input_file_ref idref="fl-1e"/>
      </object_component>
      <object_component id="oc-140">
         <name>.text:Graphics_setForegroundColor</name>
         <load_address>0x5260</load_address>
         <run_address>0x5260</run_address>
         <size>0x16</size>
         <input_file_ref idref="fl-15"/>
      </object_component>
      <object_component id="oc-2a7">
         <name>.text:Graphics_translateColorOnDisplay</name>
         <load_address>0x5276</load_address>
         <run_address>0x5276</run_address>
         <size>0x16</size>
         <input_file_ref idref="fl-16"/>
      </object_component>
      <object_component id="oc-2fc">
         <name>.text:randbyte</name>
         <load_address>0x528c</load_address>
         <run_address>0x528c</run_address>
         <size>0x16</size>
         <input_file_ref idref="fl-4"/>
      </object_component>
      <object_component id="oc-611">
         <name>.text:strchr</name>
         <load_address>0x52a2</load_address>
         <run_address>0x52a2</run_address>
         <size>0x16</size>
         <input_file_ref idref="fl-fa"/>
      </object_component>
      <object_component id="oc-2a0">
         <name>.text:Timer32_disableInterrupt</name>
         <load_address>0x52b8</load_address>
         <run_address>0x52b8</run_address>
         <size>0x14</size>
         <input_file_ref idref="fl-1f"/>
      </object_component>
      <object_component id="oc-1e6">
         <name>.text:Timer32_haltTimer</name>
         <load_address>0x52cc</load_address>
         <run_address>0x52cc</run_address>
         <size>0x14</size>
         <input_file_ref idref="fl-1f"/>
      </object_component>
      <object_component id="oc-722">
         <name>.text:strcpy</name>
         <load_address>0x52e0</load_address>
         <run_address>0x52e0</run_address>
         <size>0x14</size>
         <input_file_ref idref="fl-11c"/>
      </object_component>
      <object_component id="oc-4df">
         <name>.text:strlen</name>
         <load_address>0x52f4</load_address>
         <run_address>0x52f4</run_address>
         <size>0x14</size>
         <input_file_ref idref="fl-fb"/>
      </object_component>
      <object_component id="oc-152">
         <name>.text:Graphics_clearDisplay</name>
         <load_address>0x5308</load_address>
         <run_address>0x5308</run_address>
         <size>0x12</size>
         <input_file_ref idref="fl-15"/>
      </object_component>
      <object_component id="oc-438">
         <name>.text:Graphics_flushOnDisplay</name>
         <load_address>0x531a</load_address>
         <run_address>0x531a</run_address>
         <size>0x12</size>
         <input_file_ref idref="fl-16"/>
      </object_component>
      <object_component id="oc-514">
         <name>.text:wcslen</name>
         <load_address>0x532c</load_address>
         <run_address>0x532c</run_address>
         <size>0x12</size>
         <input_file_ref idref="fl-107"/>
      </object_component>
      <object_component id="oc-291">
         <name>.text:ADCIsConversionRunning</name>
         <load_address>0x5340</load_address>
         <run_address>0x5340</run_address>
         <size>0x10</size>
         <input_file_ref idref="fl-1a"/>
      </object_component>
      <object_component id="oc-30f">
         <name>.text:Graphics_flushBuffer</name>
         <load_address>0x5350</load_address>
         <run_address>0x5350</run_address>
         <size>0xe</size>
         <input_file_ref idref="fl-15"/>
      </object_component>
      <object_component id="oc-1da">
         <name>.text:Timer32_getValue</name>
         <load_address>0x535e</load_address>
         <run_address>0x535e</run_address>
         <size>0xe</size>
         <input_file_ref idref="fl-1f"/>
      </object_component>
      <object_component id="oc-221">
         <name>.text:__time32</name>
         <load_address>0x536c</load_address>
         <run_address>0x536c</run_address>
         <size>0xe</size>
         <input_file_ref idref="fl-fe"/>
      </object_component>
      <object_component id="oc-1d">
         <name>.text:decompress:none:__TI_decompress_none</name>
         <load_address>0x537a</load_address>
         <run_address>0x537a</run_address>
         <size>0xe</size>
         <input_file_ref idref="fl-ee"/>
      </object_component>
      <object_component id="oc-6a">
         <name>.text:Reset_Handler</name>
         <load_address>0x5388</load_address>
         <run_address>0x5388</run_address>
         <size>0xc</size>
         <input_file_ref idref="fl-9"/>
      </object_component>
      <object_component id="oc-4c">
         <name>.text:decompress:ZI:__TI_zero_init</name>
         <load_address>0x5394</load_address>
         <run_address>0x5394</run_address>
         <size>0xc</size>
         <input_file_ref idref="fl-ed"/>
      </object_component>
      <object_component id="oc-3b9">
         <name>.text:Crystalfontz128x128_Flush</name>
         <load_address>0x53a0</load_address>
         <run_address>0x53a0</run_address>
         <size>0xa</size>
         <input_file_ref idref="fl-7"/>
      </object_component>
      <object_component id="oc-51a">
         <name>.text:__aeabi_errno_addr</name>
         <load_address>0x53ac</load_address>
         <run_address>0x53ac</run_address>
         <size>0x8</size>
         <input_file_ref idref="fl-103"/>
      </object_component>
      <object_component id="oc-56c">
         <name>.text:malloc</name>
         <load_address>0x53b4</load_address>
         <run_address>0x53b4</run_address>
         <size>0x8</size>
         <input_file_ref idref="fl-f8"/>
      </object_component>
      <object_component id="oc-416">
         <name>.text:_outc</name>
         <load_address>0x53bc</load_address>
         <run_address>0x53bc</run_address>
         <size>0x4</size>
         <input_file_ref idref="fl-d9"/>
      </object_component>
      <object_component id="oc-410">
         <name>.text:_outs</name>
         <load_address>0x53c0</load_address>
         <run_address>0x53c0</run_address>
         <size>0x4</size>
         <input_file_ref idref="fl-d9"/>
      </object_component>
      <object_component id="oc-a0">
         <name>.text:_system_pre_init</name>
         <load_address>0x53c4</load_address>
         <run_address>0x53c4</run_address>
         <size>0x4</size>
         <input_file_ref idref="fl-10c"/>
      </object_component>
      <object_component id="oc-169">
         <name>.text:abort:abort</name>
         <load_address>0x53c8</load_address>
         <run_address>0x53c8</run_address>
         <size>0x4</size>
         <input_file_ref idref="fl-f0"/>
      </object_component>
      <object_component id="oc-2ba">
         <name>.const:.string:g_pucCm12bData</name>
         <load_address>0x53cc</load_address>
         <run_address>0x53cc</run_address>
         <size>0x530</size>
         <input_file_ref idref="fl-17"/>
      </object_component>
      <object_component id="oc-5ba">
         <name>.const:.string:_ctypes_</name>
         <load_address>0x58fc</load_address>
         <run_address>0x58fc</run_address>
         <size>0x101</size>
         <input_file_ref idref="fl-f4"/>
      </object_component>
      <object_component id="oc-165">
         <name>.const:g_sFontCm12b</name>
         <load_address>0x5a00</load_address>
         <run_address>0x5a00</run_address>
         <size>0xc8</size>
         <input_file_ref idref="fl-17"/>
      </object_component>
      <object_component id="oc-1ae">
         <name>.const:_ctlRegs</name>
         <load_address>0x5ac8</load_address>
         <run_address>0x5ac8</run_address>
         <size>0x80</size>
         <input_file_ref idref="fl-1a"/>
      </object_component>
      <object_component id="oc-383">
         <name>.const:GPIO_PORT_TO_BASE</name>
         <load_address>0x5b48</load_address>
         <run_address>0x5b48</run_address>
         <size>0x30</size>
         <input_file_ref idref="fl-1b"/>
      </object_component>
      <object_component id="oc-28c">
         <name>.const:g_sCrystalfontz128x128_funcs</name>
         <load_address>0x5b78</load_address>
         <run_address>0x5b78</run_address>
         <size>0x20</size>
         <input_file_ref idref="fl-7"/>
      </object_component>
      <object_component id="oc-37a">
         <name>.const:$P$T0$1</name>
         <load_address>0x5b98</load_address>
         <run_address>0x5b98</run_address>
         <size>0x1c</size>
         <input_file_ref idref="fl-8"/>
      </object_component>
      <object_component id="oc-4ca">
         <name>.const:$P$T0$1</name>
         <load_address>0x5bb4</load_address>
         <run_address>0x5bb4</run_address>
         <size>0x8</size>
         <input_file_ref idref="fl-7"/>
      </object_component>
      <object_component id="oc-795">
         <name>.cinit..data.load</name>
         <load_address>0x5bc0</load_address>
         <run_address>0x5bc0</run_address>
         <size>0xb9</size>
      </object_component>
      <object_component id="oc-793">
         <name>__TI_handler_table</name>
         <load_address>0x5c7c</load_address>
         <run_address>0x5c7c</run_address>
         <size>0xc</size>
      </object_component>
      <object_component id="oc-796">
         <name>.cinit..bss.load</name>
         <load_address>0x5c88</load_address>
         <run_address>0x5c88</run_address>
         <size>0x8</size>
      </object_component>
      <object_component id="oc-794">
         <name>__TI_cinit_table</name>
         <load_address>0x5c90</load_address>
         <run_address>0x5c90</run_address>
         <size>0x10</size>
      </object_component>
      <object_component id="oc-767">
         <name>.binit</name>
         <load_address>0x0</load_address>
         <run_address>0x0</run_address>
         <size>0x0</size>
      </object_component>
      <object_component id="oc-235">
         <name>.data:chip8_fontset</name>
         <load_address>0x20006c00</load_address>
         <run_address>0x20006c00</run_address>
         <size>0x50</size>
         <input_file_ref idref="fl-4"/>
      </object_component>
      <object_component id="oc-289">
         <name>.data:g_sCrystalfontz128x128</name>
         <load_address>0x20006c50</load_address>
         <run_address>0x20006c50</run_address>
         <size>0x10</size>
         <input_file_ref idref="fl-7"/>
      </object_component>
      <object_component id="oc-33c">
         <name>.data</name>
         <load_address>0x20006c90</load_address>
         <run_address>0x20006c90</run_address>
         <size>0x4</size>
         <input_file_ref idref="fl-dd"/>
      </object_component>
      <object_component id="oc-2c1">
         <name>.data:$O1$$</name>
         <load_address>0x20006c70</load_address>
         <run_address>0x20006c70</run_address>
         <size>0xc</size>
         <input_file_ref idref="fl-f0"/>
      </object_component>
      <object_component id="oc-2c4">
         <name>.data:$O1$$</name>
         <load_address>0x20006c7c</load_address>
         <run_address>0x20006c7c</run_address>
         <size>0x8</size>
         <input_file_ref idref="fl-f1"/>
      </object_component>
      <object_component id="oc-33d">
         <name>.data:_ftable</name>
         <load_address>0x20006a48</load_address>
         <run_address>0x20006a48</run_address>
         <size>0xf0</size>
         <input_file_ref idref="fl-f5"/>
      </object_component>
      <object_component id="oc-340">
         <name>.data</name>
         <load_address>0x20006c60</load_address>
         <run_address>0x20006c60</run_address>
         <size>0x10</size>
         <input_file_ref idref="fl-f5"/>
      </object_component>
      <object_component id="oc-6a8">
         <name>.data:$O1$$</name>
         <load_address>0x20006c84</load_address>
         <run_address>0x20006c84</run_address>
         <size>0x8</size>
         <input_file_ref idref="fl-f8"/>
      </object_component>
      <object_component id="oc-32f">
         <name>.data</name>
         <load_address>0x20006c98</load_address>
         <run_address>0x20006c98</run_address>
         <size>0x4</size>
         <input_file_ref idref="fl-f9"/>
      </object_component>
      <object_component id="oc-585">
         <name>.data:_device</name>
         <load_address>0x20006b38</load_address>
         <run_address>0x20006b38</run_address>
         <size>0x78</size>
         <input_file_ref idref="fl-fd"/>
      </object_component>
      <object_component id="oc-489">
         <name>.data:_stream</name>
         <load_address>0x20006bb0</load_address>
         <run_address>0x20006bb0</run_address>
         <size>0x50</size>
         <input_file_ref idref="fl-fd"/>
      </object_component>
      <object_component id="oc-566">
         <name>.data</name>
         <load_address>0x20006c94</load_address>
         <run_address>0x20006c94</run_address>
         <size>0x4</size>
         <input_file_ref idref="fl-101"/>
      </object_component>
      <object_component id="oc-621">
         <name>.data</name>
         <load_address>0x20006c8c</load_address>
         <run_address>0x20006c8c</run_address>
         <size>0x4</size>
         <input_file_ref idref="fl-103"/>
      </object_component>
      <object_component id="oc-553">
         <name>.bss:_CIOBUF_</name>
         <uninitialized>true</uninitialized>
         <run_address>0x20006000</run_address>
         <size>0x120</size>
         <input_file_ref idref="fl-11a"/>
      </object_component>
      <object_component id="oc-22e">
         <name>.common:opcode</name>
         <uninitialized>true</uninitialized>
         <run_address>0x2000623c</run_address>
         <size>0x2</size>
      </object_component>
      <object_component id="oc-231">
         <name>.common:memory</name>
         <uninitialized>true</uninitialized>
         <run_address>0x20005000</run_address>
         <size>0x1000</size>
      </object_component>
      <object_component id="oc-232">
         <name>.common:V</name>
         <uninitialized>true</uninitialized>
         <run_address>0x200061fc</run_address>
         <size>0x10</size>
      </object_component>
      <object_component id="oc-22f">
         <name>.common:I</name>
         <uninitialized>true</uninitialized>
         <run_address>0x20006230</run_address>
         <size>0x2</size>
      </object_component>
      <object_component id="oc-22d">
         <name>.common:PC</name>
         <uninitialized>true</uninitialized>
         <run_address>0x20006238</run_address>
         <size>0x2</size>
      </object_component>
      <object_component id="oc-233">
         <name>.common:gfx</name>
         <uninitialized>true</uninitialized>
         <run_address>0x20004000</run_address>
         <size>0x1000</size>
      </object_component>
      <object_component id="oc-238">
         <name>.common:delay_timer</name>
         <uninitialized>true</uninitialized>
         <run_address>0x20006242</run_address>
         <size>0x1</size>
      </object_component>
      <object_component id="oc-239">
         <name>.common:sound_timer</name>
         <uninitialized>true</uninitialized>
         <run_address>0x20006244</run_address>
         <size>0x1</size>
      </object_component>
      <object_component id="oc-234">
         <name>.common:stack</name>
         <uninitialized>true</uninitialized>
         <run_address>0x200061c0</run_address>
         <size>0x20</size>
      </object_component>
      <object_component id="oc-230">
         <name>.common:SP</name>
         <uninitialized>true</uninitialized>
         <run_address>0x2000623a</run_address>
         <size>0x2</size>
      </object_component>
      <object_component id="oc-1ca">
         <name>.common:key</name>
         <uninitialized>true</uninitialized>
         <run_address>0x2000620c</run_address>
         <size>0x10</size>
      </object_component>
      <object_component id="oc-1f8">
         <name>.common:chip8_draw_flag</name>
         <uninitialized>true</uninitialized>
         <run_address>0x20006224</run_address>
         <size>0x4</size>
      </object_component>
      <object_component id="oc-de">
         <name>.common:joyXState</name>
         <uninitialized>true</uninitialized>
         <run_address>0x20006228</run_address>
         <size>0x4</size>
      </object_component>
      <object_component id="oc-e1">
         <name>.common:joyYState</name>
         <uninitialized>true</uninitialized>
         <run_address>0x2000622c</run_address>
         <size>0x4</size>
      </object_component>
      <object_component id="oc-164">
         <name>.common:g_sContext</name>
         <uninitialized>true</uninitialized>
         <run_address>0x200061e0</run_address>
         <size>0x1c</size>
      </object_component>
      <object_component id="oc-28f">
         <name>.common:gfx2</name>
         <uninitialized>true</uninitialized>
         <run_address>0x20000000</run_address>
         <size>0x4000</size>
      </object_component>
      <object_component id="oc-1c2">
         <name>.common:inp</name>
         <uninitialized>true</uninitialized>
         <run_address>0x20006243</run_address>
         <size>0x1</size>
      </object_component>
      <object_component id="oc-281">
         <name>.common:Lcd_Orientation</name>
         <uninitialized>true</uninitialized>
         <run_address>0x20006240</run_address>
         <size>0x1</size>
      </object_component>
      <object_component id="oc-278">
         <name>.common:Lcd_ScreenWidth</name>
         <uninitialized>true</uninitialized>
         <run_address>0x20006234</run_address>
         <size>0x2</size>
      </object_component>
      <object_component id="oc-27b">
         <name>.common:Lcd_ScreenHeigth</name>
         <uninitialized>true</uninitialized>
         <run_address>0x20006232</run_address>
         <size>0x2</size>
      </object_component>
      <object_component id="oc-27c">
         <name>.common:Lcd_PenSolid</name>
         <uninitialized>true</uninitialized>
         <run_address>0x20006241</run_address>
         <size>0x1</size>
      </object_component>
      <object_component id="oc-27d">
         <name>.common:Lcd_FontSolid</name>
         <uninitialized>true</uninitialized>
         <run_address>0x2000623f</run_address>
         <size>0x1</size>
      </object_component>
      <object_component id="oc-27e">
         <name>.common:Lcd_FlagRead</name>
         <uninitialized>true</uninitialized>
         <run_address>0x2000623e</run_address>
         <size>0x1</size>
      </object_component>
      <object_component id="oc-27f">
         <name>.common:Lcd_TouchTrim</name>
         <uninitialized>true</uninitialized>
         <run_address>0x20006236</run_address>
         <size>0x2</size>
      </object_component>
      <object_component id="oc-4a2">
         <name>.common:__TI_tmpnams</name>
         <uninitialized>true</uninitialized>
         <run_address>0x20006120</run_address>
         <size>0xa0</size>
[...]
         <value>0x3aa9</value>
         <object_component_ref idref="oc-4f1"/>
      </symbol>
      <symbol id="sm-90e">
         <name>__aeabi_cdcmple</name>
         <value>0x3aa9</value>
         <object_component_ref idref="oc-4f1"/>
      </symbol>
      <symbol id="sm-90f">
         <name>__aeabi_cdrcmple</name>
         <value>0x3b2f</value>
         <object_component_ref idref="oc-5d0"/>
      </symbol>
      <symbol id="sm-923">
         <name>__aeabi_ddiv</name>
         <value>0x1f81</value>
         <object_component_ref idref="oc-5cb"/>
      </symbol>
      <symbol id="sm-92e">
         <name>__aeabi_dmul</name>
         <value>0x2a8d</value>
         <object_component_ref idref="oc-5c6"/>
      </symbol>
      <symbol id="sm-938">
         <name>__aeabi_d2iz</name>
         <value>0x485d</value>
         <object_component_ref idref="oc-5d5"/>
      </symbol>
      <symbol id="sm-942">
         <name>__aeabi_i2d</name>
         <value>0x4e4d</value>
         <object_component_ref idref="oc-5e0"/>
      </symbol>
      <symbol id="sm-95d">
         <name>memcpy</name>
         <value>0x3861</value>
         <object_component_ref idref="oc-3a"/>
      </symbol>
      <symbol id="sm-95e">
         <name>__aeabi_memcpy</name>
         <value>0x3861</value>
         <object_component_ref idref="oc-3a"/>
      </symbol>
      <symbol id="sm-95f">
         <name>__aeabi_memcpy8</name>
         <value>0x3861</value>
         <object_component_ref idref="oc-3a"/>
      </symbol>
      <symbol id="sm-960">
         <name>__aeabi_memcpy4</name>
         <value>0x3861</value>
         <object_component_ref idref="oc-3a"/>
      </symbol>
      <symbol id="sm-96d">
         <name>__aeabi_uldivmod</name>
         <value>0x38fd</value>
         <object_component_ref idref="oc-5bf"/>
      </symbol>
      <symbol id="sm-97f">
         <name>__TI_zero_init</name>
         <value>0x5395</value>
         <object_component_ref idref="oc-4c"/>
      </symbol>
      <symbol id="sm-996">
         <name>__TI_decompress_none</name>
         <value>0x537b</value>
         <object_component_ref idref="oc-1d"/>
      </symbol>
      <symbol id="sm-9b9">
         <name>__TI_decompress_lzss</name>
         <value>0x4025</value>
         <object_component_ref idref="oc-17"/>
      </symbol>
      <symbol id="sm-9df">
         <name>C$$EXIT</name>
         <value>0x53c9</value>
         <object_component_ref idref="oc-169"/>
      </symbol>
      <symbol id="sm-9e0">
         <name>abort</name>
         <value>0x53c9</value>
         <object_component_ref idref="oc-169"/>
      </symbol>
      <symbol id="sm-9e1">
         <name>__TI_dtors_ptr</name>
         <value>0x20006c74</value>
         <object_component_ref idref="oc-2c1"/>
      </symbol>
      <symbol id="sm-9e2">
         <name>__TI_cleanup_ptr</name>
         <value>0x20006c70</value>
         <object_component_ref idref="oc-2c1"/>
      </symbol>
      <symbol id="sm-9e3">
         <name>__TI_enable_exit_profile_output</name>
         <value>0x20006c78</value>
         <object_component_ref idref="oc-2c1"/>
      </symbol>
      <symbol id="sm-9e4">
         <name>exit</name>
         <value>0x47cd</value>
         <object_component_ref idref="oc-16f"/>
      </symbol>
      <symbol id="sm-9f9">
         <name>_nop</name>
         <value>0x1ce3</value>
         <object_component_ref idref="oc-3eb"/>
      </symbol>
      <symbol id="sm-9fa">
         <name>_lock</name>
         <value>0x20006c7c</value>
         <object_component_ref idref="oc-2c4"/>
      </symbol>
      <symbol id="sm-9fb">
         <name>_unlock</name>
         <value>0x20006c80</value>
         <object_component_ref idref="oc-2c4"/>
      </symbol>
      <symbol id="sm-a0a">
         <name>__TI_ltoa</name>
         <value>0x45a9</value>
         <object_component_ref idref="oc-5da"/>
      </symbol>
      <symbol id="sm-a20">
         <name>atoi</name>
         <value>0x46ed</value>
         <object_component_ref idref="oc-4e5"/>
      </symbol>
      <symbol id="sm-a2b">
         <name>_ctypes_</name>
         <value>0x58fc</value>
         <object_component_ref idref="oc-5ba"/>
      </symbol>
      <symbol id="sm-a40">
         <name>__TI_tmpnams</name>
         <value>0x20006120</value>
      </symbol>
      <symbol id="sm-a41">
         <name>__aeabi_stdout</name>
         <value>0x20006c68</value>
         <object_component_ref idref="oc-340"/>
      </symbol>
      <symbol id="sm-a42">
         <name>__aeabi_stderr</name>
         <value>0x20006c6c</value>
         <object_component_ref idref="oc-340"/>
      </symbol>
      <symbol id="sm-a43">
         <name>__aeabi_stdin</name>
         <value>0x20006c64</value>
         <object_component_ref idref="oc-340"/>
      </symbol>
      <symbol id="sm-a44">
         <name>_ftable</name>
         <value>0x20006a48</value>
         <object_component_ref idref="oc-33d"/>
      </symbol>
      <symbol id="sm-a45">
         <name>__TI_ft_end</name>
         <value>0x20006c60</value>
         <object_component_ref idref="oc-340"/>
      </symbol>
      <symbol id="sm-a55">
         <name>memccpy</name>
         <value>0x5199</value>
         <object_component_ref idref="oc-50e"/>
      </symbol>
      <symbol id="sm-a65">
         <name>memchr</name>
         <value>0x5105</value>
         <object_component_ref idref="oc-63d"/>
      </symbol>
      <symbol id="sm-ae9">
         <name>_sys_memory</name>
         <value>0x20006248</value>
         <object_component_ref idref="oc-29"/>
      </symbol>
      <symbol id="sm-aea">
         <name>free</name>
         <value>0x2c81</value>
         <object_component_ref idref="oc-490"/>
      </symbol>
      <symbol id="sm-aeb">
         <name>memalign</name>
         <value>0x2881</value>
         <object_component_ref idref="oc-66d"/>
      </symbol>
      <symbol id="sm-aec">
         <name>malloc</name>
         <value>0x53b5</value>
         <object_component_ref idref="oc-56c"/>
      </symbol>
      <symbol id="sm-aed">
         <name>aligned_alloc</name>
         <value>0x2881</value>
         <object_component_ref idref="oc-66d"/>
      </symbol>
      <symbol id="sm-b12">
         <name>rand</name>
         <value>0x4d89</value>
         <object_component_ref idref="oc-423"/>
      </symbol>
      <symbol id="sm-b13">
         <name>srand</name>
         <value>0x50e1</value>
         <object_component_ref idref="oc-227"/>
      </symbol>
      <symbol id="sm-b23">
         <name>strchr</name>
         <value>0x52a3</value>
         <object_component_ref idref="oc-611"/>
      </symbol>
      <symbol id="sm-b31">
         <name>strlen</name>
         <value>0x52f5</value>
         <object_component_ref idref="oc-4df"/>
      </symbol>
      <symbol id="sm-b4b">
         <name>write</name>
         <value>0x5071</value>
         <object_component_ref idref="oc-57b"/>
      </symbol>
      <symbol id="sm-b5c">
         <name>_stream</name>
         <value>0x20006bb0</value>
         <object_component_ref idref="oc-489"/>
      </symbol>
      <symbol id="sm-b5d">
         <name>_device</name>
         <value>0x20006b38</value>
         <object_component_ref idref="oc-585"/>
      </symbol>
      <symbol id="sm-b75">
         <name>__time32</name>
         <value>0x536d</value>
         <object_component_ref idref="oc-221"/>
      </symbol>
      <symbol id="sm-b76">
         <name>time</name>
         <value>0x536d</value>
         <object_component_ref idref="oc-221"/>
      </symbol>
      <symbol id="sm-b87">
         <name>read</name>
         <value>0x5049</value>
         <object_component_ref idref="oc-351"/>
      </symbol>
      <symbol id="sm-ba4">
         <name>open</name>
         <value>0x2fd9</value>
         <object_component_ref idref="oc-45f"/>
      </symbol>
      <symbol id="sm-bb8">
         <name>close</name>
         <value>0x4341</value>
         <object_component_ref idref="oc-496"/>
      </symbol>
      <symbol id="sm-bce">
         <name>__aeabi_errno_addr</name>
         <value>0x53ad</value>
         <object_component_ref idref="oc-51a"/>
      </symbol>
      <symbol id="sm-bcf">
         <name>errno</name>
         <value>0x20006c8c</value>
         <object_component_ref idref="oc-621"/>
      </symbol>
      <symbol id="sm-be2">
         <name>__stack</name>
         <value>0x2000fe00</value>
         <object_component_ref idref="oc-2c"/>
      </symbol>
      <symbol id="sm-be3">
         <name>_c_int00_noargs</name>
         <value>0x4d55</value>
         <object_component_ref idref="oc-58"/>
      </symbol>
      <symbol id="sm-bed">
         <name>copysign</name>
         <value>0x5203</value>
         <object_component_ref idref="oc-6d6"/>
      </symbol>
      <symbol id="sm-bee">
         <name>copysignl</name>
         <value>0x5203</value>
         <object_component_ref idref="oc-6d6"/>
      </symbol>
      <symbol id="sm-c04">
         <name>frexpl</name>
         <value>0x40f5</value>
         <object_component_ref idref="oc-605"/>
      </symbol>
      <symbol id="sm-c05">
         <name>frexp</name>
         <value>0x40f5</value>
         <object_component_ref idref="oc-605"/>
      </symbol>
      <symbol id="sm-c1e">
         <name>wcslen</name>
         <value>0x532d</value>
         <object_component_ref idref="oc-514"/>
      </symbol>
      <symbol id="sm-c30">
         <name>fseek</name>
         <value>0x4159</value>
         <object_component_ref idref="oc-6f2"/>
      </symbol>
      <symbol id="sm-c53">
         <name>finddevice</name>
         <value>0x4e1d</value>
         <object_component_ref idref="oc-663"/>
      </symbol>
      <symbol id="sm-c54">
         <name>getdevice</name>
         <value>0x4971</value>
         <object_component_ref idref="oc-560"/>
      </symbol>
      <symbol id="sm-c5e">
         <name>__aeabi_idiv0</name>
         <value>0x20b7</value>
         <object_component_ref idref="oc-6bd"/>
      </symbol>
      <symbol id="sm-c5f">
         <name>__aeabi_ldiv0</name>
         <value>0x20b7</value>
         <object_component_ref idref="oc-6bd"/>
      </symbol>
      <symbol id="sm-c87">
         <name>__TI_auto_init_nobinit_nopinit</name>
         <value>0x492d</value>
         <object_component_ref idref="oc-175"/>
      </symbol>
      <symbol id="sm-c91">
         <name>_system_pre_init</name>
         <value>0x53c5</value>
         <object_component_ref idref="oc-a0"/>
      </symbol>
      <symbol id="sm-ca2">
         <name>strcmp</name>
         <value>0x521d</value>
         <object_component_ref idref="oc-705"/>
      </symbol>
      <symbol id="sm-cb2">
         <name>strncpy</name>
         <value>0x4c81</value>
         <object_component_ref idref="oc-65d"/>
      </symbol>
      <symbol id="sm-cc2">
         <name>unlink</name>
         <value>0x4f01</value>
         <object_component_ref idref="oc-49c"/>
      </symbol>
      <symbol id="sm-cd3">
         <name>HOSTclose</name>
         <value>0x48a5</value>
         <object_component_ref idref="oc-680"/>
      </symbol>
      <symbol id="sm-ce4">
         <name>HOSTlseek</name>
         <value>0x3f55</value>
         <object_component_ref idref="oc-692"/>
      </symbol>
      <symbol id="sm-cf6">
         <name>parmbuf</name>
         <value>0x2000621c</value>
      </symbol>
      <symbol id="sm-cf7">
         <name>HOSTopen</name>
         <value>0x42e1</value>
         <object_component_ref idref="oc-67a"/>
      </symbol>
      <symbol id="sm-d08">
         <name>HOSTread</name>
         <value>0x439d</value>
         <object_component_ref idref="oc-686"/>
      </symbol>
      <symbol id="sm-d19">
         <name>HOSTrename</name>
         <value>0x3ee9</value>
         <object_component_ref idref="oc-69e"/>
      </symbol>
      <symbol id="sm-d31">
         <name>HOSTtime</name>
         <value>0x4785</value>
         <object_component_ref idref="oc-322"/>
      </symbol>
      <symbol id="sm-d42">
         <name>HOSTunlink</name>
         <value>0x48e9</value>
         <object_component_ref idref="oc-698"/>
      </symbol>
      <symbol id="sm-d53">
         <name>HOSTwrite</name>
         <value>0x43f5</value>
         <object_component_ref idref="oc-68c"/>
      </symbol>
      <symbol id="sm-d77">
         <name>__TI_readmsg</name>
         <value>0x4d21</value>
         <object_component_ref idref="oc-445"/>
      </symbol>
      <symbol id="sm-d78">
         <name>C$$IO$$</name>
         <value>0x4bd3</value>
         <object_component_ref idref="oc-43f"/>
      </symbol>
      <symbol id="sm-d79">
         <name>__CIOBUF_</name>
         <value>0x20006000</value>
         <object_component_ref idref="oc-553"/>
      </symbol>
      <symbol id="sm-d7a">
         <name>__TI_writemsg</name>
         <value>0x4ba5</value>
         <object_component_ref idref="oc-43f"/>
      </symbol>
      <symbol id="sm-d8a">
         <name>lseek</name>
         <value>0x5021</value>
         <object_component_ref idref="oc-73d"/>
      </symbol>
      <symbol id="sm-d98">
         <name>strcpy</name>
         <value>0x52e1</value>
         <object_component_ref idref="oc-722"/>
      </symbol>
      <symbol id="sm-d99">
         <name>__TI_static_base__</name>
         <value>0x0</value>
      </symbol>
      <symbol id="sm-d9c">
         <name>__mpu_init</name>
         <value>0x0</value>
      </symbol>
      <symbol id="sm-d9d">
         <name>_system_post_cinit</name>
         <value>0x0</value>
      </symbol>
      <symbol id="sm-d9e">
         <name>NMI_Handler</name>
         <value>0xb33</value>
      </symbol>
      <symbol id="sm-d9f">
         <name>HardFault_Handler</name>
         <value>0xb33</value>
      </symbol>
      <symbol id="sm-da0">
         <name>MemManage_Handler</name>
         <value>0xb33</value>
      </symbol>
      <symbol id="sm-da1">
         <name>BusFault_Handler</name>
         <value>0xb33</value>
      </symbol>
      <symbol id="sm-da2">
         <name>UsageFault_Handler</name>
         <value>0xb33</value>
      </symbol>
      <symbol id="sm-da3">
         <name>SVC_Handler</name>
         <value>0xb33</value>
      </symbol>
      <symbol id="sm-da4">
         <name>DebugMon_Handler</name>
         <value>0xb33</value>
      </symbol>
      <symbol id="sm-da5">
         <name>PendSV_Handler</name>
         <value>0xb33</value>
      </symbol>
      <symbol id="sm-da6">
         <name>SysTick_Handler</name>
         <value>0xb33</value>
      </symbol>
      <symbol id="sm-da7">
         <name>PSS_IRQHandler</name>
         <value>0xb33</value>
      </symbol>
      <symbol id="sm-da8">
         <name>CS_IRQHandler</name>
         <value>0xb33</value>
      </symbol>
      <symbol id="sm-da9">
         <name>PCM_IRQHandler</name>
         <value>0xb33</value>
      </symbol>
      <symbol id="sm-daa">
         <name>WDT_A_IRQHandler</name>
         <value>0xb33</value>
      </symbol>
      <symbol id="sm-dab">
         <name>FPU_IRQHandler</name>
         <value>0xb33</value>
      </symbol>
      <symbol id="sm-dac">
         <name>FLCTL_IRQHandler</name>
         <value>0xb33</value>
      </symbol>
      <symbol id="sm-dad">
         <name>COMP_E0_IRQHandler</name>
         <value>0xb33</value>
      </symbol>
      <symbol id="sm-dae">
         <name>COMP_E1_IRQHandler</name>
         <value>0xb33</value>
      </symbol>
      <symbol id="sm-daf">
         <name>TA0_0_IRQHandler</name>
         <value>0xb33</value>
      </symbol>
      <symbol id="sm-db0">
         <name>TA0_N_IRQHandler</name>
         <value>0xb33</value>
      </symbol>
      <symbol id="sm-db1">
         <name>TA1_0_IRQHandler</name>
         <value>0xb33</value>
      </symbol>
      <symbol id="sm-db2">
         <name>TA1_N_IRQHandler</name>
         <value>0xb33</value>
      </symbol>
      <symbol id="sm-db3">
         <name>TA2_0_IRQHandler</name>
         <value>0xb33</value>
      </symbol>
      <symbol id="sm-db4">
         <name>TA2_N_IRQHandler</name>
         <value>0xb33</value>
      </symbol>
      <symbol id="sm-db5">
         <name>TA3_0_IRQHandler</name>
         <value>0xb33</value>
      </symbol>
      <symbol id="sm-db6">
         <name>TA3_N_IRQHandler</name>
         <value>0xb33</value>
      </symbol>
      <symbol id="sm-db7">
         <name>EUSCIA0_IRQHandler</name>
         <value>0xb33</value>
      </symbol>
      <symbol id="sm-db8">
         <name>EUSCIA1_IRQHandler</name>
         <value>0xb33</value>
      </symbol>
      <symbol id="sm-db9">
         <name>EUSCIA2_IRQHandler</name>
         <value>0xb33</value>
      </symbol>
      <symbol id="sm-dba">
         <name>EUSCIA3_IRQHandler</name>
         <value>0xb33</value>
      </symbol>
      <symbol id="sm-dbb">
         <name>EUSCIB0_IRQHandler</name>
         <value>0xb33</value>
      </symbol>
      <symbol id="sm-dbc">
         <name>EUSCIB1_IRQHandler</name>
         <value>0xb33</value>
      </symbol>
      <symbol id="sm-dbd">
         <name>EUSCIB2_IRQHandler</name>
         <value>0xb33</value>
      </symbol>
      <symbol id="sm-dbe">
         <name>EUSCIB3_IRQHandler</name>
         <value>0xb33</value>
      </symbol>
      <symbol id="sm-dbf">
         <name>ADC14_IRQHandler</name>
         <value>0x3e7d</value>
      </symbol>
      <symbol id="sm-dc0">
         <name>T32_INT1_IRQHandler</name>
         <value>0xb33</value>
      </symbol>
      <symbol id="sm-dc1">
         <name>T32_INT2_IRQHandler</name>
         <value>0xb33</value>
      </symbol>
      <symbol id="sm-dc2">
         <name>T32_INTC_IRQHandler</name>
         <value>0xb33</value>
      </symbol>
      <symbol id="sm-dc3">
         <name>AES256_IRQHandler</name>
         <value>0xb33</value>
      </symbol>
      <symbol id="sm-dc4">
         <name>RTC_C_IRQHandler</name>
         <value>0xb33</value>
      </symbol>
      <symbol id="sm-dc5">
         <name>DMA_ERR_IRQHandler</name>
         <value>0xb33</value>
      </symbol>
      <symbol id="sm-dc6">
         <name>DMA_INT3_IRQHandler</name>
         <value>0xb33</value>
      </symbol>
      <symbol id="sm-dc7">
         <name>DMA_INT2_IRQHandler</name>
         <value>0xb33</value>
      </symbol>
      <symbol id="sm-dc8">
         <name>DMA_INT1_IRQHandler</name>
         <value>0xb33</value>
      </symbol>
      <symbol id="sm-dc9">
         <name>DMA_INT0_IRQHandler</name>
         <value>0xb33</value>
      </symbol>
      <symbol id="sm-dca">
         <name>PORT1_IRQHandler</name>
         <value>0xb33</value>
      </symbol>
      <symbol id="sm-dcb">
         <name>PORT2_IRQHandler</name>
         <value>0xb33</value>
      </symbol>
      <symbol id="sm-dcc">
         <name>PORT3_IRQHandler</name>
         <value>0xb33</value>
      </symbol>
      <symbol id="sm-dcd">
         <name>PORT4_IRQHandler</name>
         <value>0xb33</value>
      </symbol>
      <symbol id="sm-dce">
         <name>PORT5_IRQHandler</name>
         <value>0xb33</value>
      </symbol>
      <symbol id="sm-dcf">
         <name>PORT6_IRQHandler</name>
         <value>0xb33</value>
      </symbol>
      <symbol id="sm-dd0">
         <name>remove</name>
         <value>0x4f01</value>
      </symbol>
   </symbol_table>
   <title>Link successful</title>
</link_info>
