******************************************************************************
                  TI ARM Linker PC v20.2.1                     
******************************************************************************
>> Linked Thu Nov  5 14:34:54 2020

OUTPUT FILE NAME:   <Exam2.out>
ENTRY POINT SYMBOL: "_c_int00_noargs"  address: 000031b1


MEMORY CONFIGURATION

         name            origin    length      used     unused   attr    fill
----------------------  --------  ---------  --------  --------  ----  --------
  MAIN                  00000000   00040000  00003d90  0003c270  R  X
  INFO                  00200000   00004000  00000000  00004000  R  X
  SRAM_CODE             01000000   00010000  0000021e  0000fde2  RW X
  SRAM_DATA             20000000   00010000  0000021e  0000fde2  RW  


SEGMENT ALLOCATION MAP

run origin  load origin   length   init length attrs members
----------  ----------- ---------- ----------- ----- -------
00000000    00000000    00003d90   00003d90    r-x
  00000000    00000000    000000e4   000000e4    r-- .intvecs
  000000e4    000000e4    000034dc   000034dc    r-x .text
  000035c0    000035c0    00000798   00000798    r-- .const
  00003d58    00003d58    00000038   00000038    r-- .cinit
20000000    20000000    0000001e   00000000    rw-
  20000000    20000000    00000014   00000000    rw- .data
  20000014    20000014    0000000a   00000000    rw- .bss
2000fe00    2000fe00    00000200   00000000    rw-
  2000fe00    2000fe00    00000200   00000000    rw- .stack


SECTION ALLOCATION MAP

 output                                  attributes/
section   page    origin      length       input sections
--------  ----  ----------  ----------   ----------------
.intvecs   0    00000000    000000e4     
                  00000000    000000e4     startup_msp432p401r_ccs.obj (.intvecs:retain)

.text      0    000000e4    000034dc     
                  000000e4    00000a4e     rtsv7M4_T_le_v4SPD16_eabi.lib : _printfi.c.obj (.text:__TI_printfi)
                  00000b32    0000047e     grlib.a : string.obj (.text:Graphics_drawString)
                  00000fb0    00000270     rtsv7M4_T_le_v4SPD16_eabi.lib : _printfi.c.obj (.text:_pconv_a)
                  00001220    000001d8     Crystalfontz128x128_ST7735.obj (.text:Crystalfontz128x128_PixelDrawMultiple)
                  000013f8    000001d0     rtsv7M4_T_le_v4SPD16_eabi.lib : _printfi.c.obj (.text:_pconv_g)
                  000015c8    000001b6                                   : fd_add_t2.asm.obj (.text)
                  0000177e    00000002     startup_msp432p401r_ccs.obj (.text:Default_Handler)
                  00001780    00000180     main.obj (.text:main)
                  00001900    0000013c     rtsv7M4_T_le_v4SPD16_eabi.lib : _printfi.c.obj (.text:_pconv_e)
                  00001a3c    00000136                                   : fd_div_t2.asm.obj (.text)
                  00001b72    00000002                                   : div0.asm.obj (.text)
                  00001b74    00000134     Crystalfontz128x128_ST7735.obj (.text:Crystalfontz128x128_SetDrawFrame)
                  00001ca8    0000012c     Crystalfontz128x128_ST7735.obj (.text:Crystalfontz128x128_Init)
                  00001dd4    00000124     rtsv7M4_T_le_v4SPD16_eabi.lib : _printfi.c.obj (.text:fcvt)
                  00001ef8    00000112     grlib.a : rectangle.obj (.text:Graphics_fillRectangle)
                  0000200a    00000002     --HOLE-- [fill = 0]
                  0000200c    00000110     rtsv7M4_T_le_v4SPD16_eabi.lib : s_scalbn.c.obj (.text:scalbn)
                  0000211c    000000fc                                   : fd_mul_t2.asm.obj (.text)
                  00002218    000000b1                                   : _printfi.c.obj (.text:_ltostr)
                  000022c9    00000001     --HOLE-- [fill = 0]
                  000022ca    000000b0     msp432p4xx_driverlib.lib : spi.o (.text:SPI_initMaster)
                  0000237a    000000a2     grlib.a : rectangle.obj (.text:Graphics_drawRectangle)
                  0000241c    0000009c     Crystalfontz128x128_ST7735.obj (.text:Crystalfontz128x128_RectFill)
                  000024b8    0000009c     grlib.a : line.obj (.text:Graphics_drawLineH)
                  00002554    0000009c             : line.obj (.text:Graphics_drawLineV)
                  000025f0    0000009c     rtsv7M4_T_le_v4SPD16_eabi.lib : memcpy_t2.asm.obj (.text)
                  0000268c    00000096                                   : ull_div_t2.asm.obj (.text)
                  00002722    00000002     --HOLE-- [fill = 0]
                  00002724    00000088     msp432p4xx_driverlib.lib : gpio.o (.text:GPIO_setAsPeripheralModuleFunctionOutputPin)
                  000027ac    00000086     rtsv7M4_T_le_v4SPD16_eabi.lib : fd_cmp_t2.asm.obj (.text:__aeabi_cdcmple)
                  00002832    00000086                                   : fd_cmp_t2.asm.obj (.text:__aeabi_cdrcmple)
                  000028b8    0000007a                                   : memset_t2.asm.obj (.text)
                  00002932    00000002     --HOLE-- [fill = 0]
                  00002934    00000078     system_msp432p401r.obj (.text:SystemInit)
                  000029ac    0000006e     rtsv7M4_T_le_v4SPD16_eabi.lib : _printfi.c.obj (.text:_mcpy)
                  00002a1a    00000002     --HOLE-- [fill = 0]
                  00002a1c    00000068     msp432p4xx_driverlib.lib : timer32.o (.text:Timer32_initModule)
                  00002a84    00000068     rtsv7M4_T_le_v4SPD16_eabi.lib : copy_decompress_lzss.c.obj (.text:decompress:lzss:__TI_decompress_lzss)
                  00002aec    00000064                                   : s_frexp.c.obj (.text:frexp)
                  00002b50    00000060     Crystalfontz128x128_ST7735.obj (.text:Crystalfontz128x128_LineDrawH)
                  00002bb0    00000060     Crystalfontz128x128_ST7735.obj (.text:Crystalfontz128x128_LineDrawV)
                  00002c10    00000056     rtsv7M4_T_le_v4SPD16_eabi.lib : _printfi.c.obj (.text:_pconv_f)
                  00002c66    00000002     --HOLE-- [fill = 0]
                  00002c68    00000054     Crystalfontz128x128_ST7735.obj (.text:Crystalfontz128x128_SetOrientation)
                  00002cbc    00000054     rtsv7M4_T_le_v4SPD16_eabi.lib : _ltoa.c.obj (.text:__TI_ltoa)
                  00002d10    00000052     grlib.a : context.obj (.text:Graphics_initContext)
                  00002d62    00000052     rtsv7M4_T_le_v4SPD16_eabi.lib : _printfi.c.obj (.text:_ecpy)
                  00002db4    0000004c                                   : atoi.c.obj (.text:atoi)
                  00002e00    0000004c                                   : snprintf.c.obj (.text:snprintf)
                  00002e4c    00000048     main.obj (.text:Init_Graph)
                  00002e94    00000048     rtsv7M4_T_le_v4SPD16_eabi.lib : fd_toi_t2.asm.obj (.text)
                  00002edc    00000044                                   : autoinit.c.obj (.text:__TI_auto_init_nobinit_nopinit:__TI_auto_init_nobinit_nopinit)
                  00002f20    00000040     Crystalfontz128x128_ST7735.obj (.text:Crystalfontz128x128_PixelDraw)
                  00002f60    00000040     msp432p4xx_driverlib.lib : gpio.o (.text:GPIO_setAsOutputPin)
                  00002fa0    00000040     grlib.a : string.obj (.text:Graphics_getNumberOfLeadingZeros)
                  00002fe0    00000040     HAL_MSP_EXP432P401R_Crystalfontz128x128_ST7735.obj (.text:HAL_LCD_SpiInit)
                  00003020    00000040     msp432p4xx_driverlib.lib : spi.o (.text:is_A_Module)
                  00003060    0000003e     rtsv7M4_T_le_v4SPD16_eabi.lib : _printfi.c.obj (.text:_fcpy)
                  0000309e    00000002     --HOLE-- [fill = 0]
                  000030a0    00000038     HAL_MSP_EXP432P401R_Crystalfontz128x128_ST7735.obj (.text:HAL_LCD_writeCommand)
                  000030d8    00000038     msp432p4xx_driverlib.lib : timer32.o (.text:Timer32_startTimer)
                  00003110    00000036     grlib.a : display.obj (.text:Graphics_drawHorizontalLineOnDisplay)
                  00003146    00000036             : display.obj (.text:Graphics_drawVerticalLineOnDisplay)
                  0000317c    00000034     msp432p4xx_driverlib.lib : timer32.o (.text:Timer32_setCount)
                  000031b0    00000034     rtsv7M4_T_le_v4SPD16_eabi.lib : boot_cortex_m.c.obj (.text:_c_int00_noargs:_c_int00_noargs)
                  000031e4    00000030     HAL_MSP_EXP432P401R_Crystalfontz128x128_ST7735.obj (.text:HAL_LCD_PortInit)
                  00003214    00000030     rtsv7M4_T_le_v4SPD16_eabi.lib : snprintf.c.obj (.text:_outs)
                  00003244    00000030     main.obj (.text:delay)
                  00003274    0000002e     rtsv7M4_T_le_v4SPD16_eabi.lib : i_tofd_t2.asm.obj (.text)
                  000032a2    00000002     --HOLE-- [fill = 0]
                  000032a4    0000002c     Crystalfontz128x128_ST7735.obj (.text:Crystalfontz128x128_ClearScreen)
                  000032d0    0000002c     grlib.a : display.obj (.text:Graphics_drawPixelOnDisplay)
                  000032fc    0000002c     HAL_MSP_EXP432P401R_Crystalfontz128x128_ST7735.obj (.text:HAL_LCD_writeData)
                  00003328    00000028     Crystalfontz128x128_ST7735.obj (.text:Crystalfontz128x128_ColorTranslate)
                  00003350    00000028     msp432p4xx_driverlib.lib : gpio.o (.text:GPIO_setOutputHighOnPin)
                  00003378    00000028                              : gpio.o (.text:GPIO_setOutputLowOnPin)
                  000033a0    0000001e     grlib.a : display.obj (.text:Graphics_fillRectangleOnDisplay)
                  000033be    0000001c     msp432p4xx_driverlib.lib : spi.o (.text:SPI_enableModule)
                  000033da    0000001c     rtsv7M4_T_le_v4SPD16_eabi.lib : copy_zero_init.c.obj (.text:decompress:ZI:__TI_zero_init_nomemset:__TI_zero_init_nomemset)
                  000033f6    00000002     --HOLE-- [fill = 0]
                  000033f8    0000001c     main.obj (.text:delay_init)
                  00003414    0000001c     rtsv7M4_T_le_v4SPD16_eabi.lib : memccpy.c.obj (.text:memccpy)
                  00003430    0000001a     grlib.a : display.obj (.text:Graphics_clearDisplayOnDisplay)
                  0000344a    0000001a             : context.obj (.text:Graphics_setBackgroundColor)
                  00003464    0000001a             : context.obj (.text:Graphics_setFont)
                  0000347e    0000001a     rtsv7M4_T_le_v4SPD16_eabi.lib : s_copysign.c.obj (.text:copysign)
                  00003498    00000018                                   : snprintf.c.obj (.text:_outc)
                  000034b0    00000016     msp432p4xx_driverlib.lib : spi.o (.text:EUSCI_A_SPI_enable)
                  000034c6    00000016                              : spi.o (.text:EUSCI_B_SPI_enable)
                  000034dc    00000016     grlib.a : context.obj (.text:Graphics_setForegroundColor)
                  000034f2    00000016             : display.obj (.text:Graphics_translateColorOnDisplay)
                  00003508    00000016     rtsv7M4_T_le_v4SPD16_eabi.lib : strchr.c.obj (.text:strchr)
                  0000351e    00000014     msp432p4xx_driverlib.lib : timer32.o (.text:Timer32_disableInterrupt)
                  00003532    00000014                              : timer32.o (.text:Timer32_haltTimer)
                  00003546    00000014     rtsv7M4_T_le_v4SPD16_eabi.lib : strlen.c.obj (.text:strlen)
                  0000355a    00000012     grlib.a : context.obj (.text:Graphics_clearDisplay)
                  0000356c    00000012     rtsv7M4_T_le_v4SPD16_eabi.lib : wcslen.c.obj (.text:wcslen)
                  0000357e    0000000e     msp432p4xx_driverlib.lib : timer32.o (.text:Timer32_getValue)
                  0000358c    0000000e     rtsv7M4_T_le_v4SPD16_eabi.lib : copy_decompress_none.c.obj (.text:decompress:none:__TI_decompress_none)
                  0000359a    0000000c     startup_msp432p401r_ccs.obj (.text:Reset_Handler)
                  000035a6    0000000a     Crystalfontz128x128_ST7735.obj (.text:Crystalfontz128x128_Flush)
                  000035b0    00000008     rtsv7M4_T_le_v4SPD16_eabi.lib : errno.c.obj (.text:__aeabi_errno_addr)
                  000035b8    00000004                                   : pre_init.c.obj (.text:_system_pre_init)
                  000035bc    00000004                                   : exit.c.obj (.text:abort:abort)

.const     0    000035c0    00000798     
                  000035c0    00000530     grlib.a : fontcm12b.obj (.const:.string:g_pucCm12bData)
                  00003af0    00000101     rtsv7M4_T_le_v4SPD16_eabi.lib : ctype.c.obj (.const:.string:_ctypes_)
                  00003bf1    00000003     --HOLE-- [fill = 0]
                  00003bf4    000000c8     grlib.a : fontcm12b.obj (.const:g_sFontCm12b)
                  00003cbc    00000030     msp432p4xx_driverlib.lib : gpio.o (.const:GPIO_PORT_TO_BASE)
                  00003cec    00000020     Crystalfontz128x128_ST7735.obj (.const:g_sCrystalfontz128x128_funcs)
                  00003d0c    0000001c     HAL_MSP_EXP432P401R_Crystalfontz128x128_ST7735.obj (.const:$P$T0$1)
                  00003d28    00000008     Crystalfontz128x128_ST7735.obj (.const:$P$T0$1)
                  00003d30    00000008     main.obj (.const:$P$T0$1)
                  00003d38    00000008     main.obj (.const:$P$T1$2)
                  00003d40    00000008     main.obj (.const:$P$T2$3)
                  00003d48    00000008     main.obj (.const:$P$T3$4)
                  00003d50    00000008     main.obj (.const:$P$T4$5)

.cinit     0    00003d58    00000038     
                  00003d58    0000000d     (.cinit..data.load) [load image, compression = lzss]
                  00003d65    00000003     --HOLE-- [fill = 0]
                  00003d68    0000000c     (__TI_handler_table)
                  00003d74    00000004     --HOLE-- [fill = 0]
                  00003d78    00000008     (.cinit..bss.load) [load image, compression = zero_init]
                  00003d80    00000010     (__TI_cinit_table)

.init_array 
*          0    00000000    00000000     UNINITIALIZED

.binit     0    00000000    00000000     

.data      0    20000000    00000014     UNINITIALIZED
                  20000000    00000010     Crystalfontz128x128_ST7735.obj (.data:g_sCrystalfontz128x128)
                  20000010    00000004     rtsv7M4_T_le_v4SPD16_eabi.lib : errno.c.obj (.data)

.bss       0    20000014    0000000a     UNINITIALIZED
                  20000014    00000002     (.common:Lcd_ScreenHeigth)
                  20000016    00000002     (.common:Lcd_ScreenWidth)
                  20000018    00000002     (.common:Lcd_TouchTrim)
                  2000001a    00000001     (.common:Lcd_FlagRead)
                  2000001b    00000001     (.common:Lcd_FontSolid)
                  2000001c    00000001     (.common:Lcd_Orientation)
                  2000001d    00000001     (.common:Lcd_PenSolid)

.stack     0    2000fe00    00000200     UNINITIALIZED
                  2000fe00    00000004     rtsv7M4_T_le_v4SPD16_eabi.lib : boot_cortex_m.c.obj (.stack)
                  2000fe04    000001fc     --HOLE--

__llvm_prf_cnts 
*          0    20000000    00000000     UNINITIALIZED

MODULE SUMMARY

       Module                                               code    ro data   rw data
       ------                                               ----    -------   -------
    .\
       main.obj                                             532     40        0      
       system_msp432p401r.obj                               120     0         0      
    +--+----------------------------------------------------+-------+---------+---------+
       Total:                                               652     40        0      
                                                                                     
    .\LcdDriver\
       Crystalfontz128x128_ST7735.obj                       1670    40        52     
       HAL_MSP_EXP432P401R_Crystalfontz128x128_ST7735.obj   212     28        0      
    +--+----------------------------------------------------+-------+---------+---------+
       Total:                                               1882    68        52     
                                                                                     
    .\ccs\
       startup_msp432p401r_ccs.obj                          14      228       0      
    +--+----------------------------------------------------+-------+---------+---------+
       Total:                                               14      228       0      
                                                                                     
    C:/ti/simplelink_msp432p4_sdk_3_40_01_02/source/ti/devices/msp432p4xx/driverlib/ccs/msp432p4xx_driverlib.lib
       gpio.o                                               280     48        0      
       spi.o                                                312     0         0      
       timer32.o                                            266     0         0      
    +--+----------------------------------------------------+-------+---------+---------+
       Total:                                               858     48        0      
                                                                                     
    C:/ti/simplelink_msp432p4_sdk_3_40_01_02/source/ti/grlib/lib/ccs/m4f/grlib.a
       fontcm12b.obj                                        0       1528      0      
       string.obj                                           1214    0         0      
       rectangle.obj                                        436     0         0      
       line.obj                                             312     0         0      
       display.obj                                          230     0         0      
       context.obj                                          174     0         0      
    +--+----------------------------------------------------+-------+---------+---------+
       Total:                                               2366    1528      0      
                                                                                     
    C:\ti\ccs1010\ccs\tools\compiler\ti-cgt-arm_20.2.1.LTS\lib\rtsv7M4_T_le_v4SPD16_eabi.lib
       _printfi.c.obj                                       4851    0         0      
       fd_add_t2.asm.obj                                    438     0         0      
       fd_div_t2.asm.obj                                    310     0         0      
       s_scalbn.c.obj                                       272     0         0      
       fd_cmp_t2.asm.obj                                    268     0         0      
       ctype.c.obj                                          0       257       0      
       fd_mul_t2.asm.obj                                    252     0         0      
       memcpy_t2.asm.obj                                    156     0         0      
       ull_div_t2.asm.obj                                   150     0         0      
       snprintf.c.obj                                       148     0         0      
       memset_t2.asm.obj                                    122     0         0      
       copy_decompress_lzss.c.obj                           104     0         0      
       s_frexp.c.obj                                        100     0         0      
       _ltoa.c.obj                                          84      0         0      
       atoi.c.obj                                           76      0         0      
       fd_toi_t2.asm.obj                                    72      0         0      
       autoinit.c.obj                                       68      0         0      
       boot_cortex_m.c.obj                                  52      0         0      
       i_tofd_t2.asm.obj                                    46      0         0      
       copy_zero_init.c.obj                                 28      0         0      
       memccpy.c.obj                                        28      0         0      
       s_copysign.c.obj                                     26      0         0      
       strchr.c.obj                                         22      0         0      
       strlen.c.obj                                         20      0         0      
       wcslen.c.obj                                         18      0         0      
       errno.c.obj                                          8       0         8      
       copy_decompress_none.c.obj                           14      0         0      
       exit.c.obj                                           4       0         0      
       pre_init.c.obj                                       4       0         0      
       div0.asm.obj                                         2       0         0      
    +--+----------------------------------------------------+-------+---------+---------+
       Total:                                               7743    257       8      
                                                                                     
       Stack:                                               0       0         1024   
       Linker Generated:                                    0       49        0      
    +--+----------------------------------------------------+-------+---------+---------+
       Grand Total:                                         13515   2218      1084   


LINKER GENERATED COPY TABLES

__TI_cinit_table @ 00003d80 records: 2, size/record: 8, table size: 16
	.data: load addr=00003d58, load size=0000000d bytes, run addr=20000000, run size=00000014 bytes, compression=lzss
	.bss: load addr=00003d78, load size=00000008 bytes, run addr=20000014, run size=0000000a bytes, compression=zero_init


LINKER GENERATED HANDLER TABLE

__TI_handler_table @ 00003d68 records: 3, size/record: 4, table size: 12
	index: 0, handler: __TI_decompress_lzss
	index: 1, handler: __TI_decompress_none
	index: 2, handler: __TI_zero_init


GLOBAL SYMBOLS: SORTED ALPHABETICALLY BY Name 

address   name                                       
-------   ----                                       
0000177f  ADC14_IRQHandler                           
0000177f  AES256_IRQHandler                          
0000177f  BusFault_Handler                           
000035bd  C$$EXIT                                    
0000177f  COMP_E0_IRQHandler                         
0000177f  COMP_E1_IRQHandler                         
0000177f  CS_IRQHandler                              
00001ca9  Crystalfontz128x128_Init                   
00001b75  Crystalfontz128x128_SetDrawFrame           
00002c69  Crystalfontz128x128_SetOrientation         
0000177f  DMA_ERR_IRQHandler                         
0000177f  DMA_INT0_IRQHandler                        
0000177f  DMA_INT1_IRQHandler                        
0000177f  DMA_INT2_IRQHandler                        
0000177f  DMA_INT3_IRQHandler                        
0000177f  DebugMon_Handler                           
0000177f  Default_Handler                            
0000177f  EUSCIA0_IRQHandler                         
0000177f  EUSCIA1_IRQHandler                         
0000177f  EUSCIA2_IRQHandler                         
0000177f  EUSCIA3_IRQHandler                         
0000177f  EUSCIB0_IRQHandler                         
0000177f  EUSCIB1_IRQHandler                         
0000177f  EUSCIB2_IRQHandler                         
0000177f  EUSCIB3_IRQHandler                         
000034b1  EUSCI_A_SPI_enable                         
000034c7  EUSCI_B_SPI_enable                         
0000177f  FLCTL_IRQHandler                           
0000177f  FPU_IRQHandler                             
00002f61  GPIO_setAsOutputPin                        
00002725  GPIO_setAsPeripheralModuleFunctionOutputPin
00003351  GPIO_setOutputHighOnPin                    
00003379  GPIO_setOutputLowOnPin                     
0000355b  Graphics_clearDisplay                      
00003431  Graphics_clearDisplayOnDisplay             
00003111  Graphics_drawHorizontalLineOnDisplay       
000024b9  Graphics_drawLineH                         
00002555  Graphics_drawLineV                         
000032d1  Graphics_drawPixelOnDisplay                
0000237b  Graphics_drawRectangle                     
00000b33  Graphics_drawString                        
00003147  Graphics_drawVerticalLineOnDisplay         
00001ef9  Graphics_fillRectangle                     
000033a1  Graphics_fillRectangleOnDisplay            
00002d11  Graphics_initContext                       
0000344b  Graphics_setBackgroundColor                
00003465  Graphics_setFont                           
000034dd  Graphics_setForegroundColor                
000034f3  Graphics_translateColorOnDisplay           
000031e5  HAL_LCD_PortInit                           
00002fe1  HAL_LCD_SpiInit                            
000030a1  HAL_LCD_writeCommand                       
000032fd  HAL_LCD_writeData                          
0000177f  HardFault_Handler                          
00002e4d  Init_Graph                                 
2000001a  Lcd_FlagRead                               
2000001b  Lcd_FontSolid                              
2000001c  Lcd_Orientation                            
2000001d  Lcd_PenSolid                               
20000014  Lcd_ScreenHeigth                           
20000016  Lcd_ScreenWidth                            
20000018  Lcd_TouchTrim                              
0000177f  MemManage_Handler                          
0000177f  NMI_Handler                                
0000177f  PCM_IRQHandler                             
0000177f  PORT1_IRQHandler                           
0000177f  PORT2_IRQHandler                           
0000177f  PORT3_IRQHandler                           
0000177f  PORT4_IRQHandler                           
0000177f  PORT5_IRQHandler                           
0000177f  PORT6_IRQHandler                           
0000177f  PSS_IRQHandler                             
0000177f  PendSV_Handler                             
0000177f  RTC_C_IRQHandler                           
0000359b  Reset_Handler                              
000033bf  SPI_enableModule                           
000022cb  SPI_initMaster                             
0000177f  SVC_Handler                                
0000177f  SysTick_Handler                            
00002935  SystemInit                                 
0000177f  T32_INT1_IRQHandler                        
0000177f  T32_INT2_IRQHandler                        
0000177f  T32_INTC_IRQHandler                        
0000177f  TA0_0_IRQHandler                           
0000177f  TA0_N_IRQHandler                           
0000177f  TA1_0_IRQHandler                           
0000177f  TA1_N_IRQHandler                           
0000177f  TA2_0_IRQHandler                           
0000177f  TA2_N_IRQHandler                           
0000177f  TA3_0_IRQHandler                           
0000177f  TA3_N_IRQHandler                           
0000351f  Timer32_disableInterrupt                   
0000357f  Timer32_getValue                           
00003533  Timer32_haltTimer                          
00002a1d  Timer32_initModule                         
0000317d  Timer32_setCount                           
000030d9  Timer32_startTimer                         
0000177f  UsageFault_Handler                         
4000480c  WDTCTL_SYM                                 
0000177f  WDT_A_IRQHandler                           
20010000  __STACK_END                                
00000200  __STACK_SIZE                               
00003d80  __TI_CINIT_Base                            
00003d90  __TI_CINIT_Limit                           
00003d68  __TI_Handler_Table_Base                    
00003d74  __TI_Handler_Table_Limit                   
00002edd  __TI_auto_init_nobinit_nopinit             
00002a85  __TI_decompress_lzss                       
0000358d  __TI_decompress_none                       
00002cbd  __TI_ltoa                                  
ffffffff  __TI_pprof_out_hndl                        
000000e5  __TI_printfi                               
ffffffff  __TI_prof_data_size                        
ffffffff  __TI_prof_data_start                       
00000000  __TI_static_base__                         
000033db  __TI_zero_init_nomemset                    
000027ad  __aeabi_cdcmpeq                            
000027ad  __aeabi_cdcmple                            
00002833  __aeabi_cdrcmple                           
00002e95  __aeabi_d2iz                               
000015d3  __aeabi_dadd                               
00001a3d  __aeabi_ddiv                               
0000211d  __aeabi_dmul                               
000015c9  __aeabi_dsub                               
000035b1  __aeabi_errno_addr                         
00003275  __aeabi_i2d                                
00001b73  __aeabi_idiv0                              
00001b73  __aeabi_ldiv0                              
000028b9  __aeabi_memclr                             
000028b9  __aeabi_memclr4                            
000028b9  __aeabi_memclr8                            
000025f1  __aeabi_memcpy                             
000025f1  __aeabi_memcpy4                            
000025f1  __aeabi_memcpy8                            
000028bb  __aeabi_memset                             
000028bb  __aeabi_memset4                            
000028bb  __aeabi_memset8                            
0000268d  __aeabi_uldivmod                           
ffffffff  __binit__                                  
ffffffff  __c_args__                                 
UNDEFED   __mpu_init                                 
2000fe00  __stack                                    
20000000  __start___llvm_prf_cnts                    
20000000  __stop___llvm_prf_cnts                     
000031b1  _c_int00_noargs                            
00003af0  _ctypes_                                   
UNDEFED   _system_post_cinit                         
000035b9  _system_pre_init                           
000035bd  abort                                      
00002db5  atoi                                       
ffffffff  binit                                      
0000347f  copysign                                   
0000347f  copysignl                                  
00003245  delay                                      
000033f9  delay_init                                 
20000010  errno                                      
00002aed  frexp                                      
00002aed  frexpl                                     
20000000  g_sCrystalfontz128x128                     
00003cec  g_sCrystalfontz128x128_funcs               
00003bf4  g_sFontCm12b                               
00000000  interruptVectors                           
0000200d  ldexp                                      
0000200d  ldexpl                                     
00001781  main                                       
00003415  memccpy                                    
000025f1  memcpy                                     
000028c1  memset                                     
0000200d  scalbn                                     
0000200d  scalbnl                                    
00002e01  snprintf                                   
00003509  strchr                                     
00003547  strlen                                     
0000356d  wcslen                                     


GLOBAL SYMBOLS: SORTED BY Symbol Address 

address   name                                       
-------   ----                                       
00000000  __TI_static_base__                         
00000000  interruptVectors                           
000000e5  __TI_printfi                               
00000200  __STACK_SIZE                               
00000b33  Graphics_drawString                        
000015c9  __aeabi_dsub                               
000015d3  __aeabi_dadd                               
0000177f  ADC14_IRQHandler                           
0000177f  AES256_IRQHandler                          
0000177f  BusFault_Handler                           
0000177f  COMP_E0_IRQHandler                         
0000177f  COMP_E1_IRQHandler                         
0000177f  CS_IRQHandler                              
0000177f  DMA_ERR_IRQHandler                         
0000177f  DMA_INT0_IRQHandler                        
0000177f  DMA_INT1_IRQHandler                        
0000177f  DMA_INT2_IRQHandler                        
0000177f  DMA_INT3_IRQHandler                        
0000177f  DebugMon_Handler                           
0000177f  Default_Handler                            
0000177f  EUSCIA0_IRQHandler                         
0000177f  EUSCIA1_IRQHandler                         
0000177f  EUSCIA2_IRQHandler                         
0000177f  EUSCIA3_IRQHandler                         
0000177f  EUSCIB0_IRQHandler                         
0000177f  EUSCIB1_IRQHandler                         
0000177f  EUSCIB2_IRQHandler                         
0000177f  EUSCIB3_IRQHandler                         
0000177f  FLCTL_IRQHandler                           
0000177f  FPU_IRQHandler                             
0000177f  HardFault_Handler                          
0000177f  MemManage_Handler                          
0000177f  NMI_Handler                                
0000177f  PCM_IRQHandler                             
0000177f  PORT1_IRQHandler                           
0000177f  PORT2_IRQHandler                           
0000177f  PORT3_IRQHandler                           
0000177f  PORT4_IRQHandler                           
0000177f  PORT5_IRQHandler                           
0000177f  PORT6_IRQHandler                           
0000177f  PSS_IRQHandler                             
0000177f  PendSV_Handler                             
0000177f  RTC_C_IRQHandler                           
0000177f  SVC_Handler                                
0000177f  SysTick_Handler                            
0000177f  T32_INT1_IRQHandler                        
0000177f  T32_INT2_IRQHandler                        
0000177f  T32_INTC_IRQHandler                        
0000177f  TA0_0_IRQHandler                           
0000177f  TA0_N_IRQHandler                           
0000177f  TA1_0_IRQHandler                           
0000177f  TA1_N_IRQHandler                           
0000177f  TA2_0_IRQHandler                           
0000177f  TA2_N_IRQHandler                           
0000177f  TA3_0_IRQHandler                           
0000177f  TA3_N_IRQHandler                           
0000177f  UsageFault_Handler                         
0000177f  WDT_A_IRQHandler                           
00001781  main                                       
00001a3d  __aeabi_ddiv                               
00001b73  __aeabi_idiv0                              
00001b73  __aeabi_ldiv0                              
00001b75  Crystalfontz128x128_SetDrawFrame           
00001ca9  Crystalfontz128x128_Init                   
00001ef9  Graphics_fillRectangle                     
0000200d  ldexp                                      
0000200d  ldexpl                                     
0000200d  scalbn                                     
0000200d  scalbnl                                    
0000211d  __aeabi_dmul                               
000022cb  SPI_initMaster                             
0000237b  Graphics_drawRectangle                     
000024b9  Graphics_drawLineH                         
00002555  Graphics_drawLineV                         
000025f1  __aeabi_memcpy                             
000025f1  __aeabi_memcpy4                            
000025f1  __aeabi_memcpy8                            
000025f1  memcpy                                     
0000268d  __aeabi_uldivmod                           
00002725  GPIO_setAsPeripheralModuleFunctionOutputPin
000027ad  __aeabi_cdcmpeq                            
000027ad  __aeabi_cdcmple                            
00002833  __aeabi_cdrcmple                           
000028b9  __aeabi_memclr                             
000028b9  __aeabi_memclr4                            
000028b9  __aeabi_memclr8                            
000028bb  __aeabi_memset                             
000028bb  __aeabi_memset4                            
000028bb  __aeabi_memset8                            
000028c1  memset                                     
00002935  SystemInit                                 
00002a1d  Timer32_initModule                         
00002a85  __TI_decompress_lzss                       
00002aed  frexp                                      
00002aed  frexpl                                     
00002c69  Crystalfontz128x128_SetOrientation         
00002cbd  __TI_ltoa                                  
00002d11  Graphics_initContext                       
00002db5  atoi                                       
00002e01  snprintf                                   
00002e4d  Init_Graph                                 
00002e95  __aeabi_d2iz                               
00002edd  __TI_auto_init_nobinit_nopinit             
00002f61  GPIO_setAsOutputPin                        
00002fe1  HAL_LCD_SpiInit                            
000030a1  HAL_LCD_writeCommand                       
000030d9  Timer32_startTimer                         
00003111  Graphics_drawHorizontalLineOnDisplay       
00003147  Graphics_drawVerticalLineOnDisplay         
0000317d  Timer32_setCount                           
000031b1  _c_int00_noargs                            
000031e5  HAL_LCD_PortInit                           
00003245  delay                                      
00003275  __aeabi_i2d                                
000032d1  Graphics_drawPixelOnDisplay                
000032fd  HAL_LCD_writeData                          
00003351  GPIO_setOutputHighOnPin                    
00003379  GPIO_setOutputLowOnPin                     
000033a1  Graphics_fillRectangleOnDisplay            
000033bf  SPI_enableModule                           
000033db  __TI_zero_init_nomemset                    
000033f9  delay_init                                 
00003415  memccpy                                    
00003431  Graphics_clearDisplayOnDisplay             
0000344b  Graphics_setBackgroundColor                
00003465  Graphics_setFont                           
0000347f  copysign                                   
0000347f  copysignl                                  
000034b1  EUSCI_A_SPI_enable                         
000034c7  EUSCI_B_SPI_enable                         
000034dd  Graphics_setForegroundColor                
000034f3  Graphics_translateColorOnDisplay           
00003509  strchr                                     
0000351f  Timer32_disableInterrupt                   
00003533  Timer32_haltTimer                          
00003547  strlen                                     
0000355b  Graphics_clearDisplay                      
0000356d  wcslen                                     
0000357f  Timer32_getValue                           
0000358d  __TI_decompress_none                       
0000359b  Reset_Handler                              
000035b1  __aeabi_errno_addr                         
000035b9  _system_pre_init                           
000035bd  C$$EXIT                                    
000035bd  abort                                      
00003af0  _ctypes_                                   
00003bf4  g_sFontCm12b                               
00003cec  g_sCrystalfontz128x128_funcs               
00003d68  __TI_Handler_Table_Base                    
00003d74  __TI_Handler_Table_Limit                   
00003d80  __TI_CINIT_Base                            
00003d90  __TI_CINIT_Limit                           
20000000  __start___llvm_prf_cnts                    
20000000  __stop___llvm_prf_cnts                     
20000000  g_sCrystalfontz128x128                     
20000010  errno                                      
20000014  Lcd_ScreenHeigth                           
20000016  Lcd_ScreenWidth                            
20000018  Lcd_TouchTrim                              
2000001a  Lcd_FlagRead                               
2000001b  Lcd_FontSolid                              
2000001c  Lcd_Orientation                            
2000001d  Lcd_PenSolid                               
2000fe00  __stack                                    
20010000  __STACK_END                                
4000480c  WDTCTL_SYM                                 
ffffffff  __TI_pprof_out_hndl                        
ffffffff  __TI_prof_data_size                        
ffffffff  __TI_prof_data_start                       
ffffffff  __binit__                                  
ffffffff  __c_args__                                 
ffffffff  binit                                      
UNDEFED   __mpu_init                                 
UNDEFED   _system_post_cinit                         

[174 symbols]
