<?xml version="1.0" encoding="ISO-8859-1" ?>
<link_info>
   <banner>TI ARM Linker PC v20.2.1.LTS</banner>
   <copyright>Copyright (c) 1996-2018 Texas Instruments Incorporated</copyright>
   <link_time>0x5fa47e0e</link_time>
   <link_errors>0x0</link_errors>
   <output_file>Exam2.out</output_file>
   <entry_point>
      <name>_c_int00_noargs</name>
      <address>0x31b1</address>
   </entry_point>
   <input_file_list>
      <input_file id="fl-2">
         <path>.\</path>
         <kind>object</kind>
         <file>HAL_I2C.obj</file>
         <name>HAL_I2C.obj</name>
      </input_file>
      <input_file id="fl-3">
         <path>.\</path>
         <kind>object</kind>
         <file>HAL_TMP006.obj</file>
         <name>HAL_TMP006.obj</name>
      </input_file>
      <input_file id="fl-4">
         <path>.\</path>
         <kind>object</kind>
         <file>main.obj</file>
         <name>main.obj</name>
      </input_file>
      <input_file id="fl-5">
         <path>.\</path>
         <kind>object</kind>
         <file>system_msp432p401r.obj</file>
         <name>system_msp432p401r.obj</name>
      </input_file>
      <input_file id="fl-6">
         <path>.\LcdDriver\</path>
         <kind>object</kind>
         <file>Crystalfontz128x128_ST7735.obj</file>
         <name>Crystalfontz128x128_ST7735.obj</name>
      </input_file>
      <input_file id="fl-7">
         <path>.\LcdDriver\</path>
         <kind>object</kind>
         <file>HAL_MSP_EXP432P401R_Crystalfontz128x128_ST7735.obj</file>
         <name>HAL_MSP_EXP432P401R_Crystalfontz128x128_ST7735.obj</name>
      </input_file>
      <input_file id="fl-8">
         <path>.\ccs\</path>
         <kind>object</kind>
         <file>startup_msp432p401r_ccs.obj</file>
         <name>startup_msp432p401r_ccs.obj</name>
      </input_file>
      <input_file id="fl-13">
         <kind>object</kind>
         <file>&lt;internal&gt;</file>
         <name>&lt;internal&gt;</name>
      </input_file>
      <input_file id="fl-14">
         <path>C:\ti\simplelink_msp432p4_sdk_3_40_01_02\source\ti\grlib\lib\ccs\m4f\</path>
         <kind>archive</kind>
         <file>grlib.a</file>
         <name>context.obj</name>
      </input_file>
      <input_file id="fl-15">
         <path>C:\ti\simplelink_msp432p4_sdk_3_40_01_02\source\ti\grlib\lib\ccs\m4f\</path>
         <kind>archive</kind>
         <file>grlib.a</file>
         <name>display.obj</name>
      </input_file>
      <input_file id="fl-16">
         <path>C:\ti\simplelink_msp432p4_sdk_3_40_01_02\source\ti\grlib\lib\ccs\m4f\</path>
         <kind>archive</kind>
         <file>grlib.a</file>
         <name>fontcm12b.obj</name>
      </input_file>
      <input_file id="fl-17">
         <path>C:\ti\simplelink_msp432p4_sdk_3_40_01_02\source\ti\grlib\lib\ccs\m4f\</path>
         <kind>archive</kind>
         <file>grlib.a</file>
         <name>rectangle.obj</name>
      </input_file>
      <input_file id="fl-18">
         <path>C:\ti\simplelink_msp432p4_sdk_3_40_01_02\source\ti\grlib\lib\ccs\m4f\</path>
         <kind>archive</kind>
         <file>grlib.a</file>
         <name>string.obj</name>
      </input_file>
      <input_file id="fl-19">
         <path>C:\ti\simplelink_msp432p4_sdk_3_40_01_02\source\ti\grlib\lib\ccs\m4f\</path>
         <kind>archive</kind>
         <file>grlib.a</file>
         <name>line.obj</name>
      </input_file>
      <input_file id="fl-1a">
         <path>C:\ti\simplelink_msp432p4_sdk_3_40_01_02\source\ti\devices\msp432p4xx\driverlib\ccs\</path>
         <kind>archive</kind>
         <file>msp432p4xx_driverlib.lib</file>
         <name>gpio.o</name>
      </input_file>
      <input_file id="fl-1b">
         <path>C:\ti\simplelink_msp432p4_sdk_3_40_01_02\source\ti\devices\msp432p4xx\driverlib\ccs\</path>
         <kind>archive</kind>
         <file>msp432p4xx_driverlib.lib</file>
         <name>i2c.o</name>
      </input_file>
      <input_file id="fl-1c">
         <path>C:\ti\simplelink_msp432p4_sdk_3_40_01_02\source\ti\devices\msp432p4xx\driverlib\ccs\</path>
         <kind>archive</kind>
         <file>msp432p4xx_driverlib.lib</file>
         <name>interrupt.o</name>
      </input_file>
      <input_file id="fl-1d">
         <path>C:\ti\simplelink_msp432p4_sdk_3_40_01_02\source\ti\devices\msp432p4xx\driverlib\ccs\</path>
         <kind>archive</kind>
         <file>msp432p4xx_driverlib.lib</file>
         <name>spi.o</name>
      </input_file>
      <input_file id="fl-1e">
         <path>C:\ti\simplelink_msp432p4_sdk_3_40_01_02\source\ti\devices\msp432p4xx\driverlib\ccs\</path>
         <kind>archive</kind>
         <file>msp432p4xx_driverlib.lib</file>
         <name>timer32.o</name>
      </input_file>
      <input_file id="fl-1f">
         <path>C:\ti\simplelink_msp432p4_sdk_3_40_01_02\source\ti\devices\msp432p4xx\driverlib\ccs\</path>
         <kind>archive</kind>
         <file>msp432p4xx_driverlib.lib</file>
         <name>cpu.o</name>
      </input_file>
      <input_file id="fl-d5">
         <path>C:\ti\ccs1010\ccs\tools\compiler\ti-cgt-arm_20.2.1.LTS\lib\</path>
         <kind>archive</kind>
         <file>rtsv7M4_T_le_v4SPD16_eabi.lib</file>
         <name>e_pow.c.obj</name>
      </input_file>
      <input_file id="fl-d6">
         <path>C:\ti\ccs1010\ccs\tools\compiler\ti-cgt-arm_20.2.1.LTS\lib\</path>
         <kind>archive</kind>
         <file>rtsv7M4_T_le_v4SPD16_eabi.lib</file>
         <name>e_sqrt.c.obj</name>
      </input_file>
      <input_file id="fl-d7">
         <path>C:\ti\ccs1010\ccs\tools\compiler\ti-cgt-arm_20.2.1.LTS\lib\</path>
         <kind>archive</kind>
         <file>rtsv7M4_T_le_v4SPD16_eabi.lib</file>
         <name>s_scalbn.c.obj</name>
      </input_file>
      <input_file id="fl-d8">
         <path>C:\ti\ccs1010\ccs\tools\compiler\ti-cgt-arm_20.2.1.LTS\lib\</path>
         <kind>archive</kind>
         <file>rtsv7M4_T_le_v4SPD16_eabi.lib</file>
         <name>snprintf.c.obj</name>
      </input_file>
      <input_file id="fl-d9">
         <path>C:\ti\ccs1010\ccs\tools\compiler\ti-cgt-arm_20.2.1.LTS\lib\</path>
         <kind>archive</kind>
         <file>rtsv7M4_T_le_v4SPD16_eabi.lib</file>
         <name>fd_add_t2.asm.obj</name>
      </input_file>
      <input_file id="fl-da">
         <path>C:\ti\ccs1010\ccs\tools\compiler\ti-cgt-arm_20.2.1.LTS\lib\</path>
         <kind>archive</kind>
         <file>rtsv7M4_T_le_v4SPD16_eabi.lib</file>
         <name>fd_cmp_t2.asm.obj</name>
      </input_file>
      <input_file id="fl-db">
         <path>C:\ti\ccs1010\ccs\tools\compiler\ti-cgt-arm_20.2.1.LTS\lib\</path>
         <kind>archive</kind>
         <file>rtsv7M4_T_le_v4SPD16_eabi.lib</file>
         <name>fd_div_t2.asm.obj</name>
      </input_file>
      <input_file id="fl-dc">
         <path>C:\ti\ccs1010\ccs\tools\compiler\ti-cgt-arm_20.2.1.LTS\lib\</path>
         <kind>archive</kind>
         <file>rtsv7M4_T_le_v4SPD16_eabi.lib</file>
         <name>fd_mul_t2.asm.obj</name>
      </input_file>
      <input_file id="fl-dd">
         <path>C:\ti\ccs1010\ccs\tools\compiler\ti-cgt-arm_20.2.1.LTS\lib\</path>
         <kind>archive</kind>
         <file>rtsv7M4_T_le_v4SPD16_eabi.lib</file>
         <name>i_tofd_t2.asm.obj</name>
      </input_file>
      <input_file id="fl-de">
         <path>C:\ti\ccs1010\ccs\tools\compiler\ti-cgt-arm_20.2.1.LTS\lib\</path>
         <kind>archive</kind>
         <file>rtsv7M4_T_le_v4SPD16_eabi.lib</file>
         <name>memcpy_t2.asm.obj</name>
      </input_file>
      <input_file id="fl-df">
         <path>C:\ti\ccs1010\ccs\tools\compiler\ti-cgt-arm_20.2.1.LTS\lib\</path>
         <kind>archive</kind>
         <file>rtsv7M4_T_le_v4SPD16_eabi.lib</file>
         <name>copy_zero_init.c.obj</name>
      </input_file>
      <input_file id="fl-e0">
         <path>C:\ti\ccs1010\ccs\tools\compiler\ti-cgt-arm_20.2.1.LTS\lib\</path>
         <kind>archive</kind>
         <file>rtsv7M4_T_le_v4SPD16_eabi.lib</file>
         <name>copy_decompress_none.c.obj</name>
      </input_file>
      <input_file id="fl-e1">
         <path>C:\ti\ccs1010\ccs\tools\compiler\ti-cgt-arm_20.2.1.LTS\lib\</path>
         <kind>archive</kind>
         <file>rtsv7M4_T_le_v4SPD16_eabi.lib</file>
         <name>copy_decompress_lzss.c.obj</name>
      </input_file>
      <input_file id="fl-e2">
         <path>C:\ti\ccs1010\ccs\tools\compiler\ti-cgt-arm_20.2.1.LTS\lib\</path>
         <kind>archive</kind>
         <file>rtsv7M4_T_le_v4SPD16_eabi.lib</file>
         <name>errno.c.obj</name>
      </input_file>
      <input_file id="fl-e3">
         <path>C:\ti\ccs1010\ccs\tools\compiler\ti-cgt-arm_20.2.1.LTS\lib\</path>
         <kind>archive</kind>
         <file>rtsv7M4_T_le_v4SPD16_eabi.lib</file>
         <name>boot_cortex_m.c.obj</name>
      </input_file>
      <input_file id="fl-e4">
         <path>C:\ti\ccs1010\ccs\tools\compiler\ti-cgt-arm_20.2.1.LTS\lib\</path>
         <kind>archive</kind>
         <file>rtsv7M4_T_le_v4SPD16_eabi.lib</file>
         <name>s_copysign.c.obj</name>
      </input_file>
      <input_file id="fl-e5">
         <path>C:\ti\ccs1010\ccs\tools\compiler\ti-cgt-arm_20.2.1.LTS\lib\</path>
         <kind>archive</kind>
         <file>rtsv7M4_T_le_v4SPD16_eabi.lib</file>
         <name>_printfi.c.obj</name>
      </input_file>
      <input_file id="fl-e6">
         <path>C:\ti\ccs1010\ccs\tools\compiler\ti-cgt-arm_20.2.1.LTS\lib\</path>
         <kind>archive</kind>
         <file>rtsv7M4_T_le_v4SPD16_eabi.lib</file>
         <name>memset_t2.asm.obj</name>
      </input_file>
      <input_file id="fl-e7">
         <path>C:\ti\ccs1010\ccs\tools\compiler\ti-cgt-arm_20.2.1.LTS\lib\</path>
         <kind>archive</kind>
         <file>rtsv7M4_T_le_v4SPD16_eabi.lib</file>
         <name>fd_toi_t2.asm.obj</name>
      </input_file>
      <input_file id="fl-e8">
         <path>C:\ti\ccs1010\ccs\tools\compiler\ti-cgt-arm_20.2.1.LTS\lib\</path>
         <kind>archive</kind>
         <file>rtsv7M4_T_le_v4SPD16_eabi.lib</file>
         <name>ull_div_t2.asm.obj</name>
      </input_file>
      <input_file id="fl-e9">
         <path>C:\ti\ccs1010\ccs\tools\compiler\ti-cgt-arm_20.2.1.LTS\lib\</path>
         <kind>archive</kind>
         <file>rtsv7M4_T_le_v4SPD16_eabi.lib</file>
         <name>autoinit.c.obj</name>
      </input_file>
      <input_file id="fl-ea">
         <path>C:\ti\ccs1010\ccs\tools\compiler\ti-cgt-arm_20.2.1.LTS\lib\</path>
         <kind>archive</kind>
         <file>rtsv7M4_T_le_v4SPD16_eabi.lib</file>
         <name>pre_init.c.obj</name>
      </input_file>
      <input_file id="fl-eb">
         <path>C:\ti\ccs1010\ccs\tools\compiler\ti-cgt-arm_20.2.1.LTS\lib\</path>
         <kind>archive</kind>
         <file>rtsv7M4_T_le_v4SPD16_eabi.lib</file>
         <name>cpy_tbl.c.obj</name>
      </input_file>
      <input_file id="fl-ec">
         <path>C:\ti\ccs1010\ccs\tools\compiler\ti-cgt-arm_20.2.1.LTS\lib\</path>
         <kind>archive</kind>
         <file>rtsv7M4_T_le_v4SPD16_eabi.lib</file>
         <name>exit.c.obj</name>
      </input_file>
      <input_file id="fl-ed">
         <path>C:\ti\ccs1010\ccs\tools\compiler\ti-cgt-arm_20.2.1.LTS\lib\</path>
         <kind>archive</kind>
         <file>rtsv7M4_T_le_v4SPD16_eabi.lib</file>
         <name>_lock.c.obj</name>
      </input_file>
      <input_file id="fl-ee">
         <path>C:\ti\ccs1010\ccs\tools\compiler\ti-cgt-arm_20.2.1.LTS\lib\</path>
         <kind>archive</kind>
         <file>rtsv7M4_T_le_v4SPD16_eabi.lib</file>
         <name>_ltoa.c.obj</name>
      </input_file>
      <input_file id="fl-ef">
         <path>C:\ti\ccs1010\ccs\tools\compiler\ti-cgt-arm_20.2.1.LTS\lib\</path>
         <kind>archive</kind>
         <file>rtsv7M4_T_le_v4SPD16_eabi.lib</file>
         <name>args_main.c.obj</name>
      </input_file>
      <input_file id="fl-f0">
         <path>C:\ti\ccs1010\ccs\tools\compiler\ti-cgt-arm_20.2.1.LTS\lib\</path>
         <kind>archive</kind>
         <file>rtsv7M4_T_le_v4SPD16_eabi.lib</file>
         <name>atoi.c.obj</name>
      </input_file>
      <input_file id="fl-f1">
         <path>C:\ti\ccs1010\ccs\tools\compiler\ti-cgt-arm_20.2.1.LTS\lib\</path>
         <kind>archive</kind>
         <file>rtsv7M4_T_le_v4SPD16_eabi.lib</file>
         <name>ctype.c.obj</name>
      </input_file>
      <input_file id="fl-f2">
         <path>C:\ti\ccs1010\ccs\tools\compiler\ti-cgt-arm_20.2.1.LTS\lib\</path>
         <kind>archive</kind>
         <file>rtsv7M4_T_le_v4SPD16_eabi.lib</file>
         <name>memccpy.c.obj</name>
      </input_file>
      <input_file id="fl-f3">
         <path>C:\ti\ccs1010\ccs\tools\compiler\ti-cgt-arm_20.2.1.LTS\lib\</path>
         <kind>archive</kind>
         <file>rtsv7M4_T_le_v4SPD16_eabi.lib</file>
         <name>strchr.c.obj</name>
      </input_file>
      <input_file id="fl-f4">
         <path>C:\ti\ccs1010\ccs\tools\compiler\ti-cgt-arm_20.2.1.LTS\lib\</path>
         <kind>archive</kind>
         <file>rtsv7M4_T_le_v4SPD16_eabi.lib</file>
         <name>strlen.c.obj</name>
      </input_file>
      <input_file id="fl-f5">
         <path>C:\ti\ccs1010\ccs\tools\compiler\ti-cgt-arm_20.2.1.LTS\lib\</path>
         <kind>archive</kind>
         <file>rtsv7M4_T_le_v4SPD16_eabi.lib</file>
         <name>s_frexp.c.obj</name>
      </input_file>
      <input_file id="fl-f6">
         <path>C:\ti\ccs1010\ccs\tools\compiler\ti-cgt-arm_20.2.1.LTS\lib\</path>
         <kind>archive</kind>
         <file>rtsv7M4_T_le_v4SPD16_eabi.lib</file>
         <name>wcslen.c.obj</name>
      </input_file>
      <input_file id="fl-f7">
         <path>C:\ti\ccs1010\ccs\tools\compiler\ti-cgt-arm_20.2.1.LTS\lib\</path>
         <kind>archive</kind>
         <file>rtsv7M4_T_le_v4SPD16_eabi.lib</file>
         <name>div0.asm.obj</name>
      </input_file>
   </input_file_list>
   <object_component_list>
      <object_component id="oc-26">
         <name>.intvecs:retain</name>
         <load_address>0x0</load_address>
         <run_address>0x0</run_address>
         <size>0xe4</size>
         <input_file_ref idref="fl-8"/>
      </object_component>
      <object_component id="oc-1b1">
         <name>.text:__TI_printfi</name>
         <load_address>0xe4</load_address>
         <run_address>0xe4</run_address>
         <size>0xa4e</size>
         <input_file_ref idref="fl-e5"/>
      </object_component>
      <object_component id="oc-ee">
         <name>.text:Graphics_drawString</name>
         <load_address>0xb32</load_address>
         <run_address>0xb32</run_address>
         <size>0x47e</size>
         <input_file_ref idref="fl-18"/>
      </object_component>
      <object_component id="oc-315">
         <name>.text:_pconv_a</name>
         <load_address>0xfb0</load_address>
         <run_address>0xfb0</run_address>
         <size>0x270</size>
         <input_file_ref idref="fl-e5"/>
      </object_component>
      <object_component id="oc-2a4">
         <name>.text:Crystalfontz128x128_PixelDrawMultiple</name>
         <load_address>0x1220</load_address>
         <run_address>0x1220</run_address>
         <size>0x1d8</size>
         <input_file_ref idref="fl-6"/>
      </object_component>
      <object_component id="oc-303">
         <name>.text:_pconv_g</name>
         <load_address>0x13f8</load_address>
         <run_address>0x13f8</run_address>
         <size>0x1d0</size>
         <input_file_ref idref="fl-e5"/>
      </object_component>
      <object_component id="oc-3e5">
         <name>.text</name>
         <load_address>0x15c8</load_address>
         <run_address>0x15c8</run_address>
         <size>0x1b6</size>
         <input_file_ref idref="fl-d9"/>
      </object_component>
      <object_component id="oc-6d">
         <name>.text:Default_Handler</name>
         <load_address>0x177e</load_address>
         <run_address>0x177e</run_address>
         <size>0x2</size>
         <input_file_ref idref="fl-8"/>
      </object_component>
      <object_component id="oc-99">
         <name>.text:main</name>
         <load_address>0x1780</load_address>
         <run_address>0x1780</run_address>
         <size>0x180</size>
         <input_file_ref idref="fl-4"/>
      </object_component>
      <object_component id="oc-30f">
         <name>.text:_pconv_e</name>
         <load_address>0x1900</load_address>
         <run_address>0x1900</run_address>
         <size>0x13c</size>
         <input_file_ref idref="fl-e5"/>
      </object_component>
      <object_component id="oc-3cb">
         <name>.text</name>
         <load_address>0x1a3c</load_address>
         <run_address>0x1a3c</run_address>
         <size>0x136</size>
         <input_file_ref idref="fl-db"/>
      </object_component>
      <object_component id="oc-467">
         <name>.text</name>
         <load_address>0x1b72</load_address>
         <run_address>0x1b72</run_address>
         <size>0x2</size>
         <input_file_ref idref="fl-f7"/>
      </object_component>
      <object_component id="oc-282">
         <name>.text:Crystalfontz128x128_SetDrawFrame</name>
         <load_address>0x1b74</load_address>
         <run_address>0x1b74</run_address>
         <size>0x134</size>
         <input_file_ref idref="fl-6"/>
      </object_component>
      <object_component id="oc-163">
         <name>.text:Crystalfontz128x128_Init</name>
         <load_address>0x1ca8</load_address>
         <run_address>0x1ca8</run_address>
         <size>0x12c</size>
         <input_file_ref idref="fl-6"/>
      </object_component>
      <object_component id="oc-3f7">
         <name>.text:fcvt</name>
         <load_address>0x1dd4</load_address>
         <run_address>0x1dd4</run_address>
         <size>0x124</size>
         <input_file_ref idref="fl-e5"/>
      </object_component>
      <object_component id="oc-e2">
         <name>.text:Graphics_fillRectangle</name>
         <load_address>0x1ef8</load_address>
         <run_address>0x1ef8</run_address>
         <size>0x112</size>
         <input_file_ref idref="fl-17"/>
      </object_component>
      <object_component id="oc-40b">
         <name>.text:scalbn</name>
         <load_address>0x200c</load_address>
         <run_address>0x200c</run_address>
         <size>0x110</size>
         <input_file_ref idref="fl-d7"/>
      </object_component>
      <object_component id="oc-3c6">
         <name>.text</name>
         <load_address>0x211c</load_address>
         <run_address>0x211c</run_address>
         <size>0xfc</size>
         <input_file_ref idref="fl-dc"/>
      </object_component>
      <object_component id="oc-2f8">
         <name>.text:_ltostr</name>
         <load_address>0x2218</load_address>
         <run_address>0x2218</run_address>
         <size>0xb1</size>
         <input_file_ref idref="fl-e5"/>
      </object_component>
      <object_component id="oc-37d">
         <name>.text:SPI_initMaster</name>
         <load_address>0x22ca</load_address>
         <run_address>0x22ca</run_address>
         <size>0xb0</size>
         <input_file_ref idref="fl-1d"/>
      </object_component>
      <object_component id="oc-dc">
         <name>.text:Graphics_drawRectangle</name>
         <load_address>0x237a</load_address>
         <run_address>0x237a</run_address>
         <size>0xa2</size>
         <input_file_ref idref="fl-17"/>
      </object_component>
      <object_component id="oc-2b6">
         <name>.text:Crystalfontz128x128_RectFill</name>
         <load_address>0x241c</load_address>
         <run_address>0x241c</run_address>
         <size>0x9c</size>
         <input_file_ref idref="fl-6"/>
      </object_component>
      <object_component id="oc-197">
         <name>.text:Graphics_drawLineH</name>
         <load_address>0x24b8</load_address>
         <run_address>0x24b8</run_address>
         <size>0x9c</size>
         <input_file_ref idref="fl-19"/>
      </object_component>
      <object_component id="oc-19d">
         <name>.text:Graphics_drawLineV</name>
         <load_address>0x2554</load_address>
         <run_address>0x2554</run_address>
         <size>0x9c</size>
         <input_file_ref idref="fl-19"/>
      </object_component>
      <object_component id="oc-37">
         <name>.text</name>
         <load_address>0x25f0</load_address>
         <run_address>0x25f0</run_address>
         <size>0x9c</size>
         <input_file_ref idref="fl-de"/>
      </object_component>
      <object_component id="oc-3bf">
         <name>.text</name>
         <load_address>0x268c</load_address>
         <run_address>0x268c</run_address>
         <size>0x96</size>
         <input_file_ref idref="fl-e8"/>
      </object_component>
      <object_component id="oc-370">
         <name>.text:GPIO_setAsPeripheralModuleFunctionOutputPin</name>
         <load_address>0x2724</load_address>
         <run_address>0x2724</run_address>
         <size>0x88</size>
         <input_file_ref idref="fl-1a"/>
      </object_component>
      <object_component id="oc-2fe">
         <name>.text:__aeabi_cdcmple</name>
         <load_address>0x27ac</load_address>
         <run_address>0x27ac</run_address>
         <size>0x86</size>
         <input_file_ref idref="fl-da"/>
      </object_component>
      <object_component id="oc-3d0">
         <name>.text:__aeabi_cdrcmple</name>
         <load_address>0x2832</load_address>
         <run_address>0x2832</run_address>
         <size>0x86</size>
         <input_file_ref idref="fl-da"/>
      </object_component>
      <object_component id="oc-8d">
         <name>.text</name>
         <load_address>0x28b8</load_address>
         <run_address>0x28b8</run_address>
         <size>0x7a</size>
         <input_file_ref idref="fl-e6"/>
      </object_component>
      <object_component id="oc-ab">
         <name>.text:SystemInit</name>
         <load_address>0x2934</load_address>
         <run_address>0x2934</run_address>
         <size>0x78</size>
         <input_file_ref idref="fl-5"/>
      </object_component>
      <object_component id="oc-3f0">
         <name>.text:_mcpy</name>
         <load_address>0x29ac</load_address>
         <run_address>0x29ac</run_address>
         <size>0x6e</size>
         <input_file_ref idref="fl-e5"/>
      </object_component>
      <object_component id="oc-188">
         <name>.text:Timer32_initModule</name>
         <load_address>0x2a1c</load_address>
         <run_address>0x2a1c</run_address>
         <size>0x68</size>
         <input_file_ref idref="fl-1e"/>
      </object_component>
      <object_component id="oc-17">
         <name>.text:decompress:lzss:__TI_decompress_lzss</name>
         <load_address>0x2a84</load_address>
         <run_address>0x2a84</run_address>
         <size>0x68</size>
         <input_file_ref idref="fl-e1"/>
      </object_component>
      <object_component id="oc-405">
         <name>.text:frexp</name>
         <load_address>0x2aec</load_address>
         <run_address>0x2aec</run_address>
         <size>0x64</size>
         <input_file_ref idref="fl-f5"/>
      </object_component>
      <object_component id="oc-2aa">
         <name>.text:Crystalfontz128x128_LineDrawH</name>
         <load_address>0x2b50</load_address>
         <run_address>0x2b50</run_address>
         <size>0x60</size>
         <input_file_ref idref="fl-6"/>
      </object_component>
      <object_component id="oc-2b0">
         <name>.text:Crystalfontz128x128_LineDrawV</name>
         <load_address>0x2bb0</load_address>
         <run_address>0x2bb0</run_address>
         <size>0x60</size>
         <input_file_ref idref="fl-6"/>
      </object_component>
      <object_component id="oc-309">
         <name>.text:_pconv_f</name>
         <load_address>0x2c10</load_address>
         <run_address>0x2c10</run_address>
         <size>0x56</size>
         <input_file_ref idref="fl-e5"/>
      </object_component>
      <object_component id="oc-169">
         <name>.text:Crystalfontz128x128_SetOrientation</name>
         <load_address>0x2c68</load_address>
         <run_address>0x2c68</run_address>
         <size>0x54</size>
         <input_file_ref idref="fl-6"/>
      </object_component>
      <object_component id="oc-3da">
         <name>.text:__TI_ltoa</name>
         <load_address>0x2cbc</load_address>
         <run_address>0x2cbc</run_address>
         <size>0x54</size>
         <input_file_ref idref="fl-ee"/>
      </object_component>
      <object_component id="oc-16f">
         <name>.text:Graphics_initContext</name>
         <load_address>0x2d10</load_address>
         <run_address>0x2d10</run_address>
         <size>0x52</size>
         <input_file_ref idref="fl-14"/>
      </object_component>
      <object_component id="oc-3ea">
         <name>.text:_ecpy</name>
         <load_address>0x2d62</load_address>
         <run_address>0x2d62</run_address>
         <size>0x52</size>
         <input_file_ref idref="fl-e5"/>
      </object_component>
      <object_component id="oc-2f2">
         <name>.text:atoi</name>
         <load_address>0x2db4</load_address>
         <run_address>0x2db4</run_address>
         <size>0x4c</size>
         <input_file_ref idref="fl-f0"/>
      </object_component>
      <object_component id="oc-e8">
         <name>.text:snprintf</name>
         <load_address>0x2e00</load_address>
         <run_address>0x2e00</run_address>
         <size>0x4c</size>
         <input_file_ref idref="fl-d8"/>
      </object_component>
      <object_component id="oc-ca">
         <name>.text:Init_Graph</name>
         <load_address>0x2e4c</load_address>
         <run_address>0x2e4c</run_address>
         <size>0x48</size>
         <input_file_ref idref="fl-4"/>
      </object_component>
      <object_component id="oc-3d5">
         <name>.text</name>
         <load_address>0x2e94</load_address>
         <run_address>0x2e94</run_address>
         <size>0x48</size>
         <input_file_ref idref="fl-e7"/>
      </object_component>
      <object_component id="oc-12a">
         <name>.text:__TI_auto_init_nobinit_nopinit:__TI_auto_init_nobinit_nopinit</name>
         <load_address>0x2edc</load_address>
         <run_address>0x2edc</run_address>
         <size>0x44</size>
         <input_file_ref idref="fl-e9"/>
      </object_component>
      <object_component id="oc-29e">
         <name>.text:Crystalfontz128x128_PixelDraw</name>
         <load_address>0x2f20</load_address>
         <run_address>0x2f20</run_address>
         <size>0x40</size>
         <input_file_ref idref="fl-6"/>
      </object_component>
      <object_component id="oc-376">
         <name>.text:GPIO_setAsOutputPin</name>
         <load_address>0x2f60</load_address>
         <run_address>0x2f60</run_address>
         <size>0x40</size>
         <input_file_ref idref="fl-1a"/>
      </object_component>
      <object_component id="oc-1d4">
         <name>.text:Graphics_getNumberOfLeadingZeros</name>
         <load_address>0x2fa0</load_address>
         <run_address>0x2fa0</run_address>
         <size>0x40</size>
         <input_file_ref idref="fl-18"/>
      </object_component>
      <object_component id="oc-264">
         <name>.text:HAL_LCD_SpiInit</name>
         <load_address>0x2fe0</load_address>
         <run_address>0x2fe0</run_address>
         <size>0x40</size>
         <input_file_ref idref="fl-7"/>
      </object_component>
      <object_component id="oc-443">
         <name>.text:is_A_Module</name>
         <load_address>0x3020</load_address>
         <run_address>0x3020</run_address>
         <size>0x40</size>
         <input_file_ref idref="fl-1d"/>
      </object_component>
      <object_component id="oc-3fd">
         <name>.text:_fcpy</name>
         <load_address>0x3060</load_address>
         <run_address>0x3060</run_address>
         <size>0x3e</size>
         <input_file_ref idref="fl-e5"/>
      </object_component>
      <object_component id="oc-276">
         <name>.text:HAL_LCD_writeCommand</name>
         <load_address>0x30a0</load_address>
         <run_address>0x30a0</run_address>
         <size>0x38</size>
         <input_file_ref idref="fl-7"/>
      </object_component>
      <object_component id="oc-1f3">
         <name>.text:Timer32_startTimer</name>
         <load_address>0x30d8</load_address>
         <run_address>0x30d8</run_address>
         <size>0x38</size>
         <input_file_ref idref="fl-1e"/>
      </object_component>
      <object_component id="oc-2d9">
         <name>.text:Graphics_drawHorizontalLineOnDisplay</name>
         <load_address>0x3110</load_address>
         <run_address>0x3110</run_address>
         <size>0x36</size>
         <input_file_ref idref="fl-15"/>
      </object_component>
      <object_component id="oc-2e1">
         <name>.text:Graphics_drawVerticalLineOnDisplay</name>
         <load_address>0x3146</load_address>
         <run_address>0x3146</run_address>
         <size>0x36</size>
         <input_file_ref idref="fl-15"/>
      </object_component>
      <object_component id="oc-1ed">
         <name>.text:Timer32_setCount</name>
         <load_address>0x317c</load_address>
         <run_address>0x317c</run_address>
         <size>0x34</size>
         <input_file_ref idref="fl-1e"/>
      </object_component>
      <object_component id="oc-55">
         <name>.text:_c_int00_noargs:_c_int00_noargs</name>
         <load_address>0x31b0</load_address>
         <run_address>0x31b0</run_address>
         <size>0x34</size>
         <input_file_ref idref="fl-e3"/>
      </object_component>
      <object_component id="oc-25e">
         <name>.text:HAL_LCD_PortInit</name>
         <load_address>0x31e4</load_address>
         <run_address>0x31e4</run_address>
         <size>0x30</size>
         <input_file_ref idref="fl-7"/>
      </object_component>
      <object_component id="oc-1b7">
         <name>.text:_outs</name>
         <load_address>0x3214</load_address>
         <run_address>0x3214</run_address>
         <size>0x30</size>
         <input_file_ref idref="fl-d8"/>
      </object_component>
      <object_component id="oc-f4">
         <name>.text:delay</name>
         <load_address>0x3244</load_address>
         <run_address>0x3244</run_address>
         <size>0x30</size>
         <input_file_ref idref="fl-4"/>
      </object_component>
      <object_component id="oc-3e0">
         <name>.text</name>
         <load_address>0x3274</load_address>
         <run_address>0x3274</run_address>
         <size>0x2e</size>
         <input_file_ref idref="fl-dd"/>
      </object_component>
      <object_component id="oc-2c8">
         <name>.text:Crystalfontz128x128_ClearScreen</name>
         <load_address>0x32a4</load_address>
         <run_address>0x32a4</run_address>
         <size>0x2c</size>
         <input_file_ref idref="fl-6"/>
      </object_component>
      <object_component id="oc-1da">
         <name>.text:Graphics_drawPixelOnDisplay</name>
         <load_address>0x32d0</load_address>
         <run_address>0x32d0</run_address>
         <size>0x2c</size>
         <input_file_ref idref="fl-15"/>
      </object_component>
      <object_component id="oc-27c">
         <name>.text:HAL_LCD_writeData</name>
         <load_address>0x32fc</load_address>
         <run_address>0x32fc</run_address>
         <size>0x2c</size>
         <input_file_ref idref="fl-7"/>
      </object_component>
      <object_component id="oc-2bc">
         <name>.text:Crystalfontz128x128_ColorTranslate</name>
         <load_address>0x3328</load_address>
         <run_address>0x3328</run_address>
         <size>0x28</size>
         <input_file_ref idref="fl-6"/>
      </object_component>
      <object_component id="oc-270">
         <name>.text:GPIO_setOutputHighOnPin</name>
         <load_address>0x3350</load_address>
         <run_address>0x3350</run_address>
         <size>0x28</size>
         <input_file_ref idref="fl-1a"/>
      </object_component>
      <object_component id="oc-26a">
         <name>.text:GPIO_setOutputLowOnPin</name>
         <load_address>0x3378</load_address>
         <run_address>0x3378</run_address>
         <size>0x28</size>
         <input_file_ref idref="fl-1a"/>
      </object_component>
      <object_component id="oc-1a5">
         <name>.text:Graphics_fillRectangleOnDisplay</name>
         <load_address>0x33a0</load_address>
         <run_address>0x33a0</run_address>
         <size>0x1e</size>
         <input_file_ref idref="fl-15"/>
      </object_component>
      <object_component id="oc-383">
         <name>.text:SPI_enableModule</name>
         <load_address>0x33be</load_address>
         <run_address>0x33be</run_address>
         <size>0x1c</size>
         <input_file_ref idref="fl-1d"/>
      </object_component>
      <object_component id="oc-43">
         <name>.text:decompress:ZI:__TI_zero_init_nomemset:__TI_zero_init_nomemset</name>
         <load_address>0x33da</load_address>
         <run_address>0x33da</run_address>
         <size>0x1c</size>
         <input_file_ref idref="fl-df"/>
      </object_component>
      <object_component id="oc-d0">
         <name>.text:delay_init</name>
         <load_address>0x33f8</load_address>
         <run_address>0x33f8</run_address>
         <size>0x1c</size>
         <input_file_ref idref="fl-4"/>
      </object_component>
      <object_component id="oc-31b">
         <name>.text:memccpy</name>
         <load_address>0x3414</load_address>
         <run_address>0x3414</run_address>
         <size>0x1c</size>
         <input_file_ref idref="fl-f2"/>
      </object_component>
      <object_component id="oc-295">
         <name>.text:Graphics_clearDisplayOnDisplay</name>
         <load_address>0x3430</load_address>
         <run_address>0x3430</run_address>
         <size>0x1a</size>
         <input_file_ref idref="fl-15"/>
      </object_component>
      <object_component id="oc-175">
         <name>.text:Graphics_setBackgroundColor</name>
         <load_address>0x344a</load_address>
         <run_address>0x344a</run_address>
         <size>0x1a</size>
         <input_file_ref idref="fl-14"/>
      </object_component>
      <object_component id="oc-d6">
         <name>.text:Graphics_setFont</name>
         <load_address>0x3464</load_address>
         <run_address>0x3464</run_address>
         <size>0x1a</size>
         <input_file_ref idref="fl-14"/>
      </object_component>
      <object_component id="oc-480">
         <name>.text:copysign</name>
         <load_address>0x347e</load_address>
         <run_address>0x347e</run_address>
         <size>0x1a</size>
         <input_file_ref idref="fl-e4"/>
      </object_component>
      <object_component id="oc-1bd">
         <name>.text:_outc</name>
         <load_address>0x3498</load_address>
         <run_address>0x3498</run_address>
         <size>0x18</size>
         <input_file_ref idref="fl-d8"/>
      </object_component>
      <object_component id="oc-44b">
         <name>.text:EUSCI_A_SPI_enable</name>
         <load_address>0x34b0</load_address>
         <run_address>0x34b0</run_address>
         <size>0x16</size>
         <input_file_ref idref="fl-1d"/>
      </object_component>
      <object_component id="oc-451">
         <name>.text:EUSCI_B_SPI_enable</name>
         <load_address>0x34c6</load_address>
         <run_address>0x34c6</run_address>
         <size>0x16</size>
         <input_file_ref idref="fl-1d"/>
      </object_component>
      <object_component id="oc-fa">
         <name>.text:Graphics_setForegroundColor</name>
         <load_address>0x34dc</load_address>
         <run_address>0x34dc</run_address>
         <size>0x16</size>
         <input_file_ref idref="fl-14"/>
      </object_component>
      <object_component id="oc-205">
         <name>.text:Graphics_translateColorOnDisplay</name>
         <load_address>0x34f2</load_address>
         <run_address>0x34f2</run_address>
         <size>0x16</size>
         <input_file_ref idref="fl-15"/>
      </object_component>
      <object_component id="oc-411">
         <name>.text:strchr</name>
         <load_address>0x3508</load_address>
         <run_address>0x3508</run_address>
         <size>0x16</size>
         <input_file_ref idref="fl-f3"/>
      </object_component>
      <object_component id="oc-18e">
         <name>.text:Timer32_disableInterrupt</name>
         <load_address>0x351e</load_address>
         <run_address>0x351e</run_address>
         <size>0x14</size>
         <input_file_ref idref="fl-1e"/>
      </object_component>
      <object_component id="oc-1e7">
         <name>.text:Timer32_haltTimer</name>
         <load_address>0x3532</load_address>
         <run_address>0x3532</run_address>
         <size>0x14</size>
         <input_file_ref idref="fl-1e"/>
      </object_component>
      <object_component id="oc-2ec">
         <name>.text:strlen</name>
         <load_address>0x3546</load_address>
         <run_address>0x3546</run_address>
         <size>0x14</size>
         <input_file_ref idref="fl-f4"/>
      </object_component>
      <object_component id="oc-17b">
         <name>.text:Graphics_clearDisplay</name>
         <load_address>0x355a</load_address>
         <run_address>0x355a</run_address>
         <size>0x12</size>
         <input_file_ref idref="fl-14"/>
      </object_component>
      <object_component id="oc-321">
         <name>.text:wcslen</name>
         <load_address>0x356c</load_address>
         <run_address>0x356c</run_address>
         <size>0x12</size>
         <input_file_ref idref="fl-f6"/>
      </object_component>
      <object_component id="oc-1f9">
         <name>.text:Timer32_getValue</name>
         <load_address>0x357e</load_address>
         <run_address>0x357e</run_address>
         <size>0xe</size>
         <input_file_ref idref="fl-1e"/>
      </object_component>
      <object_component id="oc-1d">
         <name>.text:decompress:none:__TI_decompress_none</name>
         <load_address>0x358c</load_address>
         <run_address>0x358c</run_address>
         <size>0xe</size>
         <input_file_ref idref="fl-e0"/>
      </object_component>
      <object_component id="oc-67">
         <name>.text:Reset_Handler</name>
         <load_address>0x359a</load_address>
         <run_address>0x359a</run_address>
         <size>0xc</size>
         <input_file_ref idref="fl-8"/>
      </object_component>
      <object_component id="oc-2c2">
         <name>.text:Crystalfontz128x128_Flush</name>
         <load_address>0x35a6</load_address>
         <run_address>0x35a6</run_address>
         <size>0xa</size>
         <input_file_ref idref="fl-6"/>
      </object_component>
      <object_component id="oc-327">
         <name>.text:__aeabi_errno_addr</name>
         <load_address>0x35b0</load_address>
         <run_address>0x35b0</run_address>
         <size>0x8</size>
         <input_file_ref idref="fl-e2"/>
      </object_component>
      <object_component id="oc-93">
         <name>.text:_system_pre_init</name>
         <load_address>0x35b8</load_address>
         <run_address>0x35b8</run_address>
         <size>0x4</size>
         <input_file_ref idref="fl-ea"/>
      </object_component>
      <object_component id="oc-11e">
         <name>.text:abort:abort</name>
         <load_address>0x35bc</load_address>
         <run_address>0x35bc</run_address>
         <size>0x4</size>
         <input_file_ref idref="fl-ec"/>
      </object_component>
      <object_component id="oc-20e">
         <name>.const:.string:g_pucCm12bData</name>
         <load_address>0x35c0</load_address>
         <run_address>0x35c0</run_address>
         <size>0x530</size>
         <input_file_ref idref="fl-16"/>
      </object_component>
      <object_component id="oc-3ba">
         <name>.const:.string:_ctypes_</name>
         <load_address>0x3af0</load_address>
         <run_address>0x3af0</run_address>
         <size>0x101</size>
         <input_file_ref idref="fl-f1"/>
      </object_component>
      <object_component id="oc-103">
         <name>.const:g_sFontCm12b</name>
         <load_address>0x3bf4</load_address>
         <run_address>0x3bf4</run_address>
         <size>0xc8</size>
         <input_file_ref idref="fl-16"/>
      </object_component>
      <object_component id="oc-392">
         <name>.const:GPIO_PORT_TO_BASE</name>
         <load_address>0x3cbc</load_address>
         <run_address>0x3cbc</run_address>
         <size>0x30</size>
         <input_file_ref idref="fl-1a"/>
      </object_component>
      <object_component id="oc-184">
         <name>.const:g_sCrystalfontz128x128_funcs</name>
         <load_address>0x3cec</load_address>
         <run_address>0x3cec</run_address>
         <size>0x20</size>
         <input_file_ref idref="fl-6"/>
      </object_component>
      <object_component id="oc-389">
         <name>.const:$P$T0$1</name>
         <load_address>0x3d0c</load_address>
         <run_address>0x3d0c</run_address>
         <size>0x1c</size>
         <input_file_ref idref="fl-7"/>
      </object_component>
      <object_component id="oc-3ae">
         <name>.const:$P$T0$1</name>
         <load_address>0x3d28</load_address>
         <run_address>0x3d28</run_address>
         <size>0x8</size>
         <input_file_ref idref="fl-6"/>
      </object_component>
      <object_component id="oc-100">
         <name>.const:$P$T0$1</name>
         <load_address>0x3d30</load_address>
         <run_address>0x3d30</run_address>
         <size>0x8</size>
         <input_file_ref idref="fl-4"/>
      </object_component>
      <object_component id="oc-106">
         <name>.const:$P$T1$2</name>
         <load_address>0x3d38</load_address>
         <run_address>0x3d38</run_address>
         <size>0x8</size>
         <input_file_ref idref="fl-4"/>
      </object_component>
      <object_component id="oc-109">
         <name>.const:$P$T2$3</name>
         <load_address>0x3d40</load_address>
         <run_address>0x3d40</run_address>
         <size>0x8</size>
         <input_file_ref idref="fl-4"/>
      </object_component>
      <object_component id="oc-10c">
         <name>.const:$P$T3$4</name>
         <load_address>0x3d48</load_address>
         <run_address>0x3d48</run_address>
         <size>0x8</size>
         <input_file_ref idref="fl-4"/>
      </object_component>
      <object_component id="oc-10f">
         <name>.const:$P$T4$5</name>
         <load_address>0x3d50</load_address>
         <run_address>0x3d50</run_address>
         <size>0x8</size>
         <input_file_ref idref="fl-4"/>
      </object_component>
      <object_component id="oc-4f6">
         <name>.cinit..data.load</name>
         <load_address>0x3d58</load_address>
         <run_address>0x3d58</run_address>
         <size>0xd</size>
      </object_component>
      <object_component id="oc-4f4">
         <name>__TI_handler_table</name>
         <load_address>0x3d68</load_address>
         <run_address>0x3d68</run_address>
         <size>0xc</size>
      </object_component>
      <object_component id="oc-4f7">
         <name>.cinit..bss.load</name>
         <load_address>0x3d78</load_address>
         <run_address>0x3d78</run_address>
         <size>0x8</size>
      </object_component>
      <object_component id="oc-4f5">
         <name>__TI_cinit_table</name>
         <load_address>0x3d80</load_address>
         <run_address>0x3d80</run_address>
         <size>0x10</size>
      </object_component>
      <object_component id="oc-4c8">
         <name>.binit</name>
         <load_address>0x0</load_address>
         <run_address>0x0</run_address>
         <size>0x0</size>
      </object_component>
      <object_component id="oc-181">
         <name>.data:g_sCrystalfontz128x128</name>
         <load_address>0x20000000</load_address>
         <run_address>0x20000000</run_address>
         <size>0x10</size>
         <input_file_ref idref="fl-6"/>
      </object_component>
      <object_component id="oc-421">
         <name>.data</name>
         <load_address>0x20000010</load_address>
         <run_address>0x20000010</run_address>
         <size>0x4</size>
         <input_file_ref idref="fl-e2"/>
      </object_component>
      <object_component id="oc-291">
         <name>.common:Lcd_Orientation</name>
         <uninitialized>true</uninitialized>
         <run_address>0x2000001c</run_address>
         <size>0x1</size>
      </object_component>
      <object_component id="oc-288">
         <name>.common:Lcd_ScreenWidth</name>
         <uninitialized>true</uninitialized>
         <run_address>0x20000016</run_address>
         <size>0x2</size>
      </object_component>
      <object_component id="oc-28b">
         <name>.common:Lcd_ScreenHeigth</name>
         <uninitialized>true</uninitialized>
         <run_address>0x20000014</run_address>
         <size>0x2</size>
      </object_component>
      <object_component id="oc-28c">
         <name>.common:Lcd_PenSolid</name>
         <uninitialized>true</uninitialized>
         <run_address>0x2000001d</run_address>
         <size>0x1</size>
      </object_component>
      <object_component id="oc-28d">
         <name>.common:Lcd_FontSolid</name>
         <uninitialized>true</uninitialized>
         <run_address>0x2000001b</run_address>
         <size>0x1</size>
      </object_component>
      <object_component id="oc-28e">
         <name>.common:Lcd_FlagRead</name>
         <uninitialized>true</uninitialized>
         <run_address>0x2000001a</run_address>
         <size>0x1</size>
      </object_component>
      <object_component id="oc-28f">
         <name>.common:Lcd_TouchTrim</name>
         <uninitialized>true</uninitialized>
         <run_address>0x20000018</run_address>
         <size>0x2</size>
      </object_component>
      <object_component id="oc-29">
         <name>.stack</name>
         <uninitialized>true</uninitialized>
         <run_address>0x2000fe00</run_address>
         <size>0x4</size>
         <input_file_ref idref="fl-e3"/>
      </object_component>
      <object_component id="oc-4f9">
         <name>.stack</name>
         <uninitialized>true</uninitialized>
         <run_address>0x2000fe00</run_address>
         <size>0x0</size>
      </object_component>
      <object_component id="oc-162">
         <name>.debug_info</name>
         <load_address>0x0</load_address>
         <run_address>0x0</run_address>
         <size>0x994</size>
         <input_file_ref idref="fl-2"/>
      </object_component>
      <object_component id="oc-24f">
         <name>.debug_info</name>
         <load_address>0x994</load_address>
         <run_address>0x994</run_address>
         <size>0x9a</size>
         <input_file_ref idref="fl-2"/>
      </object_component>
      <object_component id="oc-b5">
         <name>.debug_info</name>
         <load_address>0xa2e</load_address>
         <run_address>0xa2e</run_address>
         <size>0x26b</size>
         <input_file_ref idref="fl-2"/>
      </object_component>
      <object_component id="oc-223">
         <name>.debug_info</name>
         <load_address>0xc99</load_address>
         <run_address>0xc99</run_address>
         <size>0x1028</size>
         <input_file_ref idref="fl-2"/>
      </object_component>
      <object_component id="oc-254">
         <name>.debug_info</name>
         <load_address>0x1cc1</load_address>
         <run_address>0x1cc1</run_address>
         <size>0x37e2</size>
         <input_file_ref idref="fl-2"/>
      </object_component>
      <object_component id="oc-113">
         <name>.debug_info</name>
         <load_address>0x54a3</load_address>
         <run_address>0x54a3</run_address>
         <size>0x8b</size>
         <input_file_ref idref="fl-2"/>
      </object_component>
      <object_component id="oc-15d">
         <name>.debug_info</name>
         <load_address>0x552e</load_address>
         <run_address>0x552e</run_address>
         <size>0x2a4</size>
         <input_file_ref idref="fl-2"/>
      </object_component>
      <object_component id="oc-259">
         <name>.debug_info</name>
         <load_address>0x57d2</load_address>
         <run_address>0x57d2</run_address>
         <size>0xef</size>
         <input_file_ref idref="fl-2"/>
      </object_component>
      <object_component id="oc-200">
         <name>.debug_info</name>
         <load_address>0x58c1</load_address>
         <run_address>0x58c1</run_address>
         <size>0xbb</size>
         <input_file_ref idref="fl-2"/>
      </object_component>
      <object_component id="oc-38d">
         <name>.debug_info</name>
         <load_address>0x597c</load_address>
         <run_address>0x597c</run_address>
         <size>0x131</size>
         <input_file_ref idref="fl-2"/>
      </object_component>
      <object_component id="oc-32">
         <name>.debug_info</name>
         <load_address>0x5aad</load_address>
         <run_address>0x5aad</run_address>
         <size>0x84</size>
         <input_file_ref idref="fl-3"/>
      </object_component>
      <object_component id="oc-11d">
         <name>.debug_info</name>
         <load_address>0x5b31</load_address>
         <run_address>0x5b31</run_address>
         <size>0xbc3</size>
         <input_file_ref idref="fl-4"/>
      </object_component>
      <object_component id="oc-101">
         <name>.debug_info</name>
         <load_address>0x66f4</load_address>
         <run_address>0x66f4</run_address>
         <size>0xc5</size>
         <input_file_ref idref="fl-4"/>
      </object_component>
      <object_component id="oc-107">
         <name>.debug_info</name>
         <load_address>0x67b9</load_address>
         <run_address>0x67b9</run_address>
         <size>0xc5</size>
         <input_file_ref idref="fl-4"/>
      </object_component>
      <object_component id="oc-10a">
         <name>.debug_info</name>
         <load_address>0x687e</load_address>
         <run_address>0x687e</run_address>
         <size>0xc5</size>
         <input_file_ref idref="fl-4"/>
      </object_component>
      <object_component id="oc-10d">
         <name>.debug_info</name>
         <load_address>0x6943</load_address>
         <run_address>0x6943</run_address>
         <size>0xc5</size>
         <input_file_ref idref="fl-4"/>
      </object_component>
      <object_component id="oc-110">
         <name>.debug_info</name>
         <load_address>0x6a08</load_address>
         <run_address>0x6a08</run_address>
         <size>0xc5</size>
         <input_file_ref idref="fl-4"/>
      </object_component>
      <object_component id="oc-cd">
         <name>.debug_info</name>
         <load_address>0x6acd</load_address>
         <run_address>0x6acd</run_address>
         <size>0x213</size>
         <input_file_ref idref="fl-4"/>
      </object_component>
      <object_component id="oc-d3">
         <name>.debug_info</name>
         <load_address>0x6ce0</load_address>
         <run_address>0x6ce0</run_address>
         <size>0x12e</size>
         <input_file_ref idref="fl-4"/>
      </object_component>
      <object_component id="oc-f7">
         <name>.debug_info</name>
         <load_address>0x6e0e</load_address>
         <run_address>0x6e0e</run_address>
         <size>0x18a</size>
         <input_file_ref idref="fl-4"/>
      </object_component>
      <object_component id="oc-9c">
         <name>.debug_info</name>
         <load_address>0x6f98</load_address>
         <run_address>0x6f98</run_address>
         <size>0x3a9</size>
         <input_file_ref idref="fl-4"/>
      </object_component>
      <object_component id="oc-21e">
         <name>.debug_info</name>
         <load_address>0x7341</load_address>
         <run_address>0x7341</run_address>
         <size>0x37e2</size>
         <input_file_ref idref="fl-4"/>
      </object_component>
      <object_component id="oc-118">
         <name>.debug_info</name>
         <load_address>0xab23</load_address>
         <run_address>0xab23</run_address>
         <size>0x439</size>
         <input_file_ref idref="fl-4"/>
      </object_component>
      <object_component id="oc-228">
         <name>.debug_info</name>
         <load_address>0xaf5c</load_address>
         <run_address>0xaf5c</run_address>
         <size>0xcc</size>
         <input_file_ref idref="fl-4"/>
      </object_component>
      <object_component id="oc-1cf">
         <name>.debug_info</name>
         <load_address>0xb028</load_address>
         <run_address>0xb028</run_address>
         <size>0x2c</size>
         <input_file_ref idref="fl-4"/>
      </object_component>
      <object_component id="oc-af">
         <name>.debug_info</name>
         <load_address>0xb054</load_address>
         <run_address>0xb054</run_address>
         <size>0x123</size>
         <input_file_ref idref="fl-5"/>
      </object_component>
      <object_component id="oc-289">
         <name>.debug_info</name>
         <load_address>0xb177</load_address>
         <run_address>0xb177</run_address>
         <size>0x921</size>
         <input_file_ref idref="fl-6"/>
      </object_component>
      <object_component id="oc-182">
         <name>.debug_info</name>
         <load_address>0xba98</load_address>
         <run_address>0xba98</run_address>
         <size>0x105</size>
         <input_file_ref idref="fl-6"/>
      </object_component>
      <object_component id="oc-185">
         <name>.debug_info</name>
         <load_address>0xbb9d</load_address>
         <run_address>0xbb9d</run_address>
         <size>0x111</size>
         <input_file_ref idref="fl-6"/>
      </object_component>
      <object_component id="oc-3af">
         <name>.debug_info</name>
         <load_address>0xbcae</load_address>
         <run_address>0xbcae</run_address>
         <size>0xe6</size>
         <input_file_ref idref="fl-6"/>
      </object_component>
      <object_component id="oc-164">
         <name>.debug_info</name>
         <load_address>0xbd94</load_address>
         <run_address>0xbd94</run_address>
         <size>0x3d8</size>
         <input_file_ref idref="fl-6"/>
      </object_component>
      <object_component id="oc-283">
         <name>.debug_info</name>
         <load_address>0xc16c</load_address>
         <run_address>0xc16c</run_address>
         <size>0x2e4</size>
         <input_file_ref idref="fl-6"/>
      </object_component>
      <object_component id="oc-16a">
         <name>.debug_info</name>
         <load_address>0xc450</load_address>
         <run_address>0xc450</run_address>
         <size>0x240</size>
         <input_file_ref idref="fl-6"/>
      </object_component>
      <object_component id="oc-29f">
         <name>.debug_info</name>
         <load_address>0xc690</load_address>
         <run_address>0xc690</run_address>
         <size>0x285</size>
         <input_file_ref idref="fl-6"/>
      </object_component>
      <object_component id="oc-2a5">
         <name>.debug_info</name>
         <load_address>0xc915</load_address>
         <run_address>0xc915</run_address>
         <size>0x3e8</size>
         <input_file_ref idref="fl-6"/>
      </object_component>
      <object_component id="oc-2ab">
         <name>.debug_info</name>
         <load_address>0xccfd</load_address>
         <run_address>0xccfd</run_address>
         <size>0x2a0</size>
         <input_file_ref idref="fl-6"/>
      </object_component>
      <object_component id="oc-2b1">
         <name>.debug_info</name>
         <load_address>0xcf9d</load_address>
         <run_address>0xcf9d</run_address>
         <size>0x2a0</size>
         <input_file_ref idref="fl-6"/>
      </object_component>
      <object_component id="oc-2b7">
         <name>.debug_info</name>
         <load_address>0xd23d</load_address>
         <run_address>0xd23d</run_address>
         <size>0x2d1</size>
         <input_file_ref idref="fl-6"/>
      </object_component>
      <object_component id="oc-2bd">
         <name>.debug_info</name>
         <load_address>0xd50e</load_address>
         <run_address>0xd50e</run_address>
         <size>0x1ee</size>
         <input_file_ref idref="fl-6"/>
      </object_component>
      <object_component id="oc-2c3">
         <name>.debug_info</name>
         <load_address>0xd6fc</load_address>
         <run_address>0xd6fc</run_address>
         <size>0x1a9</size>
         <input_file_ref idref="fl-6"/>
      </object_component>
      <object_component id="oc-2c9">
         <name>.debug_info</name>
         <load_address>0xd8a5</load_address>
         <run_address>0xd8a5</run_address>
         <size>0x219</size>
         <input_file_ref idref="fl-6"/>
      </object_component>
      <object_component id="oc-3a1">
         <name>.debug_info</name>
         <load_address>0xdabe</load_address>
         <run_address>0xdabe</run_address>
         <size>0x37e2</size>
         <input_file_ref idref="fl-6"/>
      </object_component>
      <object_component id="oc-45a">
         <name>.debug_info</name>
         <load_address>0x112a0</load_address>
         <run_address>0x112a0</run_address>
         <size>0x867</size>
         <input_file_ref idref="fl-7"/>
      </object_component>
      <object_component id="oc-38a">
         <name>.debug_info</name>
         <load_address>0x11b07</load_address>
         <run_address>0x11b07</run_address>
         <size>0xf9</size>
         <input_file_ref idref="fl-7"/>
      </object_component>
      <object_component id="oc-260">
         <name>.debug_info</name>
         <load_address>0x11c00</load_address>
         <run_address>0x11c00</run_address>
         <size>0x250</size>
         <input_file_ref idref="fl-7"/>
      </object_component>
      <object_component id="oc-266">
         <name>.debug_info</name>
         <load_address>0x11e50</load_address>
         <run_address>0x11e50</run_address>
         <size>0x219</size>
         <input_file_ref idref="fl-7"/>
      </object_component>
      <object_component id="oc-278">
         <name>.debug_info</name>
         <load_address>0x12069</load_address>
         <run_address>0x12069</run_address>
         <size>0x210</size>
         <input_file_ref idref="fl-7"/>
      </object_component>
      <object_component id="oc-27d">
         <name>.debug_info</name>
         <load_address>0x12279</load_address>
         <run_address>0x12279</run_address>
         <size>0x1c3</size>
         <input_file_ref idref="fl-7"/>
      </object_component>
      <object_component id="oc-75">
         <name>.debug_info</name>
         <load_address>0x1243c</load_address>
         <run_address>0x1243c</run_address>
         <size>0x2c3</size>
         <input_file_ref idref="fl-8"/>
      </object_component>
      <object_component id="oc-27">
         <name>.debug_info</name>
         <load_address>0x126ff</load_address>
         <run_address>0x126ff</run_address>
         <size>0xef</size>
         <input_file_ref idref="fl-8"/>
      </object_component>
      <object_component id="oc-6a">
         <name>.debug_info</name>
         <load_address>0x127ee</load_address>
         <run_address>0x127ee</run_address>
         <size>0x152</size>
         <input_file_ref idref="fl-8"/>
      </object_component>
      <object_component id="oc-6f">
         <name>.debug_info</name>
         <load_address>0x12940</load_address>
         <run_address>0x12940</run_address>
         <size>0x13a</size>
         <input_file_ref idref="fl-8"/>
      </object_component>
      <object_component id="oc-196">
         <name>.debug_info</name>
         <load_address>0x12a7a</load_address>
         <run_address>0x12a7a</run_address>
         <size>0x561</size>
         <input_file_ref idref="fl-14"/>
      </object_component>
      <object_component id="oc-170">
         <name>.debug_info</name>
         <load_address>0x12fdb</load_address>
         <run_address>0x12fdb</run_address>
         <size>0x1ef</size>
         <input_file_ref idref="fl-14"/>
      </object_component>
      <object_component id="oc-176">
         <name>.debug_info</name>
         <load_address>0x131ca</load_address>
         <run_address>0x131ca</run_address>
         <size>0x203</size>
         <input_file_ref idref="fl-14"/>
      </object_component>
      <object_component id="oc-d7">
         <name>.debug_info</name>
         <load_address>0x133cd</load_address>
         <run_address>0x133cd</run_address>
         <size>0x1d0</size>
         <input_file_ref idref="fl-14"/>
      </object_component>
      <object_component id="oc-fb">
         <name>.debug_info</name>
         <load_address>0x1359d</load_address>
         <run_address>0x1359d</run_address>
         <size>0x1f6</size>
         <input_file_ref idref="fl-14"/>
      </object_component>
      <object_component id="oc-17c">
         <name>.debug_info</name>
         <load_address>0x13793</load_address>
         <run_address>0x13793</run_address>
         <size>0x1c3</size>
         <input_file_ref idref="fl-14"/>
      </object_component>
      <object_component id="oc-2d4">
         <name>.debug_info</name>
         <load_address>0x13956</load_address>
         <run_address>0x13956</run_address>
         <size>0x26b</size>
         <input_file_ref idref="fl-14"/>
      </object_component>
      <object_component id="oc-1ac">
         <name>.debug_info</name>
         <load_address>0x13bc1</load_address>
         <run_address>0x13bc1</run_address>
         <size>0x439</size>
         <input_file_ref idref="fl-14"/>
      </object_component>
      <object_component id="oc-341">
         <name>.debug_info</name>
         <load_address>0x13ffa</load_address>
         <run_address>0x13ffa</run_address>
         <size>0x297</size>
         <input_file_ref idref="fl-14"/>
      </object_component>
      <object_component id="oc-396">
         <name>.debug_info</name>
         <load_address>0x14291</load_address>
         <run_address>0x14291</run_address>
         <size>0xef</size>
         <input_file_ref idref="fl-14"/>
      </object_component>
      <object_component id="oc-1e2">
         <name>.debug_info</name>
         <load_address>0x14380</load_address>
         <run_address>0x14380</run_address>
         <size>0xbb</size>
         <input_file_ref idref="fl-14"/>
      </object_component>
      <object_component id="oc-2eb">
         <name>.debug_info</name>
         <load_address>0x1443b</load_address>
         <run_address>0x1443b</run_address>
         <size>0x3fb</size>
         <input_file_ref idref="fl-15"/>
      </object_component>
      <object_component id="oc-1dd">
         <name>.debug_info</name>
         <load_address>0x14836</load_address>
         <run_address>0x14836</run_address>
         <size>0x203</size>
         <input_file_ref idref="fl-15"/>
      </object_component>
      <object_component id="oc-2dd">
         <name>.debug_info</name>
         <load_address>0x14a39</load_address>
         <run_address>0x14a39</run_address>
         <size>0x221</size>
         <input_file_ref idref="fl-15"/>
      </object_component>
      <object_component id="oc-2e4">
         <name>.debug_info</name>
         <load_address>0x14c5a</load_address>
         <run_address>0x14c5a</run_address>
         <size>0x21d</size>
         <input_file_ref idref="fl-15"/>
      </object_component>
      <object_component id="oc-1a8">
         <name>.debug_info</name>
         <load_address>0x14e77</load_address>
         <run_address>0x14e77</run_address>
         <size>0x200</size>
         <input_file_ref idref="fl-15"/>
      </object_component>
      <object_component id="oc-209">
         <name>.debug_info</name>
         <load_address>0x15077</load_address>
         <run_address>0x15077</run_address>
         <size>0x1e3</size>
         <input_file_ref idref="fl-15"/>
      </object_component>
      <object_component id="oc-299">
         <name>.debug_info</name>
         <load_address>0x1525a</load_address>
         <run_address>0x1525a</run_address>
         <size>0x1db</size>
         <input_file_ref idref="fl-15"/>
      </object_component>
      <object_component id="oc-213">
         <name>.debug_info</name>
         <load_address>0x15435</load_address>
         <run_address>0x15435</run_address>
         <size>0x279</size>
         <input_file_ref idref="fl-16"/>
      </object_component>
      <object_component id="oc-20f">
         <name>.debug_info</name>
         <load_address>0x156ae</load_address>
         <run_address>0x156ae</run_address>
         <size>0x129</size>
         <input_file_ref idref="fl-16"/>
      </object_component>
      <object_component id="oc-104">
         <name>.debug_info</name>
         <load_address>0x157d7</load_address>
         <run_address>0x157d7</run_address>
         <size>0x126</size>
         <input_file_ref idref="fl-16"/>
      </object_component>
      <object_component id="oc-1a4">
         <name>.debug_info</name>
         <load_address>0x158fd</load_address>
         <run_address>0x158fd</run_address>
         <size>0x4f5</size>
         <input_file_ref idref="fl-17"/>
      </object_component>
      <object_component id="oc-dd">
         <name>.debug_info</name>
         <load_address>0x15df2</load_address>
         <run_address>0x15df2</run_address>
         <size>0x22a</size>
         <input_file_ref idref="fl-17"/>
      </object_component>
      <object_component id="oc-e3">
         <name>.debug_info</name>
         <load_address>0x1601c</load_address>
         <run_address>0x1601c</run_address>
         <size>0x1fe</size>
         <input_file_ref idref="fl-17"/>
      </object_component>
      <object_component id="oc-1e1">
         <name>.debug_info</name>
         <load_address>0x1621a</load_address>
         <run_address>0x1621a</run_address>
         <size>0x4ba</size>
         <input_file_ref idref="fl-18"/>
      </object_component>
      <object_component id="oc-1d5">
         <name>.debug_info</name>
         <load_address>0x166d4</load_address>
         <run_address>0x166d4</run_address>
         <size>0x1c5</size>
         <input_file_ref idref="fl-18"/>
      </object_component>
      <object_component id="oc-ef">
         <name>.debug_info</name>
         <load_address>0x16899</load_address>
         <run_address>0x16899</run_address>
         <size>0x42a</size>
         <input_file_ref idref="fl-18"/>
      </object_component>
      <object_component id="oc-2e0">
         <name>.debug_info</name>
         <load_address>0x16cc3</load_address>
         <run_address>0x16cc3</run_address>
         <size>0x53b</size>
         <input_file_ref idref="fl-19"/>
      </object_component>
      <object_component id="oc-199">
         <name>.debug_info</name>
         <load_address>0x171fe</load_address>
         <run_address>0x171fe</run_address>
         <size>0x216</size>
         <input_file_ref idref="fl-19"/>
      </object_component>
      <object_component id="oc-19f">
         <name>.debug_info</name>
         <load_address>0x17414</load_address>
         <run_address>0x17414</run_address>
         <size>0x214</size>
         <input_file_ref idref="fl-19"/>
      </object_component>
      <object_component id="oc-45d">
         <name>.debug_info</name>
         <load_address>0x17628</load_address>
         <run_address>0x17628</run_address>
         <size>0x701</size>
         <input_file_ref idref="fl-1a"/>
      </object_component>
      <object_component id="oc-393">
         <name>.debug_info</name>
         <load_address>0x17d29</load_address>
         <run_address>0x17d29</run_address>
         <size>0x135</size>
         <input_file_ref idref="fl-1a"/>
      </object_component>
      <object_component id="oc-377">
         <name>.debug_info</name>
         <load_address>0x17e5e</load_address>
         <run_address>0x17e5e</run_address>
         <size>0x252</size>
         <input_file_ref idref="fl-1a"/>
      </object_component>
      <object_component id="oc-371">
         <name>.debug_info</name>
         <load_address>0x180b0</load_address>
         <run_address>0x180b0</run_address>
         <size>0x2a5</size>
         <input_file_ref idref="fl-1a"/>
      </object_component>
      <object_component id="oc-271">
         <name>.debug_info</name>
         <load_address>0x18355</load_address>
         <run_address>0x18355</run_address>
         <size>0x25a</size>
         <input_file_ref idref="fl-1a"/>
      </object_component>
      <object_component id="oc-26b">
         <name>.debug_info</name>
         <load_address>0x185af</load_address>
         <run_address>0x185af</run_address>
         <size>0x258</size>
         <input_file_ref idref="fl-1a"/>
      </object_component>
      <object_component id="oc-4a4">
         <name>.debug_info</name>
         <load_address>0x18807</load_address>
         <run_address>0x18807</run_address>
         <size>0x1028</size>
         <input_file_ref idref="fl-1a"/>
      </object_component>
      <object_component id="oc-49f">
         <name>.debug_info</name>
         <load_address>0x1982f</load_address>
         <run_address>0x1982f</run_address>
         <size>0x431a</size>
         <input_file_ref idref="fl-1a"/>
      </object_component>
      <object_component id="oc-44a">
         <name>.debug_info</name>
         <load_address>0x1db49</load_address>
         <run_address>0x1db49</run_address>
         <size>0x6f5</size>
         <input_file_ref idref="fl-1d"/>
      </object_component>
      <object_component id="oc-446">
         <name>.debug_info</name>
         <load_address>0x1e23e</load_address>
         <run_address>0x1e23e</run_address>
         <size>0x1c7</size>
         <input_file_ref idref="fl-1d"/>
      </object_component>
      <object_component id="oc-380">
         <name>.debug_info</name>
         <load_address>0x1e405</load_address>
         <run_address>0x1e405</run_address>
         <size>0x22b</size>
         <input_file_ref idref="fl-1d"/>
      </object_component>
      <object_component id="oc-386">
         <name>.debug_info</name>
         <load_address>0x1e630</load_address>
         <run_address>0x1e630</run_address>
         <size>0x235</size>
         <input_file_ref idref="fl-1d"/>
      </object_component>
      <object_component id="oc-454">
         <name>.debug_info</name>
         <load_address>0x1e865</load_address>
         <run_address>0x1e865</run_address>
         <size>0x1e9</size>
         <input_file_ref idref="fl-1d"/>
      </object_component>
      <object_component id="oc-44e">
         <name>.debug_info</name>
         <load_address>0x1ea4e</load_address>
         <run_address>0x1ea4e</run_address>
         <size>0x1e9</size>
         <input_file_ref idref="fl-1d"/>
      </object_component>
      <object_component id="oc-4a9">
         <name>.debug_info</name>
         <load_address>0x1ec37</load_address>
         <run_address>0x1ec37</run_address>
         <size>0x131</size>
         <input_file_ref idref="fl-1d"/>
      </object_component>
      <object_component id="oc-189">
         <name>.debug_info</name>
         <load_address>0x1ed68</load_address>
         <run_address>0x1ed68</run_address>
         <size>0x26f</size>
         <input_file_ref idref="fl-1e"/>
      </object_component>
      <object_component id="oc-1ee">
         <name>.debug_info</name>
         <load_address>0x1efd7</load_address>
         <run_address>0x1efd7</run_address>
         <size>0x1fd</size>
         <input_file_ref idref="fl-1e"/>
      </object_component>
      <object_component id="oc-1fa">
         <name>.debug_info</name>
         <load_address>0x1f1d4</load_address>
         <run_address>0x1f1d4</run_address>
         <size>0x1da</size>
         <input_file_ref idref="fl-1e"/>
      </object_component>
      <object_component id="oc-1f4">
         <name>.debug_info</name>
         <load_address>0x1f3ae</load_address>
         <run_address>0x1f3ae</run_address>
         <size>0x209</size>
         <input_file_ref idref="fl-1e"/>
      </object_component>
      <object_component id="oc-1e8">
         <name>.debug_info</name>
         <load_address>0x1f5b7</load_address>
         <run_address>0x1f5b7</run_address>
         <size>0x1d8</size>
         <input_file_ref idref="fl-1e"/>
      </object_component>
      <object_component id="oc-18f">
         <name>.debug_info</name>
         <load_address>0x1f78f</load_address>
         <run_address>0x1f78f</run_address>
         <size>0x1e6</size>
         <input_file_ref idref="fl-1e"/>
      </object_component>
      <object_component id="oc-487">
         <name>.debug_info</name>
         <load_address>0x1f975</load_address>
         <run_address>0x1f975</run_address>
         <size>0x2fd</size>
         <input_file_ref idref="fl-d7"/>
      </object_component>
      <object_component id="oc-40c">
         <name>.debug_info</name>
         <load_address>0x1fc72</load_address>
         <run_address>0x1fc72</run_address>
         <size>0x225</size>
         <input_file_ref idref="fl-d7"/>
      </object_component>
      <object_component id="oc-4bb">
         <name>.debug_info</name>
         <load_address>0x1fe97</load_address>
         <run_address>0x1fe97</run_address>
         <size>0x39</size>
         <input_file_ref idref="fl-d7"/>
      </object_component>
      <object_component id="oc-47b">
         <name>.debug_info</name>
         <load_address>0x1fed0</load_address>
         <run_address>0x1fed0</run_address>
         <size>0x2c</size>
         <input_file_ref idref="fl-d7"/>
      </object_component>
      <object_component id="oc-1c4">
         <name>.debug_info</name>
         <load_address>0x1fefc</load_address>
         <run_address>0x1fefc</run_address>
         <size>0x33a</size>
         <input_file_ref idref="fl-d8"/>
      </object_component>
      <object_component id="oc-ec">
         <name>.debug_info</name>
         <load_address>0x20236</load_address>
         <run_address>0x20236</run_address>
         <size>0x1ee</size>
         <input_file_ref idref="fl-d8"/>
      </object_component>
      <object_component id="oc-1bb">
         <name>.debug_info</name>
         <load_address>0x20424</load_address>
         <run_address>0x20424</run_address>
         <size>0x1c3</size>
         <input_file_ref idref="fl-d8"/>
      </object_component>
      <object_component id="oc-1c0">
         <name>.debug_info</name>
         <load_address>0x205e7</load_address>
         <run_address>0x205e7</run_address>
         <size>0x176</size>
         <input_file_ref idref="fl-d8"/>
      </object_component>
      <object_component id="oc-1c5">
         <name>.debug_info</name>
         <load_address>0x2075d</load_address>
         <run_address>0x2075d</run_address>
         <size>0x2c</size>
         <input_file_ref idref="fl-d8"/>
      </object_component>
      <object_component id="oc-1ca">
         <name>.debug_info</name>
         <load_address>0x20789</load_address>
         <run_address>0x20789</run_address>
         <size>0x69</size>
         <input_file_ref idref="fl-d8"/>
      </object_component>
      <object_component id="oc-3e6">
         <name>.debug_info</name>
         <load_address>0x207f2</load_address>
         <run_address>0x207f2</run_address>
         <size>0x14c</size>
         <input_file_ref idref="fl-d9"/>
      </object_component>
      <object_component id="oc-2ff">
         <name>.debug_info</name>
         <load_address>0x2093e</load_address>
         <run_address>0x2093e</run_address>
         <size>0x128</size>
         <input_file_ref idref="fl-da"/>
      </object_component>
      <object_component id="oc-3d1">
         <name>.debug_info</name>
         <load_address>0x20a66</load_address>
         <run_address>0x20a66</run_address>
         <size>0x12a</size>
         <input_file_ref idref="fl-da"/>
      </object_component>
      <object_component id="oc-3cd">
         <name>.debug_info</name>
         <load_address>0x20b90</load_address>
         <run_address>0x20b90</run_address>
         <size>0x13a</size>
         <input_file_ref idref="fl-db"/>
      </object_component>
      <object_component id="oc-3c7">
         <name>.debug_info</name>
         <load_address>0x20cca</load_address>
         <run_address>0x20cca</run_address>
         <size>0x13a</size>
         <input_file_ref idref="fl-dc"/>
      </object_component>
      <object_component id="oc-3e1">
         <name>.debug_info</name>
         <load_address>0x20e04</load_address>
         <run_address>0x20e04</run_address>
         <size>0x12c</size>
         <input_file_ref idref="fl-dd"/>
      </object_component>
      <object_component id="oc-38">
         <name>.debug_info</name>
         <load_address>0x20f30</load_address>
         <run_address>0x20f30</run_address>
         <size>0x119</size>
         <input_file_ref idref="fl-de"/>
      </object_component>
      <object_component id="oc-8c">
         <name>.debug_info</name>
         <load_address>0x21049</load_address>
         <run_address>0x21049</run_address>
         <size>0x2d4</size>
         <input_file_ref idref="fl-df"/>
      </object_component>
      <object_component id="oc-44">
         <name>.debug_info</name>
         <load_address>0x2131d</load_address>
         <run_address>0x2131d</run_address>
         <size>0x1d2</size>
         <input_file_ref idref="fl-df"/>
      </object_component>
      <object_component id="oc-87">
         <name>.debug_info</name>
         <load_address>0x214ef</load_address>
         <run_address>0x214ef</run_address>
         <size>0x46</size>
         <input_file_ref idref="fl-df"/>
      </object_component>
      <object_component id="oc-c1">
         <name>.debug_info</name>
         <load_address>0x21535</load_address>
         <run_address>0x21535</run_address>
         <size>0x2c</size>
         <input_file_ref idref="fl-df"/>
      </object_component>
      <object_component id="oc-42">
         <name>.debug_info</name>
         <load_address>0x21561</load_address>
         <run_address>0x21561</run_address>
         <size>0x2a8</size>
         <input_file_ref idref="fl-e0"/>
      </object_component>
      <object_component id="oc-1e">
         <name>.debug_info</name>
         <load_address>0x21809</load_address>
[...]
         <name>interruptVectors</name>
         <value>0x0</value>
         <object_component_ref idref="oc-26"/>
      </symbol>
      <symbol id="sm-24c">
         <name>Graphics_setBackgroundColor</name>
         <value>0x344b</value>
         <object_component_ref idref="oc-175"/>
      </symbol>
      <symbol id="sm-24d">
         <name>Graphics_setFont</name>
         <value>0x3465</value>
         <object_component_ref idref="oc-d6"/>
      </symbol>
      <symbol id="sm-24e">
         <name>Graphics_initContext</name>
         <value>0x2d11</value>
         <object_component_ref idref="oc-16f"/>
      </symbol>
      <symbol id="sm-24f">
         <name>Graphics_setForegroundColor</name>
         <value>0x34dd</value>
         <object_component_ref idref="oc-fa"/>
      </symbol>
      <symbol id="sm-250">
         <name>Graphics_clearDisplay</name>
         <value>0x355b</value>
         <object_component_ref idref="oc-17b"/>
      </symbol>
      <symbol id="sm-285">
         <name>Graphics_clearDisplayOnDisplay</name>
         <value>0x3431</value>
         <object_component_ref idref="oc-295"/>
      </symbol>
      <symbol id="sm-286">
         <name>Graphics_drawPixelOnDisplay</name>
         <value>0x32d1</value>
         <object_component_ref idref="oc-1da"/>
      </symbol>
      <symbol id="sm-287">
         <name>Graphics_translateColorOnDisplay</name>
         <value>0x34f3</value>
         <object_component_ref idref="oc-205"/>
      </symbol>
      <symbol id="sm-288">
         <name>Graphics_drawHorizontalLineOnDisplay</name>
         <value>0x3111</value>
         <object_component_ref idref="oc-2d9"/>
      </symbol>
      <symbol id="sm-289">
         <name>Graphics_drawVerticalLineOnDisplay</name>
         <value>0x3147</value>
         <object_component_ref idref="oc-2e1"/>
      </symbol>
      <symbol id="sm-28a">
         <name>Graphics_fillRectangleOnDisplay</name>
         <value>0x33a1</value>
         <object_component_ref idref="oc-1a5"/>
      </symbol>
      <symbol id="sm-29c">
         <name>g_sFontCm12b</name>
         <value>0x3bf4</value>
         <object_component_ref idref="oc-103"/>
      </symbol>
      <symbol id="sm-2bc">
         <name>Graphics_drawRectangle</name>
         <value>0x237b</value>
         <object_component_ref idref="oc-dc"/>
      </symbol>
      <symbol id="sm-2bd">
         <name>Graphics_fillRectangle</name>
         <value>0x1ef9</value>
         <object_component_ref idref="oc-e2"/>
      </symbol>
      <symbol id="sm-2fd">
         <name>Graphics_drawString</name>
         <value>0xb33</value>
         <object_component_ref idref="oc-ee"/>
      </symbol>
      <symbol id="sm-31e">
         <name>Graphics_drawLineH</name>
         <value>0x24b9</value>
         <object_component_ref idref="oc-197"/>
      </symbol>
      <symbol id="sm-31f">
         <name>Graphics_drawLineV</name>
         <value>0x2555</value>
         <object_component_ref idref="oc-19d"/>
      </symbol>
      <symbol id="sm-362">
         <name>GPIO_setOutputHighOnPin</name>
         <value>0x3351</value>
         <object_component_ref idref="oc-270"/>
      </symbol>
      <symbol id="sm-363">
         <name>GPIO_setAsOutputPin</name>
         <value>0x2f61</value>
         <object_component_ref idref="oc-376"/>
      </symbol>
      <symbol id="sm-364">
         <name>GPIO_setOutputLowOnPin</name>
         <value>0x3379</value>
         <object_component_ref idref="oc-26a"/>
      </symbol>
      <symbol id="sm-365">
         <name>GPIO_setAsPeripheralModuleFunctionOutputPin</name>
         <value>0x2725</value>
         <object_component_ref idref="oc-370"/>
      </symbol>
      <symbol id="sm-3a6">
         <name>EUSCI_B_SPI_enable</name>
         <value>0x34c7</value>
         <object_component_ref idref="oc-451"/>
      </symbol>
      <symbol id="sm-3a7">
         <name>SPI_enableModule</name>
         <value>0x33bf</value>
         <object_component_ref idref="oc-383"/>
      </symbol>
      <symbol id="sm-3a8">
         <name>EUSCI_A_SPI_enable</name>
         <value>0x34b1</value>
         <object_component_ref idref="oc-44b"/>
      </symbol>
      <symbol id="sm-3a9">
         <name>SPI_initMaster</name>
         <value>0x22cb</value>
         <object_component_ref idref="oc-37d"/>
      </symbol>
      <symbol id="sm-3ea">
         <name>Timer32_startTimer</name>
         <value>0x30d9</value>
         <object_component_ref idref="oc-1f3"/>
      </symbol>
      <symbol id="sm-3eb">
         <name>Timer32_setCount</name>
         <value>0x317d</value>
         <object_component_ref idref="oc-1ed"/>
      </symbol>
      <symbol id="sm-3ec">
         <name>Timer32_getValue</name>
         <value>0x357f</value>
         <object_component_ref idref="oc-1f9"/>
      </symbol>
      <symbol id="sm-3ed">
         <name>Timer32_haltTimer</name>
         <value>0x3533</value>
         <object_component_ref idref="oc-1e7"/>
      </symbol>
      <symbol id="sm-3ee">
         <name>Timer32_disableInterrupt</name>
         <value>0x351f</value>
         <object_component_ref idref="oc-18e"/>
      </symbol>
      <symbol id="sm-3ef">
         <name>Timer32_initModule</name>
         <value>0x2a1d</value>
         <object_component_ref idref="oc-188"/>
      </symbol>
      <symbol id="sm-419">
         <name>scalbn</name>
         <value>0x200d</value>
         <object_component_ref idref="oc-40b"/>
      </symbol>
      <symbol id="sm-41a">
         <name>scalbnl</name>
         <value>0x200d</value>
         <object_component_ref idref="oc-40b"/>
      </symbol>
      <symbol id="sm-41b">
         <name>ldexpl</name>
         <value>0x200d</value>
         <object_component_ref idref="oc-40b"/>
      </symbol>
      <symbol id="sm-41c">
         <name>ldexp</name>
         <value>0x200d</value>
         <object_component_ref idref="oc-40b"/>
      </symbol>
      <symbol id="sm-44b">
         <name>snprintf</name>
         <value>0x2e01</value>
         <object_component_ref idref="oc-e8"/>
      </symbol>
      <symbol id="sm-462">
         <name>__aeabi_dsub</name>
         <value>0x15c9</value>
         <object_component_ref idref="oc-3e5"/>
      </symbol>
      <symbol id="sm-463">
         <name>__aeabi_dadd</name>
         <value>0x15d3</value>
         <object_component_ref idref="oc-3e5"/>
      </symbol>
      <symbol id="sm-485">
         <name>__aeabi_cdcmpeq</name>
         <value>0x27ad</value>
         <object_component_ref idref="oc-2fe"/>
      </symbol>
      <symbol id="sm-486">
         <name>__aeabi_cdcmple</name>
         <value>0x27ad</value>
         <object_component_ref idref="oc-2fe"/>
      </symbol>
      <symbol id="sm-487">
         <name>__aeabi_cdrcmple</name>
         <value>0x2833</value>
         <object_component_ref idref="oc-3d0"/>
      </symbol>
      <symbol id="sm-49b">
         <name>__aeabi_ddiv</name>
         <value>0x1a3d</value>
         <object_component_ref idref="oc-3cb"/>
      </symbol>
      <symbol id="sm-4a6">
         <name>__aeabi_dmul</name>
         <value>0x211d</value>
         <object_component_ref idref="oc-3c6"/>
      </symbol>
      <symbol id="sm-4b0">
         <name>__aeabi_i2d</name>
         <value>0x3275</value>
         <object_component_ref idref="oc-3e0"/>
      </symbol>
      <symbol id="sm-4cb">
         <name>memcpy</name>
         <value>0x25f1</value>
         <object_component_ref idref="oc-37"/>
      </symbol>
      <symbol id="sm-4cc">
         <name>__aeabi_memcpy</name>
         <value>0x25f1</value>
         <object_component_ref idref="oc-37"/>
      </symbol>
      <symbol id="sm-4cd">
         <name>__aeabi_memcpy8</name>
         <value>0x25f1</value>
         <object_component_ref idref="oc-37"/>
      </symbol>
      <symbol id="sm-4ce">
         <name>__aeabi_memcpy4</name>
         <value>0x25f1</value>
         <object_component_ref idref="oc-37"/>
      </symbol>
      <symbol id="sm-4e7">
         <name>__TI_zero_init_nomemset</name>
         <value>0x33db</value>
         <object_component_ref idref="oc-43"/>
      </symbol>
      <symbol id="sm-4fe">
         <name>__TI_decompress_none</name>
         <value>0x358d</value>
         <object_component_ref idref="oc-1d"/>
      </symbol>
      <symbol id="sm-521">
         <name>__TI_decompress_lzss</name>
         <value>0x2a85</value>
         <object_component_ref idref="oc-17"/>
      </symbol>
      <symbol id="sm-537">
         <name>__aeabi_errno_addr</name>
         <value>0x35b1</value>
         <object_component_ref idref="oc-327"/>
      </symbol>
      <symbol id="sm-538">
         <name>errno</name>
         <value>0x20000010</value>
         <object_component_ref idref="oc-421"/>
      </symbol>
      <symbol id="sm-54b">
         <name>__stack</name>
         <value>0x2000fe00</value>
         <object_component_ref idref="oc-29"/>
      </symbol>
      <symbol id="sm-54c">
         <name>_c_int00_noargs</name>
         <value>0x31b1</value>
         <object_component_ref idref="oc-55"/>
      </symbol>
      <symbol id="sm-556">
         <name>copysign</name>
         <value>0x347f</value>
         <object_component_ref idref="oc-480"/>
      </symbol>
      <symbol id="sm-557">
         <name>copysignl</name>
         <value>0x347f</value>
         <object_component_ref idref="oc-480"/>
      </symbol>
      <symbol id="sm-6bc">
         <name>__TI_printfi</name>
         <value>0xe5</value>
         <object_component_ref idref="oc-1b1"/>
      </symbol>
      <symbol id="sm-6cb">
         <name>__aeabi_memset</name>
         <value>0x28bb</value>
         <object_component_ref idref="oc-8d"/>
      </symbol>
      <symbol id="sm-6cc">
         <name>memset</name>
         <value>0x28c1</value>
         <object_component_ref idref="oc-8d"/>
      </symbol>
      <symbol id="sm-6cd">
         <name>__aeabi_memset8</name>
         <value>0x28bb</value>
         <object_component_ref idref="oc-8d"/>
      </symbol>
      <symbol id="sm-6ce">
         <name>__aeabi_memset4</name>
         <value>0x28bb</value>
         <object_component_ref idref="oc-8d"/>
      </symbol>
      <symbol id="sm-6cf">
         <name>__aeabi_memclr8</name>
         <value>0x28b9</value>
         <object_component_ref idref="oc-8d"/>
      </symbol>
      <symbol id="sm-6d0">
         <name>__aeabi_memclr4</name>
         <value>0x28b9</value>
         <object_component_ref idref="oc-8d"/>
      </symbol>
      <symbol id="sm-6d1">
         <name>__aeabi_memclr</name>
         <value>0x28b9</value>
         <object_component_ref idref="oc-8d"/>
      </symbol>
      <symbol id="sm-6db">
         <name>__aeabi_d2iz</name>
         <value>0x2e95</value>
         <object_component_ref idref="oc-3d5"/>
      </symbol>
      <symbol id="sm-6e8">
         <name>__aeabi_uldivmod</name>
         <value>0x268d</value>
         <object_component_ref idref="oc-3bf"/>
      </symbol>
      <symbol id="sm-710">
         <name>__TI_auto_init_nobinit_nopinit</name>
         <value>0x2edd</value>
         <object_component_ref idref="oc-12a"/>
      </symbol>
      <symbol id="sm-71a">
         <name>_system_pre_init</name>
         <value>0x35b9</value>
         <object_component_ref idref="oc-93"/>
      </symbol>
      <symbol id="sm-726">
         <name>C$$EXIT</name>
         <value>0x35bd</value>
         <object_component_ref idref="oc-11e"/>
      </symbol>
      <symbol id="sm-727">
         <name>abort</name>
         <value>0x35bd</value>
         <object_component_ref idref="oc-11e"/>
      </symbol>
      <symbol id="sm-737">
         <name>__TI_ltoa</name>
         <value>0x2cbd</value>
         <object_component_ref idref="oc-3da"/>
      </symbol>
      <symbol id="sm-74e">
         <name>atoi</name>
         <value>0x2db5</value>
         <object_component_ref idref="oc-2f2"/>
      </symbol>
      <symbol id="sm-759">
         <name>_ctypes_</name>
         <value>0x3af0</value>
         <object_component_ref idref="oc-3ba"/>
      </symbol>
      <symbol id="sm-769">
         <name>memccpy</name>
         <value>0x3415</value>
         <object_component_ref idref="oc-31b"/>
      </symbol>
      <symbol id="sm-779">
         <name>strchr</name>
         <value>0x3509</value>
         <object_component_ref idref="oc-411"/>
      </symbol>
      <symbol id="sm-787">
         <name>strlen</name>
         <value>0x3547</value>
         <object_component_ref idref="oc-2ec"/>
      </symbol>
      <symbol id="sm-79d">
         <name>frexpl</name>
         <value>0x2aed</value>
         <object_component_ref idref="oc-405"/>
      </symbol>
      <symbol id="sm-79e">
         <name>frexp</name>
         <value>0x2aed</value>
         <object_component_ref idref="oc-405"/>
      </symbol>
      <symbol id="sm-7b7">
         <name>wcslen</name>
         <value>0x356d</value>
         <object_component_ref idref="oc-321"/>
      </symbol>
      <symbol id="sm-7c1">
         <name>__aeabi_idiv0</name>
         <value>0x1b73</value>
         <object_component_ref idref="oc-467"/>
      </symbol>
      <symbol id="sm-7c2">
         <name>__aeabi_ldiv0</name>
         <value>0x1b73</value>
         <object_component_ref idref="oc-467"/>
      </symbol>
      <symbol id="sm-7c3">
         <name>__TI_static_base__</name>
         <value>0x0</value>
      </symbol>
      <symbol id="sm-7c6">
         <name>__mpu_init</name>
         <value>0x0</value>
      </symbol>
      <symbol id="sm-7c7">
         <name>_system_post_cinit</name>
         <value>0x0</value>
      </symbol>
      <symbol id="sm-7c8">
         <name>NMI_Handler</name>
         <value>0x177f</value>
      </symbol>
      <symbol id="sm-7c9">
         <name>HardFault_Handler</name>
         <value>0x177f</value>
      </symbol>
      <symbol id="sm-7ca">
         <name>MemManage_Handler</name>
         <value>0x177f</value>
      </symbol>
      <symbol id="sm-7cb">
         <name>BusFault_Handler</name>
         <value>0x177f</value>
      </symbol>
      <symbol id="sm-7cc">
         <name>UsageFault_Handler</name>
         <value>0x177f</value>
      </symbol>
      <symbol id="sm-7cd">
         <name>SVC_Handler</name>
         <value>0x177f</value>
      </symbol>
      <symbol id="sm-7ce">
         <name>DebugMon_Handler</name>
         <value>0x177f</value>
      </symbol>
      <symbol id="sm-7cf">
         <name>PendSV_Handler</name>
         <value>0x177f</value>
      </symbol>
      <symbol id="sm-7d0">
         <name>SysTick_Handler</name>
         <value>0x177f</value>
      </symbol>
      <symbol id="sm-7d1">
         <name>PSS_IRQHandler</name>
         <value>0x177f</value>
      </symbol>
      <symbol id="sm-7d2">
         <name>CS_IRQHandler</name>
         <value>0x177f</value>
      </symbol>
      <symbol id="sm-7d3">
         <name>PCM_IRQHandler</name>
         <value>0x177f</value>
      </symbol>
      <symbol id="sm-7d4">
         <name>WDT_A_IRQHandler</name>
         <value>0x177f</value>
      </symbol>
      <symbol id="sm-7d5">
         <name>FPU_IRQHandler</name>
         <value>0x177f</value>
      </symbol>
      <symbol id="sm-7d6">
         <name>FLCTL_IRQHandler</name>
         <value>0x177f</value>
      </symbol>
      <symbol id="sm-7d7">
         <name>COMP_E0_IRQHandler</name>
         <value>0x177f</value>
      </symbol>
      <symbol id="sm-7d8">
         <name>COMP_E1_IRQHandler</name>
         <value>0x177f</value>
      </symbol>
      <symbol id="sm-7d9">
         <name>TA0_0_IRQHandler</name>
         <value>0x177f</value>
      </symbol>
      <symbol id="sm-7da">
         <name>TA0_N_IRQHandler</name>
         <value>0x177f</value>
      </symbol>
      <symbol id="sm-7db">
         <name>TA1_0_IRQHandler</name>
         <value>0x177f</value>
      </symbol>
      <symbol id="sm-7dc">
         <name>TA1_N_IRQHandler</name>
         <value>0x177f</value>
      </symbol>
      <symbol id="sm-7dd">
         <name>TA2_0_IRQHandler</name>
         <value>0x177f</value>
      </symbol>
      <symbol id="sm-7de">
         <name>TA2_N_IRQHandler</name>
         <value>0x177f</value>
      </symbol>
      <symbol id="sm-7df">
         <name>TA3_0_IRQHandler</name>
         <value>0x177f</value>
      </symbol>
      <symbol id="sm-7e0">
         <name>TA3_N_IRQHandler</name>
         <value>0x177f</value>
      </symbol>
      <symbol id="sm-7e1">
         <name>EUSCIA0_IRQHandler</name>
         <value>0x177f</value>
      </symbol>
      <symbol id="sm-7e2">
         <name>EUSCIA1_IRQHandler</name>
         <value>0x177f</value>
      </symbol>
      <symbol id="sm-7e3">
         <name>EUSCIA2_IRQHandler</name>
         <value>0x177f</value>
      </symbol>
      <symbol id="sm-7e4">
         <name>EUSCIA3_IRQHandler</name>
         <value>0x177f</value>
      </symbol>
      <symbol id="sm-7e5">
         <name>EUSCIB0_IRQHandler</name>
         <value>0x177f</value>
      </symbol>
      <symbol id="sm-7e6">
         <name>EUSCIB1_IRQHandler</name>
         <value>0x177f</value>
      </symbol>
      <symbol id="sm-7e7">
         <name>EUSCIB2_IRQHandler</name>
         <value>0x177f</value>
      </symbol>
      <symbol id="sm-7e8">
         <name>EUSCIB3_IRQHandler</name>
         <value>0x177f</value>
      </symbol>
      <symbol id="sm-7e9">
         <name>ADC14_IRQHandler</name>
         <value>0x177f</value>
      </symbol>
      <symbol id="sm-7ea">
         <name>T32_INT1_IRQHandler</name>
         <value>0x177f</value>
      </symbol>
      <symbol id="sm-7eb">
         <name>T32_INT2_IRQHandler</name>
         <value>0x177f</value>
      </symbol>
      <symbol id="sm-7ec">
         <name>T32_INTC_IRQHandler</name>
         <value>0x177f</value>
      </symbol>
      <symbol id="sm-7ed">
         <name>AES256_IRQHandler</name>
         <value>0x177f</value>
      </symbol>
      <symbol id="sm-7ee">
         <name>RTC_C_IRQHandler</name>
         <value>0x177f</value>
      </symbol>
      <symbol id="sm-7ef">
         <name>DMA_ERR_IRQHandler</name>
         <value>0x177f</value>
      </symbol>
      <symbol id="sm-7f0">
         <name>DMA_INT3_IRQHandler</name>
         <value>0x177f</value>
      </symbol>
      <symbol id="sm-7f1">
         <name>DMA_INT2_IRQHandler</name>
         <value>0x177f</value>
      </symbol>
      <symbol id="sm-7f2">
         <name>DMA_INT1_IRQHandler</name>
         <value>0x177f</value>
      </symbol>
      <symbol id="sm-7f3">
         <name>DMA_INT0_IRQHandler</name>
         <value>0x177f</value>
      </symbol>
      <symbol id="sm-7f4">
         <name>PORT1_IRQHandler</name>
         <value>0x177f</value>
      </symbol>
      <symbol id="sm-7f5">
         <name>PORT2_IRQHandler</name>
         <value>0x177f</value>
      </symbol>
      <symbol id="sm-7f6">
         <name>PORT3_IRQHandler</name>
         <value>0x177f</value>
      </symbol>
      <symbol id="sm-7f7">
         <name>PORT4_IRQHandler</name>
         <value>0x177f</value>
      </symbol>
      <symbol id="sm-7f8">
         <name>PORT5_IRQHandler</name>
         <value>0x177f</value>
      </symbol>
      <symbol id="sm-7f9">
         <name>PORT6_IRQHandler</name>
         <value>0x177f</value>
      </symbol>
   </symbol_table>
   <title>Link successful</title>
</link_info>
