******************************************************************************
                  TI ARM Linker PC v20.2.1                     
******************************************************************************
>> Linked Thu Oct 29 21:18:53 2020

OUTPUT FILE NAME:   <LCD-New.out>
ENTRY POINT SYMBOL: "_c_int00_noargs"  address: 00001279


MEMORY CONFIGURATION

         name            origin    length      used     unused   attr    fill
----------------------  --------  ---------  --------  --------  ----  --------
  MAIN                  00000000   00040000  000027ac  0003d854  R  X
  INFO                  00200000   00004000  00000000  00004000  R  X
  SRAM_CODE             01000000   00010000  0000021a  0000fde6  RW X
  SRAM_DATA             20000000   00010000  0000021a  0000fde6  RW  


SEGMENT ALLOCATION MAP

run origin  load origin   length   init length attrs members
----------  ----------- ---------- ----------- ----- -------
00000000    00000000    000027b0   000027b0    r-x
  00000000    00000000    000000e4   000000e4    r-- .intvecs
  000000e4    000000e4    00001440   00001440    r-x .text
  00001524    00001524    00001250   00001250    r-- .const
  00002778    00002778    00000038   00000038    r-- .cinit
20000000    20000000    0000001a   00000000    rw-
  20000000    20000000    00000010   00000000    rw- .data
  20000010    20000010    0000000a   00000000    rw- .bss
2000fe00    2000fe00    00000200   00000000    rw-
  2000fe00    2000fe00    00000200   00000000    rw- .stack


SECTION ALLOCATION MAP

 output                                  attributes/
section   page    origin      length       input sections
--------  ----  ----------  ----------   ----------------
.intvecs   0    00000000    000000e4     
                  00000000    000000e4     startup_msp432p401r_ccs.obj (.intvecs:retain)

.text      0    000000e4    00001440     
                  000000e4    0000047e     grlib.a : string.obj (.text:Graphics_drawString)
                  00000562    000001d8     Crystalfontz128x128_ST7735.obj (.text:Crystalfontz128x128_PixelDrawMultiple)
                  0000073a    00000002     startup_msp432p401r_ccs.obj (.text:Default_Handler)
                  0000073c    00000134     Crystalfontz128x128_ST7735.obj (.text:Crystalfontz128x128_SetDrawFrame)
                  00000870    0000012c     Crystalfontz128x128_ST7735.obj (.text:Crystalfontz128x128_Init)
                  0000099c    000000e0     main.obj (.text:main)
                  00000a7c    000000b0     msp432p4xx_driverlib.lib : spi.o (.text:SPI_initMaster)
                  00000b2c    0000009c     Crystalfontz128x128_ST7735.obj (.text:Crystalfontz128x128_RectFill)
                  00000bc8    0000009c     grlib.a : line.obj (.text:Graphics_drawLineH)
                  00000c64    0000009c     rtsv7M4_T_le_v4SPD16_eabi.lib : memcpy_t2.asm.obj (.text)
                  00000d00    00000088     msp432p4xx_driverlib.lib : gpio.o (.text:GPIO_setAsPeripheralModuleFunctionOutputPin)
                  00000d88    00000078     system_msp432p401r.obj (.text:SystemInit)
                  00000e00    00000068     msp432p4xx_driverlib.lib : timer32.o (.text:Timer32_initModule)
                  00000e68    00000068     rtsv7M4_T_le_v4SPD16_eabi.lib : copy_decompress_lzss.c.obj (.text:decompress:lzss:__TI_decompress_lzss)
                  00000ed0    00000060     Crystalfontz128x128_ST7735.obj (.text:Crystalfontz128x128_LineDrawH)
                  00000f30    00000060     Crystalfontz128x128_ST7735.obj (.text:Crystalfontz128x128_LineDrawV)
                  00000f90    00000054     Crystalfontz128x128_ST7735.obj (.text:Crystalfontz128x128_SetOrientation)
                  00000fe4    00000052     grlib.a : context.obj (.text:Graphics_initContext)
                  00001036    00000002     --HOLE-- [fill = 0]
                  00001038    0000004c     main.obj (.text:Init_Graph)
                  00001084    00000044     rtsv7M4_T_le_v4SPD16_eabi.lib : autoinit.c.obj (.text:__TI_auto_init_nobinit_nopinit:__TI_auto_init_nobinit_nopinit)
                  000010c8    00000040     Crystalfontz128x128_ST7735.obj (.text:Crystalfontz128x128_PixelDraw)
                  00001108    00000040     msp432p4xx_driverlib.lib : gpio.o (.text:GPIO_setAsOutputPin)
                  00001148    00000040     grlib.a : string.obj (.text:Graphics_getNumberOfLeadingZeros)
                  00001188    00000040     HAL_MSP_EXP432P401R_Crystalfontz128x128_ST7735.obj (.text:HAL_LCD_SpiInit)
                  000011c8    00000040     msp432p4xx_driverlib.lib : spi.o (.text:is_A_Module)
                  00001208    00000038     HAL_MSP_EXP432P401R_Crystalfontz128x128_ST7735.obj (.text:HAL_LCD_writeCommand)
                  00001240    00000036     grlib.a : display.obj (.text:Graphics_drawHorizontalLineOnDisplay)
                  00001276    00000002     --HOLE-- [fill = 0]
                  00001278    00000034     rtsv7M4_T_le_v4SPD16_eabi.lib : boot_cortex_m.c.obj (.text:_c_int00_noargs:_c_int00_noargs)
                  000012ac    00000030     HAL_MSP_EXP432P401R_Crystalfontz128x128_ST7735.obj (.text:HAL_LCD_PortInit)
                  000012dc    0000002c     Crystalfontz128x128_ST7735.obj (.text:Crystalfontz128x128_ClearScreen)
                  00001308    0000002c     grlib.a : display.obj (.text:Graphics_drawPixelOnDisplay)
                  00001334    0000002c     HAL_MSP_EXP432P401R_Crystalfontz128x128_ST7735.obj (.text:HAL_LCD_writeData)
                  00001360    00000028     Crystalfontz128x128_ST7735.obj (.text:Crystalfontz128x128_ColorTranslate)
                  00001388    00000028     msp432p4xx_driverlib.lib : gpio.o (.text:GPIO_setOutputHighOnPin)
                  000013b0    00000028                              : gpio.o (.text:GPIO_setOutputLowOnPin)
                  000013d8    0000001c                              : spi.o (.text:SPI_enableModule)
                  000013f4    0000001c     rtsv7M4_T_le_v4SPD16_eabi.lib : copy_zero_init.c.obj (.text:decompress:ZI:__TI_zero_init_nomemset:__TI_zero_init_nomemset)
                  00001410    0000001c     main.obj (.text:delay_init)
                  0000142c    0000001a     grlib.a : display.obj (.text:Graphics_clearDisplayOnDisplay)
                  00001446    0000001a             : context.obj (.text:Graphics_setBackgroundColor)
                  00001460    0000001a             : context.obj (.text:Graphics_setFont)
                  0000147a    00000016     msp432p4xx_driverlib.lib : spi.o (.text:EUSCI_A_SPI_enable)
                  00001490    00000016                              : spi.o (.text:EUSCI_B_SPI_enable)
                  000014a6    00000016     grlib.a : context.obj (.text:Graphics_setForegroundColor)
                  000014bc    00000016             : display.obj (.text:Graphics_translateColorOnDisplay)
                  000014d2    00000014     msp432p4xx_driverlib.lib : timer32.o (.text:Timer32_disableInterrupt)
                  000014e6    00000012     grlib.a : context.obj (.text:Graphics_clearDisplay)
                  000014f8    0000000e     rtsv7M4_T_le_v4SPD16_eabi.lib : copy_decompress_none.c.obj (.text:decompress:none:__TI_decompress_none)
                  00001506    0000000c     startup_msp432p401r_ccs.obj (.text:Reset_Handler)
                  00001512    0000000a     Crystalfontz128x128_ST7735.obj (.text:Crystalfontz128x128_Flush)
                  0000151c    00000004     rtsv7M4_T_le_v4SPD16_eabi.lib : pre_init.c.obj (.text:_system_pre_init)
                  00001520    00000004                                   : exit.c.obj (.text:abort:abort)

.const     0    00001524    00001250     
                  00001524    00000b19     grlib.a : fontcm24b.obj (.const:.string:g_pucCm24bData)
                  0000203d    00000530             : fontcm12b.obj (.const:.string:g_pucCm12bData)
                  0000256d    00000003     --HOLE-- [fill = 0]
                  00002570    000000c8             : fontcm12b.obj (.const:g_sFontCm12b)
                  00002638    000000c8             : fontcm24b.obj (.const:g_sFontCm24b)
                  00002700    00000030     msp432p4xx_driverlib.lib : gpio.o (.const:GPIO_PORT_TO_BASE)
                  00002730    00000020     Crystalfontz128x128_ST7735.obj (.const:g_sCrystalfontz128x128_funcs)
                  00002750    0000001c     HAL_MSP_EXP432P401R_Crystalfontz128x128_ST7735.obj (.const:$P$T0$1)
                  0000276c    00000008     Crystalfontz128x128_ST7735.obj (.const:$P$T0$1)

.cinit     0    00002778    00000038     
                  00002778    0000000d     (.cinit..data.load) [load image, compression = lzss]
                  00002785    00000003     --HOLE-- [fill = 0]
                  00002788    0000000c     (__TI_handler_table)
                  00002794    00000004     --HOLE-- [fill = 0]
                  00002798    00000008     (.cinit..bss.load) [load image, compression = zero_init]
                  000027a0    00000010     (__TI_cinit_table)

.init_array 
*          0    00000000    00000000     UNINITIALIZED

.binit     0    00000000    00000000     

.data      0    20000000    00000010     UNINITIALIZED
                  20000000    00000010     Crystalfontz128x128_ST7735.obj (.data:g_sCrystalfontz128x128)

.bss       0    20000010    0000000a     UNINITIALIZED
                  20000010    00000002     (.common:Lcd_ScreenHeigth)
                  20000012    00000002     (.common:Lcd_ScreenWidth)
                  20000014    00000002     (.common:Lcd_TouchTrim)
                  20000016    00000001     (.common:Lcd_FlagRead)
                  20000017    00000001     (.common:Lcd_FontSolid)
                  20000018    00000001     (.common:Lcd_Orientation)
                  20000019    00000001     (.common:Lcd_PenSolid)

.stack     0    2000fe00    00000200     UNINITIALIZED
                  2000fe00    00000004     rtsv7M4_T_le_v4SPD16_eabi.lib : boot_cortex_m.c.obj (.stack)
                  2000fe04    000001fc     --HOLE--

__llvm_prf_cnts 
*          0    20000000    00000000     UNINITIALIZED

MODULE SUMMARY

       Module                                               code   ro data   rw data
       ------                                               ----   -------   -------
    .\
       main.obj                                             328    0         0      
       system_msp432p401r.obj                               120    0         0      
    +--+----------------------------------------------------+------+---------+---------+
       Total:                                               448    0         0      
                                                                                    
    .\LcdDriver\
       Crystalfontz128x128_ST7735.obj                       1670   40        52     
       HAL_MSP_EXP432P401R_Crystalfontz128x128_ST7735.obj   212    28        0      
    +--+----------------------------------------------------+------+---------+---------+
       Total:                                               1882   68        52     
                                                                                    
    .\ccs\
       startup_msp432p401r_ccs.obj                          14     228       0      
    +--+----------------------------------------------------+------+---------+---------+
       Total:                                               14     228       0      
                                                                                    
    C:/ti/simplelink_msp432p4_sdk_3_40_01_02/source/ti/devices/msp432p4xx/driverlib/ccs/msp432p4xx_driverlib.lib
       gpio.o                                               280    48        0      
       spi.o                                                312    0         0      
       timer32.o                                            124    0         0      
    +--+----------------------------------------------------+------+---------+---------+
       Total:                                               716    48        0      
                                                                                    
    C:/ti/simplelink_msp432p4_sdk_3_40_01_02/source/ti/grlib/lib/ccs/m4f/grlib.a
       fontcm24b.obj                                        0      3041      0      
       fontcm12b.obj                                        0      1528      0      
       string.obj                                           1214   0         0      
       context.obj                                          174    0         0      
       line.obj                                             156    0         0      
       display.obj                                          146    0         0      
    +--+----------------------------------------------------+------+---------+---------+
       Total:                                               1690   4569      0      
                                                                                    
    C:\ti\ccs1010\ccs\tools\compiler\ti-cgt-arm_20.2.1.LTS\lib\rtsv7M4_T_le_v4SPD16_eabi.lib
       memcpy_t2.asm.obj                                    156    0         0      
       copy_decompress_lzss.c.obj                           104    0         0      
       autoinit.c.obj                                       68     0         0      
       boot_cortex_m.c.obj                                  52     0         0      
       copy_zero_init.c.obj                                 28     0         0      
       copy_decompress_none.c.obj                           14     0         0      
       exit.c.obj                                           4      0         0      
       pre_init.c.obj                                       4      0         0      
    +--+----------------------------------------------------+------+---------+---------+
       Total:                                               430    0         0      
                                                                                    
       Stack:                                               0      0         1024   
       Linker Generated:                                    0      49        0      
    +--+----------------------------------------------------+------+---------+---------+
       Grand Total:                                         5180   4962      1076   


LINKER GENERATED COPY TABLES

__TI_cinit_table @ 000027a0 records: 2, size/record: 8, table size: 16
	.data: load addr=00002778, load size=0000000d bytes, run addr=20000000, run size=00000010 bytes, compression=lzss
	.bss: load addr=00002798, load size=00000008 bytes, run addr=20000010, run size=0000000a bytes, compression=zero_init


LINKER GENERATED HANDLER TABLE

__TI_handler_table @ 00002788 records: 3, size/record: 4, table size: 12
	index: 0, handler: __TI_decompress_lzss
	index: 1, handler: __TI_decompress_none
	index: 2, handler: __TI_zero_init


GLOBAL SYMBOLS: SORTED ALPHABETICALLY BY Name 

address   name                                       
-------   ----                                       
0000073b  ADC14_IRQHandler                           
0000073b  AES256_IRQHandler                          
0000073b  BusFault_Handler                           
00001521  C$$EXIT                                    
0000073b  COMP_E0_IRQHandler                         
0000073b  COMP_E1_IRQHandler                         
0000073b  CS_IRQHandler                              
00000871  Crystalfontz128x128_Init                   
0000073d  Crystalfontz128x128_SetDrawFrame           
00000f91  Crystalfontz128x128_SetOrientation         
0000073b  DMA_ERR_IRQHandler                         
0000073b  DMA_INT0_IRQHandler                        
0000073b  DMA_INT1_IRQHandler                        
0000073b  DMA_INT2_IRQHandler                        
0000073b  DMA_INT3_IRQHandler                        
0000073b  DebugMon_Handler                           
0000073b  Default_Handler                            
0000073b  EUSCIA0_IRQHandler                         
0000073b  EUSCIA1_IRQHandler                         
0000073b  EUSCIA2_IRQHandler                         
0000073b  EUSCIA3_IRQHandler                         
0000073b  EUSCIB0_IRQHandler                         
0000073b  EUSCIB1_IRQHandler                         
0000073b  EUSCIB2_IRQHandler                         
0000073b  EUSCIB3_IRQHandler                         
0000147b  EUSCI_A_SPI_enable                         
00001491  EUSCI_B_SPI_enable                         
0000073b  FLCTL_IRQHandler                           
0000073b  FPU_IRQHandler                             
00001109  GPIO_setAsOutputPin                        
00000d01  GPIO_setAsPeripheralModuleFunctionOutputPin
00001389  GPIO_setOutputHighOnPin                    
000013b1  GPIO_setOutputLowOnPin                     
000014e7  Graphics_clearDisplay                      
0000142d  Graphics_clearDisplayOnDisplay             
00001241  Graphics_drawHorizontalLineOnDisplay       
00000bc9  Graphics_drawLineH                         
00001309  Graphics_drawPixelOnDisplay                
000000e5  Graphics_drawString                        
00000fe5  Graphics_initContext                       
00001447  Graphics_setBackgroundColor                
00001461  Graphics_setFont                           
000014a7  Graphics_setForegroundColor                
000014bd  Graphics_translateColorOnDisplay           
000012ad  HAL_LCD_PortInit                           
00001189  HAL_LCD_SpiInit                            
00001209  HAL_LCD_writeCommand                       
00001335  HAL_LCD_writeData                          
0000073b  HardFault_Handler                          
00001039  Init_Graph                                 
20000016  Lcd_FlagRead                               
20000017  Lcd_FontSolid                              
20000018  Lcd_Orientation                            
20000019  Lcd_PenSolid                               
20000010  Lcd_ScreenHeigth                           
20000012  Lcd_ScreenWidth                            
20000014  Lcd_TouchTrim                              
0000073b  MemManage_Handler                          
0000073b  NMI_Handler                                
0000073b  PCM_IRQHandler                             
0000073b  PORT1_IRQHandler                           
0000073b  PORT2_IRQHandler                           
0000073b  PORT3_IRQHandler                           
0000073b  PORT4_IRQHandler                           
0000073b  PORT5_IRQHandler                           
0000073b  PORT6_IRQHandler                           
0000073b  PSS_IRQHandler                             
0000073b  PendSV_Handler                             
0000073b  RTC_C_IRQHandler                           
00001507  Reset_Handler                              
000013d9  SPI_enableModule                           
00000a7d  SPI_initMaster                             
0000073b  SVC_Handler                                
0000073b  SysTick_Handler                            
00000d89  SystemInit                                 
0000073b  T32_INT1_IRQHandler                        
0000073b  T32_INT2_IRQHandler                        
0000073b  T32_INTC_IRQHandler                        
0000073b  TA0_0_IRQHandler                           
0000073b  TA0_N_IRQHandler                           
0000073b  TA1_0_IRQHandler                           
0000073b  TA1_N_IRQHandler                           
0000073b  TA2_0_IRQHandler                           
0000073b  TA2_N_IRQHandler                           
0000073b  TA3_0_IRQHandler                           
0000073b  TA3_N_IRQHandler                           
000014d3  Timer32_disableInterrupt                   
00000e01  Timer32_initModule                         
0000073b  UsageFault_Handler                         
4000480c  WDTCTL_SYM                                 
0000073b  WDT_A_IRQHandler                           
20010000  __STACK_END                                
00000200  __STACK_SIZE                               
000027a0  __TI_CINIT_Base                            
000027b0  __TI_CINIT_Limit                           
00002788  __TI_Handler_Table_Base                    
00002794  __TI_Handler_Table_Limit                   
00001085  __TI_auto_init_nobinit_nopinit             
00000e69  __TI_decompress_lzss                       
000014f9  __TI_decompress_none                       
ffffffff  __TI_pprof_out_hndl                        
ffffffff  __TI_prof_data_size                        
ffffffff  __TI_prof_data_start                       
00000000  __TI_static_base__                         
000013f5  __TI_zero_init_nomemset                    
00000c65  __aeabi_memcpy                             
00000c65  __aeabi_memcpy4                            
00000c65  __aeabi_memcpy8                            
ffffffff  __binit__                                  
ffffffff  __c_args__                                 
UNDEFED   __mpu_init                                 
2000fe00  __stack                                    
20000000  __start___llvm_prf_cnts                    
20000000  __stop___llvm_prf_cnts                     
00001279  _c_int00_noargs                            
UNDEFED   _system_post_cinit                         
0000151d  _system_pre_init                           
00001521  abort                                      
ffffffff  binit                                      
00001411  delay_init                                 
20000000  g_sCrystalfontz128x128                     
00002730  g_sCrystalfontz128x128_funcs               
00002570  g_sFontCm12b                               
00002638  g_sFontCm24b                               
00000000  interruptVectors                           
0000099d  main                                       
00000c65  memcpy                                     


GLOBAL SYMBOLS: SORTED BY Symbol Address 

address   name                                       
-------   ----                                       
00000000  __TI_static_base__                         
00000000  interruptVectors                           
000000e5  Graphics_drawString                        
00000200  __STACK_SIZE                               
0000073b  ADC14_IRQHandler                           
0000073b  AES256_IRQHandler                          
0000073b  BusFault_Handler                           
0000073b  COMP_E0_IRQHandler                         
0000073b  COMP_E1_IRQHandler                         
0000073b  CS_IRQHandler                              
0000073b  DMA_ERR_IRQHandler                         
0000073b  DMA_INT0_IRQHandler                        
0000073b  DMA_INT1_IRQHandler                        
0000073b  DMA_INT2_IRQHandler                        
0000073b  DMA_INT3_IRQHandler                        
0000073b  DebugMon_Handler                           
0000073b  Default_Handler                            
0000073b  EUSCIA0_IRQHandler                         
0000073b  EUSCIA1_IRQHandler                         
0000073b  EUSCIA2_IRQHandler                         
0000073b  EUSCIA3_IRQHandler                         
0000073b  EUSCIB0_IRQHandler                         
0000073b  EUSCIB1_IRQHandler                         
0000073b  EUSCIB2_IRQHandler                         
0000073b  EUSCIB3_IRQHandler                         
0000073b  FLCTL_IRQHandler                           
0000073b  FPU_IRQHandler                             
0000073b  HardFault_Handler                          
0000073b  MemManage_Handler                          
0000073b  NMI_Handler                                
0000073b  PCM_IRQHandler                             
0000073b  PORT1_IRQHandler                           
0000073b  PORT2_IRQHandler                           
0000073b  PORT3_IRQHandler                           
0000073b  PORT4_IRQHandler                           
0000073b  PORT5_IRQHandler                           
0000073b  PORT6_IRQHandler                           
0000073b  PSS_IRQHandler                             
0000073b  PendSV_Handler                             
0000073b  RTC_C_IRQHandler                           
0000073b  SVC_Handler                                
0000073b  SysTick_Handler                            
0000073b  T32_INT1_IRQHandler                        
0000073b  T32_INT2_IRQHandler                        
0000073b  T32_INTC_IRQHandler                        
0000073b  TA0_0_IRQHandler                           
0000073b  TA0_N_IRQHandler                           
0000073b  TA1_0_IRQHandler                           
0000073b  TA1_N_IRQHandler                           
0000073b  TA2_0_IRQHandler                           
0000073b  TA2_N_IRQHandler                           
0000073b  TA3_0_IRQHandler                           
0000073b  TA3_N_IRQHandler                           
0000073b  UsageFault_Handler                         
0000073b  WDT_A_IRQHandler                           
0000073d  Crystalfontz128x128_SetDrawFrame           
00000871  Crystalfontz128x128_Init                   
0000099d  main                                       
00000a7d  SPI_initMaster                             
00000bc9  Graphics_drawLineH                         
00000c65  __aeabi_memcpy                             
00000c65  __aeabi_memcpy4                            
00000c65  __aeabi_memcpy8                            
00000c65  memcpy                                     
00000d01  GPIO_setAsPeripheralModuleFunctionOutputPin
00000d89  SystemInit                                 
00000e01  Timer32_initModule                         
00000e69  __TI_decompress_lzss                       
00000f91  Crystalfontz128x128_SetOrientation         
00000fe5  Graphics_initContext                       
00001039  Init_Graph                                 
00001085  __TI_auto_init_nobinit_nopinit             
00001109  GPIO_setAsOutputPin                        
00001189  HAL_LCD_SpiInit                            
00001209  HAL_LCD_writeCommand                       
00001241  Graphics_drawHorizontalLineOnDisplay       
00001279  _c_int00_noargs                            
000012ad  HAL_LCD_PortInit                           
00001309  Graphics_drawPixelOnDisplay                
00001335  HAL_LCD_writeData                          
00001389  GPIO_setOutputHighOnPin                    
000013b1  GPIO_setOutputLowOnPin                     
000013d9  SPI_enableModule                           
000013f5  __TI_zero_init_nomemset                    
00001411  delay_init                                 
0000142d  Graphics_clearDisplayOnDisplay             
00001447  Graphics_setBackgroundColor                
00001461  Graphics_setFont                           
0000147b  EUSCI_A_SPI_enable                         
00001491  EUSCI_B_SPI_enable                         
000014a7  Graphics_setForegroundColor                
000014bd  Graphics_translateColorOnDisplay           
000014d3  Timer32_disableInterrupt                   
000014e7  Graphics_clearDisplay                      
000014f9  __TI_decompress_none                       
00001507  Reset_Handler                              
0000151d  _system_pre_init                           
00001521  C$$EXIT                                    
00001521  abort                                      
00002570  g_sFontCm12b                               
00002638  g_sFontCm24b                               
00002730  g_sCrystalfontz128x128_funcs               
00002788  __TI_Handler_Table_Base                    
00002794  __TI_Handler_Table_Limit                   
000027a0  __TI_CINIT_Base                            
000027b0  __TI_CINIT_Limit                           
20000000  __start___llvm_prf_cnts                    
20000000  __stop___llvm_prf_cnts                     
20000000  g_sCrystalfontz128x128                     
20000010  Lcd_ScreenHeigth                           
20000012  Lcd_ScreenWidth                            
20000014  Lcd_TouchTrim                              
20000016  Lcd_FlagRead                               
20000017  Lcd_FontSolid                              
20000018  Lcd_Orientation                            
20000019  Lcd_PenSolid                               
2000fe00  __stack                                    
20010000  __STACK_END                                
4000480c  WDTCTL_SYM                                 
ffffffff  __TI_pprof_out_hndl                        
ffffffff  __TI_prof_data_size                        
ffffffff  __TI_prof_data_start                       
ffffffff  __binit__                                  
ffffffff  __c_args__                                 
ffffffff  binit                                      
UNDEFED   __mpu_init                                 
UNDEFED   _system_post_cinit                         

[127 symbols]
