<?xml version="1.0" encoding="ISO-8859-1" ?>
<link_info>
   <banner>TI ARM Linker PC v20.2.1.LTS</banner>
   <copyright>Copyright (c) 1996-2018 Texas Instruments Incorporated</copyright>
   <link_time>0x5fc9a753</link_time>
   <link_errors>0x0</link_errors>
   <output_file>snake.out</output_file>
   <entry_point>
      <name>_c_int00_noargs</name>
      <address>0x3e61</address>
   </entry_point>
   <input_file_list>
      <input_file id="fl-2">
         <path>.\</path>
         <kind>object</kind>
         <file>HAL_I2C.obj</file>
         <name>HAL_I2C.obj</name>
      </input_file>
      <input_file id="fl-3">
         <path>.\</path>
         <kind>object</kind>
         <file>HAL_TMP006.obj</file>
         <name>HAL_TMP006.obj</name>
      </input_file>
      <input_file id="fl-4">
         <path>.\</path>
         <kind>object</kind>
         <file>main.obj</file>
         <name>main.obj</name>
      </input_file>
      <input_file id="fl-5">
         <path>.\</path>
         <kind>object</kind>
         <file>system_msp432p401r.obj</file>
         <name>system_msp432p401r.obj</name>
      </input_file>
      <input_file id="fl-6">
         <path>.\LcdDriver\</path>
         <kind>object</kind>
         <file>Crystalfontz128x128_ST7735.obj</file>
         <name>Crystalfontz128x128_ST7735.obj</name>
      </input_file>
      <input_file id="fl-7">
         <path>.\LcdDriver\</path>
         <kind>object</kind>
         <file>HAL_MSP_EXP432P401R_Crystalfontz128x128_ST7735.obj</file>
         <name>HAL_MSP_EXP432P401R_Crystalfontz128x128_ST7735.obj</name>
      </input_file>
      <input_file id="fl-8">
         <path>.\ccs\</path>
         <kind>object</kind>
         <file>startup_msp432p401r_ccs.obj</file>
         <name>startup_msp432p401r_ccs.obj</name>
      </input_file>
      <input_file id="fl-13">
         <kind>object</kind>
         <file>&lt;internal&gt;</file>
         <name>&lt;internal&gt;</name>
      </input_file>
      <input_file id="fl-14">
         <path>C:\ti\simplelink_msp432p4_sdk_3_40_01_02\source\ti\grlib\lib\ccs\m4f\</path>
         <kind>archive</kind>
         <file>grlib.a</file>
         <name>context.obj</name>
      </input_file>
      <input_file id="fl-15">
         <path>C:\ti\simplelink_msp432p4_sdk_3_40_01_02\source\ti\grlib\lib\ccs\m4f\</path>
         <kind>archive</kind>
         <file>grlib.a</file>
         <name>display.obj</name>
      </input_file>
      <input_file id="fl-16">
         <path>C:\ti\simplelink_msp432p4_sdk_3_40_01_02\source\ti\grlib\lib\ccs\m4f\</path>
         <kind>archive</kind>
         <file>grlib.a</file>
         <name>fontcm12b.obj</name>
      </input_file>
      <input_file id="fl-17">
         <path>C:\ti\simplelink_msp432p4_sdk_3_40_01_02\source\ti\grlib\lib\ccs\m4f\</path>
         <kind>archive</kind>
         <file>grlib.a</file>
         <name>rectangle.obj</name>
      </input_file>
      <input_file id="fl-18">
         <path>C:\ti\simplelink_msp432p4_sdk_3_40_01_02\source\ti\grlib\lib\ccs\m4f\</path>
         <kind>archive</kind>
         <file>grlib.a</file>
         <name>string.obj</name>
      </input_file>
      <input_file id="fl-19">
         <path>C:\ti\simplelink_msp432p4_sdk_3_40_01_02\source\ti\grlib\lib\ccs\m4f\</path>
         <kind>archive</kind>
         <file>grlib.a</file>
         <name>line.obj</name>
      </input_file>
      <input_file id="fl-1a">
         <path>C:\ti\simplelink_msp432p4_sdk_3_40_01_02\source\ti\devices\msp432p4xx\driverlib\ccs\</path>
         <kind>archive</kind>
         <file>msp432p4xx_driverlib.lib</file>
         <name>adc14.o</name>
      </input_file>
      <input_file id="fl-1b">
         <path>C:\ti\simplelink_msp432p4_sdk_3_40_01_02\source\ti\devices\msp432p4xx\driverlib\ccs\</path>
         <kind>archive</kind>
         <file>msp432p4xx_driverlib.lib</file>
         <name>gpio.o</name>
      </input_file>
      <input_file id="fl-1c">
         <path>C:\ti\simplelink_msp432p4_sdk_3_40_01_02\source\ti\devices\msp432p4xx\driverlib\ccs\</path>
         <kind>archive</kind>
         <file>msp432p4xx_driverlib.lib</file>
         <name>i2c.o</name>
      </input_file>
      <input_file id="fl-1d">
         <path>C:\ti\simplelink_msp432p4_sdk_3_40_01_02\source\ti\devices\msp432p4xx\driverlib\ccs\</path>
         <kind>archive</kind>
         <file>msp432p4xx_driverlib.lib</file>
         <name>interrupt.o</name>
      </input_file>
      <input_file id="fl-1e">
         <path>C:\ti\simplelink_msp432p4_sdk_3_40_01_02\source\ti\devices\msp432p4xx\driverlib\ccs\</path>
         <kind>archive</kind>
         <file>msp432p4xx_driverlib.lib</file>
         <name>spi.o</name>
      </input_file>
      <input_file id="fl-1f">
         <path>C:\ti\simplelink_msp432p4_sdk_3_40_01_02\source\ti\devices\msp432p4xx\driverlib\ccs\</path>
         <kind>archive</kind>
         <file>msp432p4xx_driverlib.lib</file>
         <name>timer32.o</name>
      </input_file>
      <input_file id="fl-20">
         <path>C:\ti\simplelink_msp432p4_sdk_3_40_01_02\source\ti\devices\msp432p4xx\driverlib\ccs\</path>
         <kind>archive</kind>
         <file>msp432p4xx_driverlib.lib</file>
         <name>cpu.o</name>
      </input_file>
      <input_file id="fl-d6">
         <path>C:\ti\ccs1010\ccs\tools\compiler\ti-cgt-arm_20.2.1.LTS\lib\</path>
         <kind>archive</kind>
         <file>rtsv7M4_T_le_v4SPD16_eabi.lib</file>
         <name>e_pow.c.obj</name>
      </input_file>
      <input_file id="fl-d7">
         <path>C:\ti\ccs1010\ccs\tools\compiler\ti-cgt-arm_20.2.1.LTS\lib\</path>
         <kind>archive</kind>
         <file>rtsv7M4_T_le_v4SPD16_eabi.lib</file>
         <name>e_sqrt.c.obj</name>
      </input_file>
      <input_file id="fl-d8">
         <path>C:\ti\ccs1010\ccs\tools\compiler\ti-cgt-arm_20.2.1.LTS\lib\</path>
         <kind>archive</kind>
         <file>rtsv7M4_T_le_v4SPD16_eabi.lib</file>
         <name>s_scalbn.c.obj</name>
      </input_file>
      <input_file id="fl-d9">
         <path>C:\ti\ccs1010\ccs\tools\compiler\ti-cgt-arm_20.2.1.LTS\lib\</path>
         <kind>archive</kind>
         <file>rtsv7M4_T_le_v4SPD16_eabi.lib</file>
         <name>snprintf.c.obj</name>
      </input_file>
      <input_file id="fl-da">
         <path>C:\ti\ccs1010\ccs\tools\compiler\ti-cgt-arm_20.2.1.LTS\lib\</path>
         <kind>archive</kind>
         <file>rtsv7M4_T_le_v4SPD16_eabi.lib</file>
         <name>fd_add_t2.asm.obj</name>
      </input_file>
      <input_file id="fl-db">
         <path>C:\ti\ccs1010\ccs\tools\compiler\ti-cgt-arm_20.2.1.LTS\lib\</path>
         <kind>archive</kind>
         <file>rtsv7M4_T_le_v4SPD16_eabi.lib</file>
         <name>fd_cmp_t2.asm.obj</name>
      </input_file>
      <input_file id="fl-dc">
         <path>C:\ti\ccs1010\ccs\tools\compiler\ti-cgt-arm_20.2.1.LTS\lib\</path>
         <kind>archive</kind>
         <file>rtsv7M4_T_le_v4SPD16_eabi.lib</file>
         <name>fd_div_t2.asm.obj</name>
      </input_file>
      <input_file id="fl-dd">
         <path>C:\ti\ccs1010\ccs\tools\compiler\ti-cgt-arm_20.2.1.LTS\lib\</path>
         <kind>archive</kind>
         <file>rtsv7M4_T_le_v4SPD16_eabi.lib</file>
         <name>fd_mul_t2.asm.obj</name>
      </input_file>
      <input_file id="fl-de">
         <path>C:\ti\ccs1010\ccs\tools\compiler\ti-cgt-arm_20.2.1.LTS\lib\</path>
         <kind>archive</kind>
         <file>rtsv7M4_T_le_v4SPD16_eabi.lib</file>
         <name>i_tofd_t2.asm.obj</name>
      </input_file>
      <input_file id="fl-df">
         <path>C:\ti\ccs1010\ccs\tools\compiler\ti-cgt-arm_20.2.1.LTS\lib\</path>
         <kind>archive</kind>
         <file>rtsv7M4_T_le_v4SPD16_eabi.lib</file>
         <name>memcpy_t2.asm.obj</name>
      </input_file>
      <input_file id="fl-e0">
         <path>C:\ti\ccs1010\ccs\tools\compiler\ti-cgt-arm_20.2.1.LTS\lib\</path>
         <kind>archive</kind>
         <file>rtsv7M4_T_le_v4SPD16_eabi.lib</file>
         <name>copy_zero_init.c.obj</name>
      </input_file>
      <input_file id="fl-e1">
         <path>C:\ti\ccs1010\ccs\tools\compiler\ti-cgt-arm_20.2.1.LTS\lib\</path>
         <kind>archive</kind>
         <file>rtsv7M4_T_le_v4SPD16_eabi.lib</file>
         <name>copy_decompress_none.c.obj</name>
      </input_file>
      <input_file id="fl-e2">
         <path>C:\ti\ccs1010\ccs\tools\compiler\ti-cgt-arm_20.2.1.LTS\lib\</path>
         <kind>archive</kind>
         <file>rtsv7M4_T_le_v4SPD16_eabi.lib</file>
         <name>copy_decompress_lzss.c.obj</name>
      </input_file>
      <input_file id="fl-e3">
         <path>C:\ti\ccs1010\ccs\tools\compiler\ti-cgt-arm_20.2.1.LTS\lib\</path>
         <kind>archive</kind>
         <file>rtsv7M4_T_le_v4SPD16_eabi.lib</file>
         <name>rand.c.obj</name>
      </input_file>
      <input_file id="fl-e4">
         <path>C:\ti\ccs1010\ccs\tools\compiler\ti-cgt-arm_20.2.1.LTS\lib\</path>
         <kind>archive</kind>
         <file>rtsv7M4_T_le_v4SPD16_eabi.lib</file>
         <name>time.c.obj</name>
      </input_file>
      <input_file id="fl-e5">
         <path>C:\ti\ccs1010\ccs\tools\compiler\ti-cgt-arm_20.2.1.LTS\lib\</path>
         <kind>archive</kind>
         <file>rtsv7M4_T_le_v4SPD16_eabi.lib</file>
         <name>errno.c.obj</name>
      </input_file>
      <input_file id="fl-e6">
         <path>C:\ti\ccs1010\ccs\tools\compiler\ti-cgt-arm_20.2.1.LTS\lib\</path>
         <kind>archive</kind>
         <file>rtsv7M4_T_le_v4SPD16_eabi.lib</file>
         <name>boot_cortex_m.c.obj</name>
      </input_file>
      <input_file id="fl-e7">
         <path>C:\ti\ccs1010\ccs\tools\compiler\ti-cgt-arm_20.2.1.LTS\lib\</path>
         <kind>archive</kind>
         <file>rtsv7M4_T_le_v4SPD16_eabi.lib</file>
         <name>s_copysign.c.obj</name>
      </input_file>
      <input_file id="fl-e8">
         <path>C:\ti\ccs1010\ccs\tools\compiler\ti-cgt-arm_20.2.1.LTS\lib\</path>
         <kind>archive</kind>
         <file>rtsv7M4_T_le_v4SPD16_eabi.lib</file>
         <name>_printfi.c.obj</name>
      </input_file>
      <input_file id="fl-e9">
         <path>C:\ti\ccs1010\ccs\tools\compiler\ti-cgt-arm_20.2.1.LTS\lib\</path>
         <kind>archive</kind>
         <file>rtsv7M4_T_le_v4SPD16_eabi.lib</file>
         <name>memset_t2.asm.obj</name>
      </input_file>
      <input_file id="fl-ea">
         <path>C:\ti\ccs1010\ccs\tools\compiler\ti-cgt-arm_20.2.1.LTS\lib\</path>
         <kind>archive</kind>
         <file>rtsv7M4_T_le_v4SPD16_eabi.lib</file>
         <name>fd_toi_t2.asm.obj</name>
      </input_file>
      <input_file id="fl-eb">
         <path>C:\ti\ccs1010\ccs\tools\compiler\ti-cgt-arm_20.2.1.LTS\lib\</path>
         <kind>archive</kind>
         <file>rtsv7M4_T_le_v4SPD16_eabi.lib</file>
         <name>ull_div_t2.asm.obj</name>
      </input_file>
      <input_file id="fl-ec">
         <path>C:\ti\ccs1010\ccs\tools\compiler\ti-cgt-arm_20.2.1.LTS\lib\</path>
         <kind>archive</kind>
         <file>rtsv7M4_T_le_v4SPD16_eabi.lib</file>
         <name>autoinit.c.obj</name>
      </input_file>
      <input_file id="fl-ed">
         <path>C:\ti\ccs1010\ccs\tools\compiler\ti-cgt-arm_20.2.1.LTS\lib\</path>
         <kind>archive</kind>
         <file>rtsv7M4_T_le_v4SPD16_eabi.lib</file>
         <name>pre_init.c.obj</name>
      </input_file>
      <input_file id="fl-ee">
         <path>C:\ti\ccs1010\ccs\tools\compiler\ti-cgt-arm_20.2.1.LTS\lib\</path>
         <kind>archive</kind>
         <file>rtsv7M4_T_le_v4SPD16_eabi.lib</file>
         <name>cpy_tbl.c.obj</name>
      </input_file>
      <input_file id="fl-ef">
         <path>C:\ti\ccs1010\ccs\tools\compiler\ti-cgt-arm_20.2.1.LTS\lib\</path>
         <kind>archive</kind>
         <file>rtsv7M4_T_le_v4SPD16_eabi.lib</file>
         <name>exit.c.obj</name>
      </input_file>
      <input_file id="fl-f0">
         <path>C:\ti\ccs1010\ccs\tools\compiler\ti-cgt-arm_20.2.1.LTS\lib\</path>
         <kind>archive</kind>
         <file>rtsv7M4_T_le_v4SPD16_eabi.lib</file>
         <name>_lock.c.obj</name>
      </input_file>
      <input_file id="fl-f1">
         <path>C:\ti\ccs1010\ccs\tools\compiler\ti-cgt-arm_20.2.1.LTS\lib\</path>
         <kind>archive</kind>
         <file>rtsv7M4_T_le_v4SPD16_eabi.lib</file>
         <name>_ltoa.c.obj</name>
      </input_file>
      <input_file id="fl-f2">
         <path>C:\ti\ccs1010\ccs\tools\compiler\ti-cgt-arm_20.2.1.LTS\lib\</path>
         <kind>archive</kind>
         <file>rtsv7M4_T_le_v4SPD16_eabi.lib</file>
         <name>args_main.c.obj</name>
      </input_file>
      <input_file id="fl-f3">
         <path>C:\ti\ccs1010\ccs\tools\compiler\ti-cgt-arm_20.2.1.LTS\lib\</path>
         <kind>archive</kind>
         <file>rtsv7M4_T_le_v4SPD16_eabi.lib</file>
         <name>atoi.c.obj</name>
      </input_file>
      <input_file id="fl-f4">
         <path>C:\ti\ccs1010\ccs\tools\compiler\ti-cgt-arm_20.2.1.LTS\lib\</path>
         <kind>archive</kind>
         <file>rtsv7M4_T_le_v4SPD16_eabi.lib</file>
         <name>ctype.c.obj</name>
      </input_file>
      <input_file id="fl-f5">
         <path>C:\ti\ccs1010\ccs\tools\compiler\ti-cgt-arm_20.2.1.LTS\lib\</path>
         <kind>archive</kind>
         <file>rtsv7M4_T_le_v4SPD16_eabi.lib</file>
         <name>memccpy.c.obj</name>
      </input_file>
      <input_file id="fl-f6">
         <path>C:\ti\ccs1010\ccs\tools\compiler\ti-cgt-arm_20.2.1.LTS\lib\</path>
         <kind>archive</kind>
         <file>rtsv7M4_T_le_v4SPD16_eabi.lib</file>
         <name>strchr.c.obj</name>
      </input_file>
      <input_file id="fl-f7">
         <path>C:\ti\ccs1010\ccs\tools\compiler\ti-cgt-arm_20.2.1.LTS\lib\</path>
         <kind>archive</kind>
         <file>rtsv7M4_T_le_v4SPD16_eabi.lib</file>
         <name>strlen.c.obj</name>
      </input_file>
      <input_file id="fl-f8">
         <path>C:\ti\ccs1010\ccs\tools\compiler\ti-cgt-arm_20.2.1.LTS\lib\</path>
         <kind>archive</kind>
         <file>rtsv7M4_T_le_v4SPD16_eabi.lib</file>
         <name>hosttime.c.obj</name>
      </input_file>
      <input_file id="fl-f9">
         <path>C:\ti\ccs1010\ccs\tools\compiler\ti-cgt-arm_20.2.1.LTS\lib\</path>
         <kind>archive</kind>
         <file>rtsv7M4_T_le_v4SPD16_eabi.lib</file>
         <name>trgmsg.c.obj</name>
      </input_file>
      <input_file id="fl-fa">
         <path>C:\ti\ccs1010\ccs\tools\compiler\ti-cgt-arm_20.2.1.LTS\lib\</path>
         <kind>archive</kind>
         <file>rtsv7M4_T_le_v4SPD16_eabi.lib</file>
         <name>s_frexp.c.obj</name>
      </input_file>
      <input_file id="fl-fb">
         <path>C:\ti\ccs1010\ccs\tools\compiler\ti-cgt-arm_20.2.1.LTS\lib\</path>
         <kind>archive</kind>
         <file>rtsv7M4_T_le_v4SPD16_eabi.lib</file>
         <name>wcslen.c.obj</name>
      </input_file>
      <input_file id="fl-fc">
         <path>C:\ti\ccs1010\ccs\tools\compiler\ti-cgt-arm_20.2.1.LTS\lib\</path>
         <kind>archive</kind>
         <file>rtsv7M4_T_le_v4SPD16_eabi.lib</file>
         <name>div0.asm.obj</name>
      </input_file>
      <input_file id="fl-fd">
         <path>C:\ti\ccs1010\ccs\tools\compiler\ti-cgt-arm_20.2.1.LTS\lib\</path>
         <kind>archive</kind>
         <file>rtsv7M4_T_le_v4SPD16_eabi.lib</file>
         <name>hostopen.c.obj</name>
      </input_file>
   </input_file_list>
   <object_component_list>
      <object_component id="oc-26">
         <name>.intvecs:retain</name>
         <load_address>0x0</load_address>
         <run_address>0x0</run_address>
         <size>0xe4</size>
         <input_file_ref idref="fl-8"/>
      </object_component>
      <object_component id="oc-1b8">
         <name>.text:__TI_printfi</name>
         <load_address>0xe4</load_address>
         <run_address>0xe4</run_address>
         <size>0xa4e</size>
         <input_file_ref idref="fl-e8"/>
      </object_component>
      <object_component id="oc-cb">
         <name>.text:Graphics_drawString</name>
         <load_address>0xb32</load_address>
         <run_address>0xb32</run_address>
         <size>0x47e</size>
         <input_file_ref idref="fl-18"/>
      </object_component>
      <object_component id="oc-73">
         <name>.text:ADC14_IRQHandler</name>
         <load_address>0xfb0</load_address>
         <run_address>0xfb0</run_address>
         <size>0x33c</size>
         <input_file_ref idref="fl-4"/>
      </object_component>
      <object_component id="oc-339">
         <name>.text:_pconv_a</name>
         <load_address>0x12ec</load_address>
         <run_address>0x12ec</run_address>
         <size>0x270</size>
         <input_file_ref idref="fl-e8"/>
      </object_component>
      <object_component id="oc-3d9">
         <name>.text:Crystalfontz128x128_PixelDrawMultiple</name>
         <load_address>0x155c</load_address>
         <run_address>0x155c</run_address>
         <size>0x1d8</size>
         <input_file_ref idref="fl-6"/>
      </object_component>
      <object_component id="oc-327">
         <name>.text:_pconv_g</name>
         <load_address>0x1734</load_address>
         <run_address>0x1734</run_address>
         <size>0x1d0</size>
         <input_file_ref idref="fl-e8"/>
      </object_component>
      <object_component id="oc-46a">
         <name>.text</name>
         <load_address>0x1904</load_address>
         <run_address>0x1904</run_address>
         <size>0x1b6</size>
         <input_file_ref idref="fl-da"/>
      </object_component>
      <object_component id="oc-6d">
         <name>.text:Default_Handler</name>
         <load_address>0x1aba</load_address>
         <run_address>0x1aba</run_address>
         <size>0x2</size>
         <input_file_ref idref="fl-8"/>
      </object_component>
      <object_component id="oc-9f">
         <name>.text:main</name>
         <load_address>0x1abc</load_address>
         <run_address>0x1abc</run_address>
         <size>0x1ac</size>
         <input_file_ref idref="fl-4"/>
      </object_component>
      <object_component id="oc-19c">
         <name>.text:_getIndexForMemRegister</name>
         <load_address>0x1c68</load_address>
         <run_address>0x1c68</run_address>
         <size>0x160</size>
         <input_file_ref idref="fl-1a"/>
      </object_component>
      <object_component id="oc-d1">
         <name>.text:initSnake</name>
         <load_address>0x1dc8</load_address>
         <run_address>0x1dc8</run_address>
         <size>0x14c</size>
         <input_file_ref idref="fl-4"/>
      </object_component>
      <object_component id="oc-333">
         <name>.text:_pconv_e</name>
         <load_address>0x1f14</load_address>
         <run_address>0x1f14</run_address>
         <size>0x13c</size>
         <input_file_ref idref="fl-e8"/>
      </object_component>
      <object_component id="oc-f5">
         <name>.text:moveSnake</name>
         <load_address>0x2050</load_address>
         <run_address>0x2050</run_address>
         <size>0x138</size>
         <input_file_ref idref="fl-4"/>
      </object_component>
      <object_component id="oc-450">
         <name>.text</name>
         <load_address>0x2188</load_address>
         <run_address>0x2188</run_address>
         <size>0x136</size>
         <input_file_ref idref="fl-dc"/>
      </object_component>
      <object_component id="oc-41c">
         <name>.text:_nop</name>
         <load_address>0x22be</load_address>
         <run_address>0x22be</run_address>
         <size>0x2</size>
         <input_file_ref idref="fl-f0"/>
      </object_component>
      <object_component id="oc-29c">
         <name>.text:Crystalfontz128x128_SetDrawFrame</name>
         <load_address>0x22c0</load_address>
         <run_address>0x22c0</run_address>
         <size>0x134</size>
         <input_file_ref idref="fl-6"/>
      </object_component>
      <object_component id="oc-138">
         <name>.text:Crystalfontz128x128_Init</name>
         <load_address>0x23f4</load_address>
         <run_address>0x23f4</run_address>
         <size>0x12c</size>
         <input_file_ref idref="fl-6"/>
      </object_component>
      <object_component id="oc-47c">
         <name>.text:fcvt</name>
         <load_address>0x2520</load_address>
         <run_address>0x2520</run_address>
         <size>0x124</size>
         <input_file_ref idref="fl-e8"/>
      </object_component>
      <object_component id="oc-22f">
         <name>.text:Graphics_fillRectangle</name>
         <load_address>0x2644</load_address>
         <run_address>0x2644</run_address>
         <size>0x112</size>
         <input_file_ref idref="fl-17"/>
      </object_component>
      <object_component id="oc-526">
         <name>.text</name>
         <load_address>0x2756</load_address>
         <run_address>0x2756</run_address>
         <size>0x2</size>
         <input_file_ref idref="fl-fc"/>
      </object_component>
      <object_component id="oc-490">
         <name>.text:scalbn</name>
         <load_address>0x2758</load_address>
         <run_address>0x2758</run_address>
         <size>0x110</size>
         <input_file_ref idref="fl-d8"/>
      </object_component>
      <object_component id="oc-ef">
         <name>.text:getDir</name>
         <load_address>0x2868</load_address>
         <run_address>0x2868</run_address>
         <size>0x10c</size>
         <input_file_ref idref="fl-4"/>
      </object_component>
      <object_component id="oc-44b">
         <name>.text</name>
         <load_address>0x2974</load_address>
         <run_address>0x2974</run_address>
         <size>0xfc</size>
         <input_file_ref idref="fl-dd"/>
      </object_component>
      <object_component id="oc-150">
         <name>.text:ADC14_configureConversionMemory</name>
         <load_address>0x2a70</load_address>
         <run_address>0x2a70</run_address>
         <size>0xb4</size>
         <input_file_ref idref="fl-1a"/>
      </object_component>
      <object_component id="oc-14a">
         <name>.text:ADC14_configureMultiSequenceMode</name>
         <load_address>0x2b24</load_address>
         <run_address>0x2b24</run_address>
         <size>0xb4</size>
         <input_file_ref idref="fl-1a"/>
      </object_component>
      <object_component id="oc-31c">
         <name>.text:_ltostr</name>
         <load_address>0x2bd8</load_address>
         <run_address>0x2bd8</run_address>
         <size>0xb1</size>
         <input_file_ref idref="fl-e8"/>
      </object_component>
      <object_component id="oc-3aa">
         <name>.text:SPI_initMaster</name>
         <load_address>0x2c8a</load_address>
         <run_address>0x2c8a</run_address>
         <size>0xb0</size>
         <input_file_ref idref="fl-1e"/>
      </object_component>
      <object_component id="oc-229">
         <name>.text:Graphics_drawRectangle</name>
         <load_address>0x2d3a</load_address>
         <run_address>0x2d3a</run_address>
         <size>0xa2</size>
         <input_file_ref idref="fl-17"/>
      </object_component>
      <object_component id="oc-3eb">
         <name>.text:Crystalfontz128x128_RectFill</name>
         <load_address>0x2ddc</load_address>
         <run_address>0x2ddc</run_address>
         <size>0x9c</size>
         <input_file_ref idref="fl-6"/>
      </object_component>
      <object_component id="oc-1e1">
         <name>.text:Graphics_drawLineH</name>
         <load_address>0x2e78</load_address>
         <run_address>0x2e78</run_address>
         <size>0x9c</size>
         <input_file_ref idref="fl-19"/>
      </object_component>
      <object_component id="oc-385">
         <name>.text:Graphics_drawLineV</name>
         <load_address>0x2f14</load_address>
         <run_address>0x2f14</run_address>
         <size>0x9c</size>
         <input_file_ref idref="fl-19"/>
      </object_component>
      <object_component id="oc-e9">
         <name>.text:drawPoint</name>
         <load_address>0x2fb0</load_address>
         <run_address>0x2fb0</run_address>
         <size>0x9c</size>
         <input_file_ref idref="fl-4"/>
      </object_component>
      <object_component id="oc-37">
         <name>.text</name>
         <load_address>0x304c</load_address>
         <run_address>0x304c</run_address>
         <size>0x9c</size>
         <input_file_ref idref="fl-df"/>
      </object_component>
      <object_component id="oc-444">
         <name>.text</name>
         <load_address>0x30e8</load_address>
         <run_address>0x30e8</run_address>
         <size>0x96</size>
         <input_file_ref idref="fl-eb"/>
      </object_component>
      <object_component id="oc-207">
         <name>.text:collision</name>
         <load_address>0x3180</load_address>
         <run_address>0x3180</run_address>
         <size>0x8c</size>
         <input_file_ref idref="fl-4"/>
      </object_component>
      <object_component id="oc-39d">
         <name>.text:GPIO_setAsPeripheralModuleFunctionOutputPin</name>
         <load_address>0x320c</load_address>
         <run_address>0x320c</run_address>
         <size>0x88</size>
         <input_file_ref idref="fl-1b"/>
      </object_component>
      <object_component id="oc-322">
         <name>.text:__aeabi_cdcmple</name>
         <load_address>0x3294</load_address>
         <run_address>0x3294</run_address>
         <size>0x86</size>
         <input_file_ref idref="fl-db"/>
      </object_component>
      <object_component id="oc-455">
         <name>.text:__aeabi_cdrcmple</name>
         <load_address>0x331a</load_address>
         <run_address>0x331a</run_address>
         <size>0x86</size>
         <input_file_ref idref="fl-db"/>
      </object_component>
      <object_component id="oc-93">
         <name>.text</name>
         <load_address>0x33a0</load_address>
         <run_address>0x33a0</run_address>
         <size>0x7a</size>
         <input_file_ref idref="fl-e9"/>
      </object_component>
      <object_component id="oc-b1">
         <name>.text:SystemInit</name>
         <load_address>0x341c</load_address>
         <run_address>0x341c</run_address>
         <size>0x78</size>
         <input_file_ref idref="fl-5"/>
      </object_component>
      <object_component id="oc-475">
         <name>.text:_mcpy</name>
         <load_address>0x3494</load_address>
         <run_address>0x3494</run_address>
         <size>0x6e</size>
         <input_file_ref idref="fl-e8"/>
      </object_component>
      <object_component id="oc-2d2">
         <name>.text:Timer32_initModule</name>
         <load_address>0x3504</load_address>
         <run_address>0x3504</run_address>
         <size>0x68</size>
         <input_file_ref idref="fl-1f"/>
      </object_component>
      <object_component id="oc-17">
         <name>.text:decompress:lzss:__TI_decompress_lzss</name>
         <load_address>0x356c</load_address>
         <run_address>0x356c</run_address>
         <size>0x68</size>
         <input_file_ref idref="fl-e2"/>
      </object_component>
      <object_component id="oc-48a">
         <name>.text:frexp</name>
         <load_address>0x35d4</load_address>
         <run_address>0x35d4</run_address>
         <size>0x64</size>
         <input_file_ref idref="fl-fa"/>
      </object_component>
      <object_component id="oc-3df">
         <name>.text:Crystalfontz128x128_LineDrawH</name>
         <load_address>0x3638</load_address>
         <run_address>0x3638</run_address>
         <size>0x60</size>
         <input_file_ref idref="fl-6"/>
      </object_component>
      <object_component id="oc-3e5">
         <name>.text:Crystalfontz128x128_LineDrawV</name>
         <load_address>0x3698</load_address>
         <run_address>0x3698</run_address>
         <size>0x60</size>
         <input_file_ref idref="fl-6"/>
      </object_component>
      <object_component id="oc-32d">
         <name>.text:_pconv_f</name>
         <load_address>0x36f8</load_address>
         <run_address>0x36f8</run_address>
         <size>0x56</size>
         <input_file_ref idref="fl-e8"/>
      </object_component>
      <object_component id="oc-13e">
         <name>.text:Crystalfontz128x128_SetOrientation</name>
         <load_address>0x3750</load_address>
         <run_address>0x3750</run_address>
         <size>0x54</size>
         <input_file_ref idref="fl-6"/>
      </object_component>
      <object_component id="oc-45f">
         <name>.text:__TI_ltoa</name>
         <load_address>0x37a4</load_address>
         <run_address>0x37a4</run_address>
         <size>0x54</size>
         <input_file_ref idref="fl-f1"/>
      </object_component>
      <object_component id="oc-2ad">
         <name>.text:Graphics_initContext</name>
         <load_address>0x37f8</load_address>
         <run_address>0x37f8</run_address>
         <size>0x52</size>
         <input_file_ref idref="fl-14"/>
      </object_component>
      <object_component id="oc-46f">
         <name>.text:_ecpy</name>
         <load_address>0x384a</load_address>
         <run_address>0x384a</run_address>
         <size>0x52</size>
         <input_file_ref idref="fl-e8"/>
      </object_component>
      <object_component id="oc-316">
         <name>.text:atoi</name>
         <load_address>0x389c</load_address>
         <run_address>0x389c</run_address>
         <size>0x4c</size>
         <input_file_ref idref="fl-f3"/>
      </object_component>
      <object_component id="oc-c5">
         <name>.text:snprintf</name>
         <load_address>0x38e8</load_address>
         <run_address>0x38e8</run_address>
         <size>0x4c</size>
         <input_file_ref idref="fl-d9"/>
      </object_component>
      <object_component id="oc-36d">
         <name>.text:HOSTtime</name>
         <load_address>0x3934</load_address>
         <run_address>0x3934</run_address>
         <size>0x48</size>
         <input_file_ref idref="fl-f8"/>
      </object_component>
      <object_component id="oc-144">
         <name>.text:Init_Graph</name>
         <load_address>0x397c</load_address>
         <run_address>0x397c</run_address>
         <size>0x48</size>
         <input_file_ref idref="fl-4"/>
      </object_component>
      <object_component id="oc-23e">
         <name>.text:ateFruit</name>
         <load_address>0x39c4</load_address>
         <run_address>0x39c4</run_address>
         <size>0x48</size>
         <input_file_ref idref="fl-4"/>
      </object_component>
      <object_component id="oc-dd">
         <name>.text:drawInit</name>
         <load_address>0x3a0c</load_address>
         <run_address>0x3a0c</run_address>
         <size>0x48</size>
         <input_file_ref idref="fl-4"/>
      </object_component>
      <object_component id="oc-45a">
         <name>.text</name>
         <load_address>0x3a54</load_address>
         <run_address>0x3a54</run_address>
         <size>0x48</size>
         <input_file_ref idref="fl-ea"/>
      </object_component>
      <object_component id="oc-169">
         <name>.text:__TI_auto_init_nobinit_nopinit:__TI_auto_init_nobinit_nopinit</name>
         <load_address>0x3a9c</load_address>
         <run_address>0x3a9c</run_address>
         <size>0x44</size>
         <input_file_ref idref="fl-ec"/>
      </object_component>
      <object_component id="oc-fb">
         <name>.text:draw</name>
         <load_address>0x3ae0</load_address>
         <run_address>0x3ae0</run_address>
         <size>0x44</size>
         <input_file_ref idref="fl-4"/>
      </object_component>
      <object_component id="oc-3d3">
         <name>.text:Crystalfontz128x128_PixelDraw</name>
         <load_address>0x3b24</load_address>
         <run_address>0x3b24</run_address>
         <size>0x40</size>
         <input_file_ref idref="fl-6"/>
      </object_component>
      <object_component id="oc-3a3">
         <name>.text:GPIO_setAsOutputPin</name>
         <load_address>0x3b64</load_address>
         <run_address>0x3b64</run_address>
         <size>0x40</size>
         <input_file_ref idref="fl-1b"/>
      </object_component>
      <object_component id="oc-1db">
         <name>.text:Graphics_getNumberOfLeadingZeros</name>
         <load_address>0x3ba4</load_address>
         <run_address>0x3ba4</run_address>
         <size>0x40</size>
         <input_file_ref idref="fl-18"/>
      </object_component>
      <object_component id="oc-27e">
         <name>.text:HAL_LCD_SpiInit</name>
         <load_address>0x3be4</load_address>
         <run_address>0x3be4</run_address>
         <size>0x40</size>
         <input_file_ref idref="fl-7"/>
      </object_component>
      <object_component id="oc-4e6">
         <name>.text:is_A_Module</name>
         <load_address>0x3c24</load_address>
         <run_address>0x3c24</run_address>
         <size>0x40</size>
         <input_file_ref idref="fl-1e"/>
      </object_component>
      <object_component id="oc-d7">
         <name>.text:nextFruit</name>
         <load_address>0x3c64</load_address>
         <run_address>0x3c64</run_address>
         <size>0x40</size>
         <input_file_ref idref="fl-4"/>
      </object_component>
      <object_component id="oc-482">
         <name>.text:_fcpy</name>
         <load_address>0x3ca4</load_address>
         <run_address>0x3ca4</run_address>
         <size>0x3e</size>
         <input_file_ref idref="fl-e8"/>
      </object_component>
      <object_component id="oc-290">
         <name>.text:HAL_LCD_writeCommand</name>
         <load_address>0x3ce4</load_address>
         <run_address>0x3ce4</run_address>
         <size>0x38</size>
         <input_file_ref idref="fl-7"/>
      </object_component>
      <object_component id="oc-21c">
         <name>.text:Timer32_startTimer</name>
         <load_address>0x3d1c</load_address>
         <run_address>0x3d1c</run_address>
         <size>0x38</size>
         <input_file_ref idref="fl-1f"/>
      </object_component>
      <object_component id="oc-4ba">
         <name>.text:__TI_writemsg</name>
         <load_address>0x3d54</load_address>
         <run_address>0x3d54</run_address>
         <size>0x38</size>
         <input_file_ref idref="fl-f9"/>
      </object_component>
      <object_component id="oc-362">
         <name>.text:Graphics_drawHorizontalLineOnDisplay</name>
         <load_address>0x3d8c</load_address>
         <run_address>0x3d8c</run_address>
         <size>0x36</size>
         <input_file_ref idref="fl-15"/>
      </object_component>
      <object_component id="oc-4da">
         <name>.text:Graphics_drawVerticalLineOnDisplay</name>
         <load_address>0x3dc2</load_address>
         <run_address>0x3dc2</run_address>
         <size>0x36</size>
         <input_file_ref idref="fl-15"/>
      </object_component>
      <object_component id="oc-216">
         <name>.text:Timer32_setCount</name>
         <load_address>0x3df8</load_address>
         <run_address>0x3df8</run_address>
         <size>0x34</size>
         <input_file_ref idref="fl-1f"/>
      </object_component>
      <object_component id="oc-4c0">
         <name>.text:__TI_readmsg</name>
         <load_address>0x3e2c</load_address>
         <run_address>0x3e2c</run_address>
         <size>0x34</size>
         <input_file_ref idref="fl-f9"/>
      </object_component>
      <object_component id="oc-55">
         <name>.text:_c_int00_noargs:_c_int00_noargs</name>
         <load_address>0x3e60</load_address>
         <run_address>0x3e60</run_address>
         <size>0x34</size>
         <input_file_ref idref="fl-e6"/>
      </object_component>
      <object_component id="oc-200">
         <name>.text:rand</name>
         <load_address>0x3e94</load_address>
         <run_address>0x3e94</run_address>
         <size>0x34</size>
         <input_file_ref idref="fl-e3"/>
      </object_component>
      <object_component id="oc-278">
         <name>.text:HAL_LCD_PortInit</name>
         <load_address>0x3ec8</load_address>
         <run_address>0x3ec8</run_address>
         <size>0x30</size>
         <input_file_ref idref="fl-7"/>
      </object_component>
      <object_component id="oc-1be">
         <name>.text:_outs</name>
         <load_address>0x3ef8</load_address>
         <run_address>0x3ef8</run_address>
         <size>0x30</size>
         <input_file_ref idref="fl-d9"/>
      </object_component>
      <object_component id="oc-e3">
         <name>.text:delay_us</name>
         <load_address>0x3f28</load_address>
         <run_address>0x3f28</run_address>
         <size>0x30</size>
         <input_file_ref idref="fl-4"/>
      </object_component>
      <object_component id="oc-465">
         <name>.text</name>
         <load_address>0x3f58</load_address>
         <run_address>0x3f58</run_address>
         <size>0x2e</size>
         <input_file_ref idref="fl-de"/>
      </object_component>
      <object_component id="oc-3fd">
         <name>.text:Crystalfontz128x128_ClearScreen</name>
         <load_address>0x3f88</load_address>
         <run_address>0x3f88</run_address>
         <size>0x2c</size>
         <input_file_ref idref="fl-6"/>
      </object_component>
      <object_component id="oc-1e7">
         <name>.text:Graphics_drawPixelOnDisplay</name>
         <load_address>0x3fb4</load_address>
         <run_address>0x3fb4</run_address>
         <size>0x2c</size>
         <input_file_ref idref="fl-15"/>
      </object_component>
      <object_component id="oc-296">
         <name>.text:HAL_LCD_writeData</name>
         <load_address>0x3fe0</load_address>
         <run_address>0x3fe0</run_address>
         <size>0x2c</size>
         <input_file_ref idref="fl-7"/>
      </object_component>
      <object_component id="oc-b9">
         <name>.text:ADC14_getResult</name>
         <load_address>0x400c</load_address>
         <run_address>0x400c</run_address>
         <size>0x28</size>
         <input_file_ref idref="fl-1a"/>
      </object_component>
      <object_component id="oc-3f1">
         <name>.text:Crystalfontz128x128_ColorTranslate</name>
         <load_address>0x4034</load_address>
         <run_address>0x4034</run_address>
         <size>0x28</size>
         <input_file_ref idref="fl-6"/>
      </object_component>
      <object_component id="oc-28a">
         <name>.text:GPIO_setOutputHighOnPin</name>
         <load_address>0x405c</load_address>
         <run_address>0x405c</run_address>
         <size>0x28</size>
         <input_file_ref idref="fl-1b"/>
      </object_component>
      <object_component id="oc-284">
         <name>.text:GPIO_setOutputLowOnPin</name>
         <load_address>0x4084</load_address>
         <run_address>0x4084</run_address>
         <size>0x28</size>
         <input_file_ref idref="fl-1b"/>
      </object_component>
      <object_component id="oc-1fa">
         <name>.text:srand</name>
         <load_address>0x40ac</load_address>
         <run_address>0x40ac</run_address>
         <size>0x24</size>
         <input_file_ref idref="fl-e3"/>
      </object_component>
      <object_component id="oc-38d">
         <name>.text:Graphics_fillRectangleOnDisplay</name>
         <load_address>0x40d0</load_address>
         <run_address>0x40d0</run_address>
         <size>0x1e</size>
         <input_file_ref idref="fl-15"/>
      </object_component>
      <object_component id="oc-3b0">
         <name>.text:SPI_enableModule</name>
         <load_address>0x40ee</load_address>
         <run_address>0x40ee</run_address>
         <size>0x1c</size>
         <input_file_ref idref="fl-1e"/>
      </object_component>
      <object_component id="oc-156">
         <name>.text:initDelay</name>
         <load_address>0x410c</load_address>
         <run_address>0x410c</run_address>
         <size>0x1c</size>
         <input_file_ref idref="fl-4"/>
      </object_component>
      <object_component id="oc-33f">
         <name>.text:memccpy</name>
         <load_address>0x4128</load_address>
         <run_address>0x4128</run_address>
         <size>0x1c</size>
         <input_file_ref idref="fl-f5"/>
      </object_component>
      <object_component id="oc-1b0">
         <name>.text:Graphics_clearDisplayOnDisplay</name>
         <load_address>0x4144</load_address>
         <run_address>0x4144</run_address>
         <size>0x1a</size>
         <input_file_ref idref="fl-15"/>
      </object_component>
      <object_component id="oc-2b3">
         <name>.text:Graphics_setBackgroundColor</name>
         <load_address>0x415e</load_address>
         <run_address>0x415e</run_address>
         <size>0x1a</size>
         <input_file_ref idref="fl-14"/>
      </object_component>
      <object_component id="oc-2b9">
         <name>.text:Graphics_setFont</name>
         <load_address>0x4178</load_address>
         <run_address>0x4178</run_address>
         <size>0x1a</size>
         <input_file_ref idref="fl-14"/>
      </object_component>
      <object_component id="oc-53f">
         <name>.text:copysign</name>
         <load_address>0x4192</load_address>
         <run_address>0x4192</run_address>
         <size>0x1a</size>
         <input_file_ref idref="fl-e7"/>
      </object_component>
      <object_component id="oc-1c4">
         <name>.text:_outc</name>
         <load_address>0x41ac</load_address>
         <run_address>0x41ac</run_address>
         <size>0x18</size>
         <input_file_ref idref="fl-d9"/>
      </object_component>
      <object_component id="oc-4ee">
         <name>.text:EUSCI_A_SPI_enable</name>
         <load_address>0x41c4</load_address>
         <run_address>0x41c4</run_address>
         <size>0x16</size>
         <input_file_ref idref="fl-1e"/>
      </object_component>
      <object_component id="oc-4f4">
         <name>.text:EUSCI_B_SPI_enable</name>
         <load_address>0x41da</load_address>
         <run_address>0x41da</run_address>
         <size>0x16</size>
         <input_file_ref idref="fl-1e"/>
      </object_component>
      <object_component id="oc-101">
         <name>.text:Graphics_setForegroundColor</name>
         <load_address>0x41f0</load_address>
         <run_address>0x41f0</run_address>
         <size>0x16</size>
         <input_file_ref idref="fl-14"/>
      </object_component>
      <object_component id="oc-247">
         <name>.text:Graphics_translateColorOnDisplay</name>
         <load_address>0x4206</load_address>
         <run_address>0x4206</run_address>
         <size>0x16</size>
         <input_file_ref idref="fl-15"/>
      </object_component>
      <object_component id="oc-496">
         <name>.text:strchr</name>
         <load_address>0x421c</load_address>
         <run_address>0x421c</run_address>
         <size>0x16</size>
         <input_file_ref idref="fl-f6"/>
      </object_component>
      <object_component id="oc-2d8">
         <name>.text:Timer32_disableInterrupt</name>
         <load_address>0x4232</load_address>
         <run_address>0x4232</run_address>
         <size>0x14</size>
         <input_file_ref idref="fl-1f"/>
      </object_component>
      <object_component id="oc-210">
         <name>.text:Timer32_haltTimer</name>
         <load_address>0x4246</load_address>
         <run_address>0x4246</run_address>
         <size>0x14</size>
         <input_file_ref idref="fl-1f"/>
      </object_component>
      <object_component id="oc-310">
         <name>.text:strlen</name>
         <load_address>0x425a</load_address>
         <run_address>0x425a</run_address>
         <size>0x14</size>
         <input_file_ref idref="fl-f7"/>
      </object_component>
      <object_component id="oc-bf">
         <name>.text:Graphics_clearDisplay</name>
         <load_address>0x426e</load_address>
         <run_address>0x426e</run_address>
         <size>0x12</size>
         <input_file_ref idref="fl-14"/>
      </object_component>
      <object_component id="oc-345">
         <name>.text:wcslen</name>
         <load_address>0x4280</load_address>
         <run_address>0x4280</run_address>
         <size>0x12</size>
         <input_file_ref idref="fl-fb"/>
      </object_component>
      <object_component id="oc-2c9">
         <name>.text:ADCIsConversionRunning</name>
         <load_address>0x4294</load_address>
         <run_address>0x4294</run_address>
         <size>0x10</size>
         <input_file_ref idref="fl-1a"/>
      </object_component>
      <object_component id="oc-222">
         <name>.text:Timer32_getValue</name>
         <load_address>0x42a4</load_address>
         <run_address>0x42a4</run_address>
         <size>0xe</size>
         <input_file_ref idref="fl-1f"/>
      </object_component>
      <object_component id="oc-1f4">
         <name>.text:__time32</name>
         <load_address>0x42b2</load_address>
         <run_address>0x42b2</run_address>
         <size>0xe</size>
         <input_file_ref idref="fl-e4"/>
      </object_component>
      <object_component id="oc-1d">
         <name>.text:decompress:none:__TI_decompress_none</name>
         <load_address>0x42c0</load_address>
         <run_address>0x42c0</run_address>
         <size>0xe</size>
         <input_file_ref idref="fl-e1"/>
      </object_component>
      <object_component id="oc-67">
         <name>.text:Reset_Handler</name>
         <load_address>0x42ce</load_address>
         <run_address>0x42ce</run_address>
         <size>0xc</size>
         <input_file_ref idref="fl-8"/>
      </object_component>
      <object_component id="oc-49">
         <name>.text:decompress:ZI:__TI_zero_init</name>
         <load_address>0x42da</load_address>
         <run_address>0x42da</run_address>
         <size>0xc</size>
         <input_file_ref idref="fl-e0"/>
      </object_component>
      <object_component id="oc-3f7">
         <name>.text:Crystalfontz128x128_Flush</name>
         <load_address>0x42e6</load_address>
         <run_address>0x42e6</run_address>
         <size>0xa</size>
         <input_file_ref idref="fl-6"/>
      </object_component>
      <object_component id="oc-34b">
         <name>.text:__aeabi_errno_addr</name>
         <load_address>0x42f0</load_address>
         <run_address>0x42f0</run_address>
         <size>0x8</size>
         <input_file_ref idref="fl-e5"/>
      </object_component>
      <object_component id="oc-99">
         <name>.text:_system_pre_init</name>
         <load_address>0x42f8</load_address>
         <run_address>0x42f8</run_address>
         <size>0x4</size>
         <input_file_ref idref="fl-ed"/>
      </object_component>
      <object_component id="oc-15d">
         <name>.text:abort:abort</name>
         <load_address>0x42fc</load_address>
         <run_address>0x42fc</run_address>
         <size>0x4</size>
         <input_file_ref idref="fl-ef"/>
      </object_component>
      <object_component id="oc-405">
         <name>.const:.string:g_pucCm12bData</name>
         <load_address>0x4300</load_address>
         <run_address>0x4300</run_address>
         <size>0x530</size>
         <input_file_ref idref="fl-16"/>
      </object_component>
      <object_component id="oc-43f">
         <name>.const:.string:_ctypes_</name>
         <load_address>0x4830</load_address>
         <run_address>0x4830</run_address>
         <size>0x101</size>
         <input_file_ref idref="fl-f4"/>
      </object_component>
      <object_component id="oc-2c5">
         <name>.const:g_sFontCm12b</name>
         <load_address>0x4934</load_address>
         <run_address>0x4934</run_address>
         <size>0xc8</size>
         <input_file_ref idref="fl-16"/>
      </object_component>
      <object_component id="oc-1a2">
         <name>.const:_ctlRegs</name>
         <load_address>0x49fc</load_address>
         <run_address>0x49fc</run_address>
         <size>0x80</size>
         <input_file_ref idref="fl-1a"/>
      </object_component>
      <object_component id="oc-3bf">
         <name>.const:GPIO_PORT_TO_BASE</name>
         <load_address>0x4a7c</load_address>
         <run_address>0x4a7c</run_address>
         <size>0x30</size>
         <input_file_ref idref="fl-1b"/>
      </object_component>
      <object_component id="oc-2c2">
         <name>.const:g_sCrystalfontz128x128_funcs</name>
         <load_address>0x4aac</load_address>
         <run_address>0x4aac</run_address>
         <size>0x20</size>
         <input_file_ref idref="fl-6"/>
      </object_component>
      <object_component id="oc-3b6">
         <name>.const:$P$T0$1</name>
         <load_address>0x4acc</load_address>
         <run_address>0x4acc</run_address>
         <size>0x1c</size>
         <input_file_ref idref="fl-7"/>
      </object_component>
      <object_component id="oc-508">
         <name>.const:$P$T0$1</name>
         <load_address>0x4ae8</load_address>
         <run_address>0x4ae8</run_address>
         <size>0x8</size>
         <input_file_ref idref="fl-6"/>
      </object_component>
      <object_component id="oc-113">
         <name>.const:snakeDieColors</name>
         <load_address>0x4af0</load_address>
         <run_address>0x4af0</run_address>
         <size>0x8</size>
         <input_file_ref idref="fl-4"/>
      </object_component>
      <object_component id="oc-5bf">
         <name>.cinit..data.load</name>
         <load_address>0x4af8</load_address>
         <run_address>0x4af8</run_address>
         <size>0x1d</size>
      </object_component>
      <object_component id="oc-5bd">
         <name>__TI_handler_table</name>
         <load_address>0x4b18</load_address>
         <run_address>0x4b18</run_address>
         <size>0xc</size>
      </object_component>
      <object_component id="oc-5c0">
         <name>.cinit..bss.load</name>
         <load_address>0x4b28</load_address>
         <run_address>0x4b28</run_address>
         <size>0x8</size>
      </object_component>
      <object_component id="oc-5be">
         <name>__TI_cinit_table</name>
         <load_address>0x4b30</load_address>
         <run_address>0x4b30</run_address>
         <size>0x10</size>
      </object_component>
      <object_component id="oc-591">
         <name>.binit</name>
         <load_address>0x0</load_address>
         <run_address>0x0</run_address>
         <size>0x0</size>
      </object_component>
      <object_component id="oc-10b">
         <name>.data</name>
         <load_address>0x20008190</load_address>
         <run_address>0x20008190</run_address>
         <size>0x8</size>
         <input_file_ref idref="fl-4"/>
      </object_component>
      <object_component id="oc-2bf">
         <name>.data:g_sCrystalfontz128x128</name>
         <load_address>0x20008178</load_address>
         <run_address>0x20008178</run_address>
         <size>0x10</size>
         <input_file_ref idref="fl-6"/>
      </object_component>
      <object_component id="oc-37a">
         <name>.data</name>
         <load_address>0x2000819c</load_address>
         <run_address>0x2000819c</run_address>
         <size>0x4</size>
         <input_file_ref idref="fl-e3"/>
      </object_component>
      <object_component id="oc-4a6">
         <name>.data</name>
         <load_address>0x20008198</load_address>
         <run_address>0x20008198</run_address>
         <size>0x4</size>
         <input_file_ref idref="fl-e5"/>
      </object_component>
      <object_component id="oc-2e3">
         <name>.data:$O1$$</name>
         <load_address>0x20008188</load_address>
         <run_address>0x20008188</run_address>
         <size>0x8</size>
         <input_file_ref idref="fl-f0"/>
      </object_component>
      <object_component id="oc-55b">
         <name>.bss:_CIOBUF_</name>
         <uninitialized>true</uninitialized>
         <run_address>0x20008000</run_address>
         <size>0x120</size>
         <input_file_ref idref="fl-f9"/>
      </object_component>
      <object_component id="oc-107">
         <name>.common:joyXState</name>
         <uninitialized>true</uninitialized>
         <run_address>0x20008154</run_address>
         <size>0x4</size>
      </object_component>
      <object_component id="oc-10a">
         <name>.common:joyYState</name>
         <uninitialized>true</uninitialized>
         <run_address>0x20008158</run_address>
         <size>0x4</size>
      </object_component>
      <object_component id="oc-23b">
         <name>.common:sw</name>
         <uninitialized>true</uninitialized>
         <run_address>0x20008168</run_address>
         <size>0x4</size>
      </object_component>
      <object_component id="oc-23c">
         <name>.common:k</name>
         <uninitialized>true</uninitialized>
         <run_address>0x2000815c</run_address>
         <size>0x4</size>
      </object_component>
      <object_component id="oc-10e">
         <name>.common:g_sContext</name>
         <uninitialized>true</uninitialized>
         <run_address>0x20008120</run_address>
         <size>0x1c</size>
      </object_component>
      <object_component id="oc-112">
         <name>.common:snakeLength</name>
         <uninitialized>true</uninitialized>
         <run_address>0x20008164</run_address>
         <size>0x4</size>
      </object_component>
      <object_component id="oc-111">
         <name>.common:score</name>
         <uninitialized>true</uninitialized>
         <run_address>0x20008160</run_address>
         <size>0x4</size>
      </object_component>
      <object_component id="oc-10f">
         <name>.common:snake</name>
         <uninitialized>true</uninitialized>
         <run_address>0x20000000</run_address>
         <size>0x8000</size>
      </object_component>
      <object_component id="oc-20d">
         <name>.common:fruit</name>
         <uninitialized>true</uninitialized>
         <run_address>0x2000813c</run_address>
         <size>0x8</size>
      </object_component>
      <object_component id="oc-244">
         <name>.common:prevTail</name>
         <uninitialized>true</uninitialized>
         <run_address>0x2000814c</run_address>
         <size>0x8</size>
      </object_component>
      <object_component id="oc-110">
         <name>.common:snakeDir</name>
         <uninitialized>true</uninitialized>
         <run_address>0x20008176</run_address>
         <size>0x1</size>
      </object_component>
      <object_component id="oc-2ab">
         <name>.common:Lcd_Orientation</name>
         <uninitialized>true</uninitialized>
         <run_address>0x20008174</run_address>
         <size>0x1</size>
      </object_component>
      <object_component id="oc-2a2">
         <name>.common:Lcd_ScreenWidth</name>
         <uninitialized>true</uninitialized>
         <run_address>0x2000816e</run_address>
         <size>0x2</size>
      </object_component>
      <object_component id="oc-2a5">
         <name>.common:Lcd_ScreenHeigth</name>
         <uninitialized>true</uninitialized>
         <run_address>0x2000816c</run_address>
         <size>0x2</size>
      </object_component>
      <object_component id="oc-2a6">
         <name>.common:Lcd_PenSolid</name>
         <uninitialized>true</uninitialized>
         <run_address>0x20008175</run_address>
         <size>0x1</size>
      </object_component>
      <object_component id="oc-2a7">
         <name>.common:Lcd_FontSolid</name>
         <uninitialized>true</uninitialized>
         <run_address>0x20008173</run_address>
         <size>0x1</size>
      </object_component>
      <object_component id="oc-2a8">
         <name>.common:Lcd_FlagRead</name>
         <uninitialized>true</uninitialized>
         <run_address>0x20008172</run_address>
         <size>0x1</size>
      </object_component>
      <object_component id="oc-2a9">
         <name>.common:Lcd_TouchTrim</name>
         <uninitialized>true</uninitialized>
         <run_address>0x20008170</run_address>
         <size>0x2</size>
      </object_component>
      <object_component id="oc-4c6">
         <name>.common:parmbuf</name>
         <uninitialized>true</uninitialized>
         <run_address>0x20008144</run_address>
         <size>0x8</size>
      </object_component>
      <object_component id="oc-29">
         <name>.stack</name>
         <uninitialized>true</uninitialized>
         <run_address>0x2000fe00</run_address>
         <size>0x4</size>
         <input_file_ref idref="fl-e6"/>
      </object_component>
      <object_component id="oc-5c2">
         <name>.stack</name>
         <uninitialized>true</uninitialized>
         <run_address>0x2000fe00</run_address>
         <size>0x0</size>
      </object_component>
      <object_component id="oc-277">
         <name>.debug_info</name>
         <load_address>0x0</load_address>
         <run_address>0x0</run_address>
         <size>0x994</size>
         <input_file_ref idref="fl-2"/>
      </object_component>
      <object_component id="oc-398">
         <name>.debug_info</name>
         <load_address>0x994</load_address>
         <run_address>0x994</run_address>
         <size>0x9a</size>
         <input_file_ref idref="fl-2"/>
      </object_component>
      <object_component id="oc-123">
         <name>.debug_info</name>
         <load_address>0xa2e</load_address>
         <run_address>0xa2e</run_address>
         <size>0x26b</size>
         <input_file_ref idref="fl-2"/>
      </object_component>
      <object_component id="oc-255">
         <name>.debug_info</name>
         <load_address>0xc99</load_address>
         <run_address>0xc99</run_address>
         <size>0x1028</size>
         <input_file_ref idref="fl-2"/>
      </object_component>
      <object_component id="oc-250">
         <name>.debug_info</name>
         <load_address>0x1cc1</load_address>
         <run_address>0x1cc1</run_address>
         <size>0x37e2</size>
         <input_file_ref idref="fl-2"/>
      </object_component>
      <object_component id="oc-11c">
         <name>.debug_info</name>
         <load_address>0x54a3</load_address>
         <run_address>0x54a3</run_address>
         <size>0x8b</size>
         <input_file_ref idref="fl-2"/>
      </object_component>
      <object_component id="oc-272">
         <name>.debug_info</name>
         <load_address>0x552e</load_address>
         <run_address>0x552e</run_address>
         <size>0x2a4</size>
         <input_file_ref idref="fl-2"/>
      </object_component>
      <object_component id="oc-269">
         <name>.debug_info</name>
         <load_address>0x57d2</load_address>
         <run_address>0x57d2</run_address>
         <size>0xef</size>
         <input_file_ref idref="fl-2"/>
      </object_component>
      <object_component id="oc-117">
         <name>.debug_info</name>
         <load_address>0x58c1</load_address>
         <run_address>0x58c1</run_address>
         <size>0xbb</size>
         <input_file_ref idref="fl-2"/>
      </object_component>
      <object_component id="oc-3ba">
         <name>.debug_info</name>
         <load_address>0x597c</load_address>
         <run_address>0x597c</run_address>
         <size>0x131</size>
         <input_file_ref idref="fl-2"/>
      </object_component>
      <object_component id="oc-32">
         <name>.debug_info</name>
         <load_address>0x5aad</load_address>
         <run_address>0x5aad</run_address>
         <size>0x84</size>
         <input_file_ref idref="fl-3"/>
      </object_component>
      <object_component id="oc-108">
         <name>.debug_info</name>
         <load_address>0x5b31</load_address>
         <run_address>0x5b31</run_address>
         <size>0xeea</size>
         <input_file_ref idref="fl-4"/>
      </object_component>
      <object_component id="oc-114">
         <name>.debug_info</name>
         <load_address>0x6a1b</load_address>
         <run_address>0x6a1b</run_address>
         <size>0xd4</size>
         <input_file_ref idref="fl-4"/>
      </object_component>
      <object_component id="oc-10c">
         <name>.debug_info</name>
         <load_address>0x6aef</load_address>
         <run_address>0x6aef</run_address>
         <size>0xde</size>
         <input_file_ref idref="fl-4"/>
      </object_component>
      <object_component id="oc-157">
         <name>.debug_info</name>
         <load_address>0x6bcd</load_address>
         <run_address>0x6bcd</run_address>
         <size>0x12c</size>
         <input_file_ref idref="fl-4"/>
      </object_component>
      <object_component id="oc-e4">
         <name>.debug_info</name>
         <load_address>0x6cf9</load_address>
         <run_address>0x6cf9</run_address>
         <size>0x188</size>
         <input_file_ref idref="fl-4"/>
      </object_component>
      <object_component id="oc-d2">
         <name>.debug_info</name>
         <load_address>0x6e81</load_address>
         <run_address>0x6e81</run_address>
         <size>0x138</size>
         <input_file_ref idref="fl-4"/>
      </object_component>
      <object_component id="oc-f0">
         <name>.debug_info</name>
         <load_address>0x6fb9</load_address>
         <run_address>0x6fb9</run_address>
         <size>0x164</size>
         <input_file_ref idref="fl-4"/>
      </object_component>
      <object_component id="oc-208">
         <name>.debug_info</name>
         <load_address>0x711d</load_address>
         <run_address>0x711d</run_address>
         <size>0x132</size>
         <input_file_ref idref="fl-4"/>
      </object_component>
      <object_component id="oc-23f">
         <name>.debug_info</name>
         <load_address>0x724f</load_address>
         <run_address>0x724f</run_address>
         <size>0xf6</size>
         <input_file_ref idref="fl-4"/>
      </object_component>
      <object_component id="oc-d9">
         <name>.debug_info</name>
         <load_address>0x7345</load_address>
         <run_address>0x7345</run_address>
         <size>0x11a</size>
         <input_file_ref idref="fl-4"/>
      </object_component>
      <object_component id="oc-f7">
         <name>.debug_info</name>
         <load_address>0x745f</load_address>
         <run_address>0x745f</run_address>
         <size>0x130</size>
         <input_file_ref idref="fl-4"/>
      </object_component>
      <object_component id="oc-145">
         <name>.debug_info</name>
         <load_address>0x758f</load_address>
         <run_address>0x758f</run_address>
         <size>0x216</size>
         <input_file_ref idref="fl-4"/>
      </object_component>
      <object_component id="oc-ea">
         <name>.debug_info</name>
         <load_address>0x77a5</load_address>
         <run_address>0x77a5</run_address>
         <size>0x1fb</size>
         <input_file_ref idref="fl-4"/>
      </object_component>
      <object_component id="oc-df">
         <name>.debug_info</name>
         <load_address>0x79a0</load_address>
         <run_address>0x79a0</run_address>
         <size>0x121</size>
         <input_file_ref idref="fl-4"/>
      </object_component>
      <object_component id="oc-fd">
         <name>.debug_info</name>
         <load_address>0x7ac1</load_address>
         <run_address>0x7ac1</run_address>
         <size>0x12d</size>
         <input_file_ref idref="fl-4"/>
      </object_component>
      <object_component id="oc-a0">
         <name>.debug_info</name>
         <load_address>0x7bee</load_address>
         <run_address>0x7bee</run_address>
         <size>0x25a</size>
         <input_file_ref idref="fl-4"/>
      </object_component>
      <object_component id="oc-74">
         <name>.debug_info</name>
         <load_address>0x7e48</load_address>
         <run_address>0x7e48</run_address>
         <size>0x46d</size>
         <input_file_ref idref="fl-4"/>
      </object_component>
      <object_component id="oc-264">
         <name>.debug_info</name>
         <load_address>0x82b5</load_address>
         <run_address>0x82b5</run_address>
         <size>0xe2</size>
         <input_file_ref idref="fl-4"/>
      </object_component>
      <object_component id="oc-25a">
         <name>.debug_info</name>
         <load_address>0x8397</load_address>
         <run_address>0x8397</run_address>
         <size>0x196</size>
         <input_file_ref idref="fl-4"/>
      </object_component>
      <object_component id="oc-236">
         <name>.debug_info</name>
         <load_address>0x852d</load_address>
         <run_address>0x852d</run_address>
         <size>0x439</size>
         <input_file_ref idref="fl-4"/>
      </object_component>
      <object_component id="oc-1d6">
         <name>.debug_info</name>
         <load_address>0x8966</load_address>
         <run_address>0x8966</run_address>
         <size>0x2c</size>
         <input_file_ref idref="fl-4"/>
      </object_component>
      <object_component id="oc-25f">
         <name>.debug_info</name>
         <load_address>0x8992</load_address>
         <run_address>0x8992</run_address>
         <size>0x35</size>
         <input_file_ref idref="fl-4"/>
      </object_component>
      <object_component id="oc-b2">
         <name>.debug_info</name>
         <load_address>0x89c7</load_address>
         <run_address>0x89c7</run_address>
         <size>0x123</size>
         <input_file_ref idref="fl-5"/>
      </object_component>
      <object_component id="oc-2a3">
         <name>.debug_info</name>
         <load_address>0x8aea</load_address>
         <run_address>0x8aea</run_address>
         <size>0x921</size>
         <input_file_ref idref="fl-6"/>
      </object_component>
      <object_component id="oc-2c0">
         <name>.debug_info</name>
         <load_address>0x940b</load_address>
         <run_address>0x940b</run_address>
         <size>0x105</size>
         <input_file_ref idref="fl-6"/>
      </object_component>
      <object_component id="oc-2c3">
         <name>.debug_info</name>
         <load_address>0x9510</load_address>
         <run_address>0x9510</run_address>
         <size>0x111</size>
         <input_file_ref idref="fl-6"/>
      </object_component>
      <object_component id="oc-509">
         <name>.debug_info</name>
         <load_address>0x9621</load_address>
         <run_address>0x9621</run_address>
         <size>0xe6</size>
         <input_file_ref idref="fl-6"/>
      </object_component>
      <object_component id="oc-139">
         <name>.debug_info</name>
         <load_address>0x9707</load_address>
         <run_address>0x9707</run_address>
         <size>0x3d8</size>
         <input_file_ref idref="fl-6"/>
      </object_component>
      <object_component id="oc-29d">
         <name>.debug_info</name>
         <load_address>0x9adf</load_address>
         <run_address>0x9adf</run_address>
         <size>0x2e4</size>
         <input_file_ref idref="fl-6"/>
      </object_component>
      <object_component id="oc-13f">
         <name>.debug_info</name>
         <load_address>0x9dc3</load_address>
         <run_address>0x9dc3</run_address>
         <size>0x240</size>
         <input_file_ref idref="fl-6"/>
      </object_component>
      <object_component id="oc-3d4">
         <name>.debug_info</name>
         <load_address>0xa003</load_address>
         <run_address>0xa003</run_address>
         <size>0x285</size>
         <input_file_ref idref="fl-6"/>
      </object_component>
      <object_component id="oc-3da">
         <name>.debug_info</name>
         <load_address>0xa288</load_address>
         <run_address>0xa288</run_address>
         <size>0x3e8</size>
         <input_file_ref idref="fl-6"/>
      </object_component>
      <object_component id="oc-3e0">
         <name>.debug_info</name>
         <load_address>0xa670</load_address>
         <run_address>0xa670</run_address>
         <size>0x2a0</size>
         <input_file_ref idref="fl-6"/>
      </object_component>
      <object_component id="oc-3e7">
         <name>.debug_info</name>
         <load_address>0xa910</load_address>
         <run_address>0xa910</run_address>
         <size>0x2a0</size>
         <input_file_ref idref="fl-6"/>
      </object_component>
      <object_component id="oc-3ed">
         <name>.debug_info</name>
         <load_address>0xabb0</load_address>
         <run_address>0xabb0</run_address>
         <size>0x2d1</size>
         <input_file_ref idref="fl-6"/>
      </object_component>
      <object_component id="oc-3f2">
         <name>.debug_info</name>
         <load_address>0xae81</load_address>
         <run_address>0xae81</run_address>
         <size>0x1ee</size>
         <input_file_ref idref="fl-6"/>
      </object_component>
      <object_component id="oc-3f8">
         <name>.debug_info</name>
         <load_address>0xb06f</load_address>
         <run_address>0xb06f</run_address>
         <size>0x1a9</size>
         <input_file_ref idref="fl-6"/>
      </object_component>
      <object_component id="oc-3fe">
         <name>.debug_info</name>
         <load_address>0xb218</load_address>
         <run_address>0xb218</run_address>
         <size>0x219</size>
         <input_file_ref idref="fl-6"/>
      </object_component>
      <object_component id="oc-3c9">
         <name>.debug_info</name>
         <load_address>0xb431</load_address>
         <run_address>0xb431</run_address>
         <size>0x37e2</size>
         <input_file_ref idref="fl-6"/>
      </object_component>
      <object_component id="oc-4fd">
         <name>.debug_info</name>
         <load_address>0xec13</load_address>
         <run_address>0xec13</run_address>
         <size>0x867</size>
         <input_file_ref idref="fl-7"/>
      </object_component>
      <object_component id="oc-3b7">
         <name>.debug_info</name>
         <load_address>0xf47a</load_address>
         <run_address>0xf47a</run_address>
         <size>0xf9</size>
         <input_file_ref idref="fl-7"/>
      </object_component>
      <object_component id="oc-279">
         <name>.debug_info</name>
         <load_address>0xf573</load_address>
         <run_address>0xf573</run_address>
         <size>0x250</size>
         <input_file_ref idref="fl-7"/>
      </object_component>
      <object_component id="oc-27f">
         <name>.debug_info</name>
         <load_address>0xf7c3</load_address>
         <run_address>0xf7c3</run_address>
         <size>0x219</size>
         <input_file_ref idref="fl-7"/>
      </object_component>
      <object_component id="oc-291">
         <name>.debug_info</name>
         <load_address>0xf9dc</load_address>
         <run_address>0xf9dc</run_address>
         <size>0x210</size>
         <input_file_ref idref="fl-7"/>
      </object_component>
      <object_component id="oc-297">
         <name>.debug_info</name>
         <load_address>0xfbec</load_address>
         <run_address>0xfbec</run_address>
         <size>0x1c3</size>
         <input_file_ref idref="fl-7"/>
      </object_component>
      <object_component id="oc-7b">
         <name>.debug_info</name>
         <load_address>0xfdaf</load_address>
         <run_address>0xfdaf</run_address>
         <size>0x2c3</size>
         <input_file_ref idref="fl-8"/>
      </object_component>
      <object_component id="oc-27">
         <name>.debug_info</name>
         <load_address>0x10072</load_address>
         <run_address>0x10072</run_address>
         <size>0xef</size>
         <input_file_ref idref="fl-8"/>
      </object_component>
      <object_component id="oc-68">
         <name>.debug_info</name>
         <load_address>0x10161</load_address>
         <run_address>0x10161</run_address>
         <size>0x152</size>
         <input_file_ref idref="fl-8"/>
      </object_component>
      <object_component id="oc-6e">
         <name>.debug_info</name>
         <load_address>0x102b3</load_address>
         <run_address>0x102b3</run_address>
         <size>0x13a</size>
         <input_file_ref idref="fl-8"/>
      </object_component>
      <object_component id="oc-1b7">
         <name>.debug_info</name>
         <load_address>0x103ed</load_address>
         <run_address>0x103ed</run_address>
         <size>0x561</size>
         <input_file_ref idref="fl-14"/>
      </object_component>
      <object_component id="oc-2ae">
         <name>.debug_info</name>
         <load_address>0x1094e</load_address>
         <run_address>0x1094e</run_address>
         <size>0x1ef</size>
         <input_file_ref idref="fl-14"/>
      </object_component>
      <object_component id="oc-2b4">
         <name>.debug_info</name>
         <load_address>0x10b3d</load_address>
         <run_address>0x10b3d</run_address>
         <size>0x203</size>
         <input_file_ref idref="fl-14"/>
      </object_component>
      <object_component id="oc-2bb">
         <name>.debug_info</name>
         <load_address>0x10d40</load_address>
         <run_address>0x10d40</run_address>
         <size>0x1d0</size>
         <input_file_ref idref="fl-14"/>
      </object_component>
      <object_component id="oc-103">
         <name>.debug_info</name>
         <load_address>0x10f10</load_address>
         <run_address>0x10f10</run_address>
         <size>0x1f6</size>
         <input_file_ref idref="fl-14"/>
      </object_component>
      <object_component id="oc-c0">
         <name>.debug_info</name>
         <load_address>0x11106</load_address>
         <run_address>0x11106</run_address>
         <size>0x1c3</size>
         <input_file_ref idref="fl-14"/>
      </object_component>
      <object_component id="oc-30b">
         <name>.debug_info</name>
         <load_address>0x112c9</load_address>
         <run_address>0x112c9</run_address>
         <size>0x26b</size>
         <input_file_ref idref="fl-14"/>
      </object_component>
      <object_component id="oc-1ef">
         <name>.debug_info</name>
         <load_address>0x11534</load_address>
         <run_address>0x11534</run_address>
         <size>0x439</size>
         <input_file_ref idref="fl-14"/>
      </object_component>
      <object_component id="oc-302">
         <name>.debug_info</name>
         <load_address>0x1196d</load_address>
         <run_address>0x1196d</run_address>
         <size>0x297</size>
         <input_file_ref idref="fl-14"/>
      </object_component>
      <object_component id="oc-1a6">
         <name>.debug_info</name>
         <load_address>0x11c04</load_address>
         <run_address>0x11c04</run_address>
         <size>0xef</size>
         <input_file_ref idref="fl-14"/>
      </object_component>
      <object_component id="oc-1ab">
         <name>.debug_info</name>
         <load_address>0x11cf3</load_address>
         <run_address>0x11cf3</run_address>
         <size>0xbb</size>
         <input_file_ref idref="fl-14"/>
      </object_component>
      <object_component id="oc-308">
         <name>.debug_info</name>
         <load_address>0x11dae</load_address>
         <run_address>0x11dae</run_address>
         <size>0x3fb</size>
         <input_file_ref idref="fl-15"/>
      </object_component>
      <object_component id="oc-1e8">
         <name>.debug_info</name>
         <load_address>0x121a9</load_address>
         <run_address>0x121a9</run_address>
         <size>0x203</size>
         <input_file_ref idref="fl-15"/>
      </object_component>
      <object_component id="oc-365">
         <name>.debug_info</name>
         <load_address>0x123ac</load_address>
         <run_address>0x123ac</run_address>
         <size>0x221</size>
         <input_file_ref idref="fl-15"/>
      </object_component>
      <object_component id="oc-4db">
         <name>.debug_info</name>
         <load_address>0x125cd</load_address>
         <run_address>0x125cd</run_address>
         <size>0x21d</size>
         <input_file_ref idref="fl-15"/>
      </object_component>
      <object_component id="oc-390">
         <name>.debug_info</name>
         <load_address>0x127ea</load_address>
         <run_address>0x127ea</run_address>
         <size>0x200</size>
         <input_file_ref idref="fl-15"/>
      </object_component>
      <object_component id="oc-24a">
         <name>.debug_info</name>
         <load_address>0x129ea</load_address>
         <run_address>0x129ea</run_address>
         <size>0x1e3</size>
         <input_file_ref idref="fl-15"/>
      </object_component>
      <object_component id="oc-1b1">
         <name>.debug_info</name>
         <load_address>0x12bcd</load_address>
         <run_address>0x12bcd</run_address>
         <size>0x1db</size>
         <input_file_ref idref="fl-15"/>
      </object_component>
      <object_component id="oc-40a">
         <name>.debug_info</name>
         <load_address>0x12da8</load_address>
         <run_address>0x12da8</run_address>
         <size>0x279</size>
         <input_file_ref idref="fl-16"/>
      </object_component>
      <object_component id="oc-406">
         <name>.debug_info</name>
         <load_address>0x13021</load_address>
         <run_address>0x13021</run_address>
         <size>0x129</size>
         <input_file_ref idref="fl-16"/>
      </object_component>
      <object_component id="oc-2c6">
         <name>.debug_info</name>
         <load_address>0x1314a</load_address>
         <run_address>0x1314a</run_address>
         <size>0x126</size>
         <input_file_ref idref="fl-16"/>
      </object_component>
      <object_component id="oc-38c">
         <name>.debug_info</name>
         <load_address>0x13270</load_address>
         <run_address>0x13270</run_address>
         <size>0x4f5</size>
         <input_file_ref idref="fl-17"/>
      </object_component>
      <object_component id="oc-22b">
         <name>.debug_info</name>
         <load_address>0x13765</load_address>
         <run_address>0x13765</run_address>
         <size>0x22a</size>
         <input_file_ref idref="fl-17"/>
      </object_component>
      <object_component id="oc-230">
         <name>.debug_info</name>
         <load_address>0x1398f</load_address>
         <run_address>0x1398f</run_address>
         <size>0x1fe</size>
         <input_file_ref idref="fl-17"/>
      </object_component>
      <object_component id="oc-1ee">
         <name>.debug_info</name>
         <load_address>0x13b8d</load_address>
         <run_address>0x13b8d</run_address>
         <size>0x4ba</size>
         <input_file_ref idref="fl-18"/>
      </object_component>
      <object_component id="oc-1dc">
         <name>.debug_info</name>
         <load_address>0x14047</load_address>
         <run_address>0x14047</run_address>
         <size>0x1c5</size>
         <input_file_ref idref="fl-18"/>
      </object_component>
      <object_component id="oc-cc">
[...]
         <object_component_ref idref="oc-22f"/>
      </symbol>
      <symbol id="sm-3d6">
         <name>Graphics_drawString</name>
         <value>0xb33</value>
         <object_component_ref idref="oc-cb"/>
      </symbol>
      <symbol id="sm-3f7">
         <name>Graphics_drawLineH</name>
         <value>0x2e79</value>
         <object_component_ref idref="oc-1e1"/>
      </symbol>
      <symbol id="sm-3f8">
         <name>Graphics_drawLineV</name>
         <value>0x2f15</value>
         <object_component_ref idref="oc-385"/>
      </symbol>
      <symbol id="sm-47f">
         <name>ADC14_configureMultiSequenceMode</name>
         <value>0x2b25</value>
         <object_component_ref idref="oc-14a"/>
      </symbol>
      <symbol id="sm-480">
         <name>ADC14_configureConversionMemory</name>
         <value>0x2a71</value>
         <object_component_ref idref="oc-150"/>
      </symbol>
      <symbol id="sm-481">
         <name>ADC14_getResult</name>
         <value>0x400d</value>
         <object_component_ref idref="oc-b9"/>
      </symbol>
      <symbol id="sm-4ba">
         <name>GPIO_setOutputHighOnPin</name>
         <value>0x405d</value>
         <object_component_ref idref="oc-28a"/>
      </symbol>
      <symbol id="sm-4bb">
         <name>GPIO_setAsOutputPin</name>
         <value>0x3b65</value>
         <object_component_ref idref="oc-3a3"/>
      </symbol>
      <symbol id="sm-4bc">
         <name>GPIO_setOutputLowOnPin</name>
         <value>0x4085</value>
         <object_component_ref idref="oc-284"/>
      </symbol>
      <symbol id="sm-4bd">
         <name>GPIO_setAsPeripheralModuleFunctionOutputPin</name>
         <value>0x320d</value>
         <object_component_ref idref="oc-39d"/>
      </symbol>
      <symbol id="sm-4fe">
         <name>EUSCI_B_SPI_enable</name>
         <value>0x41db</value>
         <object_component_ref idref="oc-4f4"/>
      </symbol>
      <symbol id="sm-4ff">
         <name>SPI_enableModule</name>
         <value>0x40ef</value>
         <object_component_ref idref="oc-3b0"/>
      </symbol>
      <symbol id="sm-500">
         <name>EUSCI_A_SPI_enable</name>
         <value>0x41c5</value>
         <object_component_ref idref="oc-4ee"/>
      </symbol>
      <symbol id="sm-501">
         <name>SPI_initMaster</name>
         <value>0x2c8b</value>
         <object_component_ref idref="oc-3aa"/>
      </symbol>
      <symbol id="sm-542">
         <name>Timer32_startTimer</name>
         <value>0x3d1d</value>
         <object_component_ref idref="oc-21c"/>
      </symbol>
      <symbol id="sm-543">
         <name>Timer32_setCount</name>
         <value>0x3df9</value>
         <object_component_ref idref="oc-216"/>
      </symbol>
      <symbol id="sm-544">
         <name>Timer32_getValue</name>
         <value>0x42a5</value>
         <object_component_ref idref="oc-222"/>
      </symbol>
      <symbol id="sm-545">
         <name>Timer32_haltTimer</name>
         <value>0x4247</value>
         <object_component_ref idref="oc-210"/>
      </symbol>
      <symbol id="sm-546">
         <name>Timer32_disableInterrupt</name>
         <value>0x4233</value>
         <object_component_ref idref="oc-2d8"/>
      </symbol>
      <symbol id="sm-547">
         <name>Timer32_initModule</name>
         <value>0x3505</value>
         <object_component_ref idref="oc-2d2"/>
      </symbol>
      <symbol id="sm-571">
         <name>scalbn</name>
         <value>0x2759</value>
         <object_component_ref idref="oc-490"/>
      </symbol>
      <symbol id="sm-572">
         <name>scalbnl</name>
         <value>0x2759</value>
         <object_component_ref idref="oc-490"/>
      </symbol>
      <symbol id="sm-573">
         <name>ldexpl</name>
         <value>0x2759</value>
         <object_component_ref idref="oc-490"/>
      </symbol>
      <symbol id="sm-574">
         <name>ldexp</name>
         <value>0x2759</value>
         <object_component_ref idref="oc-490"/>
      </symbol>
      <symbol id="sm-5a3">
         <name>snprintf</name>
         <value>0x38e9</value>
         <object_component_ref idref="oc-c5"/>
      </symbol>
      <symbol id="sm-5ba">
         <name>__aeabi_dsub</name>
         <value>0x1905</value>
         <object_component_ref idref="oc-46a"/>
      </symbol>
      <symbol id="sm-5bb">
         <name>__aeabi_dadd</name>
         <value>0x190f</value>
         <object_component_ref idref="oc-46a"/>
      </symbol>
      <symbol id="sm-5dd">
         <name>__aeabi_cdcmpeq</name>
         <value>0x3295</value>
         <object_component_ref idref="oc-322"/>
      </symbol>
      <symbol id="sm-5de">
         <name>__aeabi_cdcmple</name>
         <value>0x3295</value>
         <object_component_ref idref="oc-322"/>
      </symbol>
      <symbol id="sm-5df">
         <name>__aeabi_cdrcmple</name>
         <value>0x331b</value>
         <object_component_ref idref="oc-455"/>
      </symbol>
      <symbol id="sm-5f3">
         <name>__aeabi_ddiv</name>
         <value>0x2189</value>
         <object_component_ref idref="oc-450"/>
      </symbol>
      <symbol id="sm-5fe">
         <name>__aeabi_dmul</name>
         <value>0x2975</value>
         <object_component_ref idref="oc-44b"/>
      </symbol>
      <symbol id="sm-608">
         <name>__aeabi_i2d</name>
         <value>0x3f59</value>
         <object_component_ref idref="oc-465"/>
      </symbol>
      <symbol id="sm-623">
         <name>memcpy</name>
         <value>0x304d</value>
         <object_component_ref idref="oc-37"/>
      </symbol>
      <symbol id="sm-624">
         <name>__aeabi_memcpy</name>
         <value>0x304d</value>
         <object_component_ref idref="oc-37"/>
      </symbol>
      <symbol id="sm-625">
         <name>__aeabi_memcpy8</name>
         <value>0x304d</value>
         <object_component_ref idref="oc-37"/>
      </symbol>
      <symbol id="sm-626">
         <name>__aeabi_memcpy4</name>
         <value>0x304d</value>
         <object_component_ref idref="oc-37"/>
      </symbol>
      <symbol id="sm-63d">
         <name>__TI_zero_init</name>
         <value>0x42db</value>
         <object_component_ref idref="oc-49"/>
      </symbol>
      <symbol id="sm-654">
         <name>__TI_decompress_none</name>
         <value>0x42c1</value>
         <object_component_ref idref="oc-1d"/>
      </symbol>
      <symbol id="sm-677">
         <name>__TI_decompress_lzss</name>
         <value>0x356d</value>
         <object_component_ref idref="oc-17"/>
      </symbol>
      <symbol id="sm-69c">
         <name>rand</name>
         <value>0x3e95</value>
         <object_component_ref idref="oc-200"/>
      </symbol>
      <symbol id="sm-69d">
         <name>srand</name>
         <value>0x40ad</value>
         <object_component_ref idref="oc-1fa"/>
      </symbol>
      <symbol id="sm-6b5">
         <name>__time32</name>
         <value>0x42b3</value>
         <object_component_ref idref="oc-1f4"/>
      </symbol>
      <symbol id="sm-6b6">
         <name>time</name>
         <value>0x42b3</value>
         <object_component_ref idref="oc-1f4"/>
      </symbol>
      <symbol id="sm-6cc">
         <name>__aeabi_errno_addr</name>
         <value>0x42f1</value>
         <object_component_ref idref="oc-34b"/>
      </symbol>
      <symbol id="sm-6cd">
         <name>errno</name>
         <value>0x20008198</value>
         <object_component_ref idref="oc-4a6"/>
      </symbol>
      <symbol id="sm-6e0">
         <name>__stack</name>
         <value>0x2000fe00</value>
         <object_component_ref idref="oc-29"/>
      </symbol>
      <symbol id="sm-6e1">
         <name>_c_int00_noargs</name>
         <value>0x3e61</value>
         <object_component_ref idref="oc-55"/>
      </symbol>
      <symbol id="sm-6eb">
         <name>copysign</name>
         <value>0x4193</value>
         <object_component_ref idref="oc-53f"/>
      </symbol>
      <symbol id="sm-6ec">
         <name>copysignl</name>
         <value>0x4193</value>
         <object_component_ref idref="oc-53f"/>
      </symbol>
      <symbol id="sm-851">
         <name>__TI_printfi</name>
         <value>0xe5</value>
         <object_component_ref idref="oc-1b8"/>
      </symbol>
      <symbol id="sm-860">
         <name>__aeabi_memset</name>
         <value>0x33a3</value>
         <object_component_ref idref="oc-93"/>
      </symbol>
      <symbol id="sm-861">
         <name>memset</name>
         <value>0x33a9</value>
         <object_component_ref idref="oc-93"/>
      </symbol>
      <symbol id="sm-862">
         <name>__aeabi_memset8</name>
         <value>0x33a3</value>
         <object_component_ref idref="oc-93"/>
      </symbol>
      <symbol id="sm-863">
         <name>__aeabi_memset4</name>
         <value>0x33a3</value>
         <object_component_ref idref="oc-93"/>
      </symbol>
      <symbol id="sm-864">
         <name>__aeabi_memclr8</name>
         <value>0x33a1</value>
         <object_component_ref idref="oc-93"/>
      </symbol>
      <symbol id="sm-865">
         <name>__aeabi_memclr4</name>
         <value>0x33a1</value>
         <object_component_ref idref="oc-93"/>
      </symbol>
      <symbol id="sm-866">
         <name>__aeabi_memclr</name>
         <value>0x33a1</value>
         <object_component_ref idref="oc-93"/>
      </symbol>
      <symbol id="sm-870">
         <name>__aeabi_d2iz</name>
         <value>0x3a55</value>
         <object_component_ref idref="oc-45a"/>
      </symbol>
      <symbol id="sm-87d">
         <name>__aeabi_uldivmod</name>
         <value>0x30e9</value>
         <object_component_ref idref="oc-444"/>
      </symbol>
      <symbol id="sm-8a5">
         <name>__TI_auto_init_nobinit_nopinit</name>
         <value>0x3a9d</value>
         <object_component_ref idref="oc-169"/>
      </symbol>
      <symbol id="sm-8af">
         <name>_system_pre_init</name>
         <value>0x42f9</value>
         <object_component_ref idref="oc-99"/>
      </symbol>
      <symbol id="sm-8bb">
         <name>C$$EXIT</name>
         <value>0x42fd</value>
         <object_component_ref idref="oc-15d"/>
      </symbol>
      <symbol id="sm-8bc">
         <name>abort</name>
         <value>0x42fd</value>
         <object_component_ref idref="oc-15d"/>
      </symbol>
      <symbol id="sm-8d1">
         <name>_nop</name>
         <value>0x22bf</value>
         <object_component_ref idref="oc-41c"/>
      </symbol>
      <symbol id="sm-8d2">
         <name>_lock</name>
         <value>0x20008188</value>
         <object_component_ref idref="oc-2e3"/>
      </symbol>
      <symbol id="sm-8d3">
         <name>_unlock</name>
         <value>0x2000818c</value>
         <object_component_ref idref="oc-2e3"/>
      </symbol>
      <symbol id="sm-8e2">
         <name>__TI_ltoa</name>
         <value>0x37a5</value>
         <object_component_ref idref="oc-45f"/>
      </symbol>
      <symbol id="sm-8f9">
         <name>atoi</name>
         <value>0x389d</value>
         <object_component_ref idref="oc-316"/>
      </symbol>
      <symbol id="sm-904">
         <name>_ctypes_</name>
         <value>0x4830</value>
         <object_component_ref idref="oc-43f"/>
      </symbol>
      <symbol id="sm-914">
         <name>memccpy</name>
         <value>0x4129</value>
         <object_component_ref idref="oc-33f"/>
      </symbol>
      <symbol id="sm-924">
         <name>strchr</name>
         <value>0x421d</value>
         <object_component_ref idref="oc-496"/>
      </symbol>
      <symbol id="sm-932">
         <name>strlen</name>
         <value>0x425b</value>
         <object_component_ref idref="oc-310"/>
      </symbol>
      <symbol id="sm-94a">
         <name>HOSTtime</name>
         <value>0x3935</value>
         <object_component_ref idref="oc-36d"/>
      </symbol>
      <symbol id="sm-96e">
         <name>__TI_readmsg</name>
         <value>0x3e2d</value>
         <object_component_ref idref="oc-4c0"/>
      </symbol>
      <symbol id="sm-96f">
         <name>C$$IO$$</name>
         <value>0x3d83</value>
         <object_component_ref idref="oc-4ba"/>
      </symbol>
      <symbol id="sm-970">
         <name>__CIOBUF_</name>
         <value>0x20008000</value>
         <object_component_ref idref="oc-55b"/>
      </symbol>
      <symbol id="sm-971">
         <name>__TI_writemsg</name>
         <value>0x3d55</value>
         <object_component_ref idref="oc-4ba"/>
      </symbol>
      <symbol id="sm-987">
         <name>frexpl</name>
         <value>0x35d5</value>
         <object_component_ref idref="oc-48a"/>
      </symbol>
      <symbol id="sm-988">
         <name>frexp</name>
         <value>0x35d5</value>
         <object_component_ref idref="oc-48a"/>
      </symbol>
      <symbol id="sm-9a1">
         <name>wcslen</name>
         <value>0x4281</value>
         <object_component_ref idref="oc-345"/>
      </symbol>
      <symbol id="sm-9ab">
         <name>__aeabi_idiv0</name>
         <value>0x2757</value>
         <object_component_ref idref="oc-526"/>
      </symbol>
      <symbol id="sm-9ac">
         <name>__aeabi_ldiv0</name>
         <value>0x2757</value>
         <object_component_ref idref="oc-526"/>
      </symbol>
      <symbol id="sm-9b2">
         <name>parmbuf</name>
         <value>0x20008144</value>
      </symbol>
      <symbol id="sm-9b3">
         <name>__TI_static_base__</name>
         <value>0x0</value>
      </symbol>
      <symbol id="sm-9b6">
         <name>__mpu_init</name>
         <value>0x0</value>
      </symbol>
      <symbol id="sm-9b7">
         <name>_system_post_cinit</name>
         <value>0x0</value>
      </symbol>
      <symbol id="sm-9b8">
         <name>NMI_Handler</name>
         <value>0x1abb</value>
      </symbol>
      <symbol id="sm-9b9">
         <name>HardFault_Handler</name>
         <value>0x1abb</value>
      </symbol>
      <symbol id="sm-9ba">
         <name>MemManage_Handler</name>
         <value>0x1abb</value>
      </symbol>
      <symbol id="sm-9bb">
         <name>BusFault_Handler</name>
         <value>0x1abb</value>
      </symbol>
      <symbol id="sm-9bc">
         <name>UsageFault_Handler</name>
         <value>0x1abb</value>
      </symbol>
      <symbol id="sm-9bd">
         <name>SVC_Handler</name>
         <value>0x1abb</value>
      </symbol>
      <symbol id="sm-9be">
         <name>DebugMon_Handler</name>
         <value>0x1abb</value>
      </symbol>
      <symbol id="sm-9bf">
         <name>PendSV_Handler</name>
         <value>0x1abb</value>
      </symbol>
      <symbol id="sm-9c0">
         <name>SysTick_Handler</name>
         <value>0x1abb</value>
      </symbol>
      <symbol id="sm-9c1">
         <name>PSS_IRQHandler</name>
         <value>0x1abb</value>
      </symbol>
      <symbol id="sm-9c2">
         <name>CS_IRQHandler</name>
         <value>0x1abb</value>
      </symbol>
      <symbol id="sm-9c3">
         <name>PCM_IRQHandler</name>
         <value>0x1abb</value>
      </symbol>
      <symbol id="sm-9c4">
         <name>WDT_A_IRQHandler</name>
         <value>0x1abb</value>
      </symbol>
      <symbol id="sm-9c5">
         <name>FPU_IRQHandler</name>
         <value>0x1abb</value>
      </symbol>
      <symbol id="sm-9c6">
         <name>FLCTL_IRQHandler</name>
         <value>0x1abb</value>
      </symbol>
      <symbol id="sm-9c7">
         <name>COMP_E0_IRQHandler</name>
         <value>0x1abb</value>
      </symbol>
      <symbol id="sm-9c8">
         <name>COMP_E1_IRQHandler</name>
         <value>0x1abb</value>
      </symbol>
      <symbol id="sm-9c9">
         <name>TA0_0_IRQHandler</name>
         <value>0x1abb</value>
      </symbol>
      <symbol id="sm-9ca">
         <name>TA0_N_IRQHandler</name>
         <value>0x1abb</value>
      </symbol>
      <symbol id="sm-9cb">
         <name>TA1_0_IRQHandler</name>
         <value>0x1abb</value>
      </symbol>
      <symbol id="sm-9cc">
         <name>TA1_N_IRQHandler</name>
         <value>0x1abb</value>
      </symbol>
      <symbol id="sm-9cd">
         <name>TA2_0_IRQHandler</name>
         <value>0x1abb</value>
      </symbol>
      <symbol id="sm-9ce">
         <name>TA2_N_IRQHandler</name>
         <value>0x1abb</value>
      </symbol>
      <symbol id="sm-9cf">
         <name>TA3_0_IRQHandler</name>
         <value>0x1abb</value>
      </symbol>
      <symbol id="sm-9d0">
         <name>TA3_N_IRQHandler</name>
         <value>0x1abb</value>
      </symbol>
      <symbol id="sm-9d1">
         <name>EUSCIA0_IRQHandler</name>
         <value>0x1abb</value>
      </symbol>
      <symbol id="sm-9d2">
         <name>EUSCIA1_IRQHandler</name>
         <value>0x1abb</value>
      </symbol>
      <symbol id="sm-9d3">
         <name>EUSCIA2_IRQHandler</name>
         <value>0x1abb</value>
      </symbol>
      <symbol id="sm-9d4">
         <name>EUSCIA3_IRQHandler</name>
         <value>0x1abb</value>
      </symbol>
      <symbol id="sm-9d5">
         <name>EUSCIB0_IRQHandler</name>
         <value>0x1abb</value>
      </symbol>
      <symbol id="sm-9d6">
         <name>EUSCIB1_IRQHandler</name>
         <value>0x1abb</value>
      </symbol>
      <symbol id="sm-9d7">
         <name>EUSCIB2_IRQHandler</name>
         <value>0x1abb</value>
      </symbol>
      <symbol id="sm-9d8">
         <name>EUSCIB3_IRQHandler</name>
         <value>0x1abb</value>
      </symbol>
      <symbol id="sm-9d9">
         <name>ADC14_IRQHandler</name>
         <value>0xfb1</value>
      </symbol>
      <symbol id="sm-9da">
         <name>T32_INT1_IRQHandler</name>
         <value>0x1abb</value>
      </symbol>
      <symbol id="sm-9db">
         <name>T32_INT2_IRQHandler</name>
         <value>0x1abb</value>
      </symbol>
      <symbol id="sm-9dc">
         <name>T32_INTC_IRQHandler</name>
         <value>0x1abb</value>
      </symbol>
      <symbol id="sm-9dd">
         <name>AES256_IRQHandler</name>
         <value>0x1abb</value>
      </symbol>
      <symbol id="sm-9de">
         <name>RTC_C_IRQHandler</name>
         <value>0x1abb</value>
      </symbol>
      <symbol id="sm-9df">
         <name>DMA_ERR_IRQHandler</name>
         <value>0x1abb</value>
      </symbol>
      <symbol id="sm-9e0">
         <name>DMA_INT3_IRQHandler</name>
         <value>0x1abb</value>
      </symbol>
      <symbol id="sm-9e1">
         <name>DMA_INT2_IRQHandler</name>
         <value>0x1abb</value>
      </symbol>
      <symbol id="sm-9e2">
         <name>DMA_INT1_IRQHandler</name>
         <value>0x1abb</value>
      </symbol>
      <symbol id="sm-9e3">
         <name>DMA_INT0_IRQHandler</name>
         <value>0x1abb</value>
      </symbol>
      <symbol id="sm-9e4">
         <name>PORT1_IRQHandler</name>
         <value>0x1abb</value>
      </symbol>
      <symbol id="sm-9e5">
         <name>PORT2_IRQHandler</name>
         <value>0x1abb</value>
      </symbol>
      <symbol id="sm-9e6">
         <name>PORT3_IRQHandler</name>
         <value>0x1abb</value>
      </symbol>
      <symbol id="sm-9e7">
         <name>PORT4_IRQHandler</name>
         <value>0x1abb</value>
      </symbol>
      <symbol id="sm-9e8">
         <name>PORT5_IRQHandler</name>
         <value>0x1abb</value>
      </symbol>
      <symbol id="sm-9e9">
         <name>PORT6_IRQHandler</name>
         <value>0x1abb</value>
      </symbol>
   </symbol_table>
   <title>Link successful</title>
</link_info>
